12-19 18:43:43.483  8788  8788 I SurfaceView: updateSystemUiVisibility, blackBackground = false, viewVisibility = 0, appBounds = Rect(0, 0 - 1080, 2160), mScreenRect = Rect(0, 1021 - 1080, 2941), surface = com.ysdq.video.widget.SurfaceRenderView{4026e4e V.E...... ........ 0,-18-1080,1902}
12-19 18:43:43.516  8788  8788 I SurfaceView: updateSystemUiVisibility, blackBackground = false, viewVisibility = 0, appBounds = Rect(0, 0 - 1080, 2160), mScreenRect = Rect(0, 920 - 1080, 2840), surface = com.ysdq.video.widget.SurfaceRenderView{4026e4e V.E...... ........ 0,-18-1080,1902}
12-19 18:43:43.549  8788  8788 I SurfaceView: updateSystemUiVisibility, blackBackground = false, viewVisibility = 0, appBounds = Rect(0, 0 - 1080, 2160), mScreenRect = Rect(0, 822 - 1080, 2742), surface = com.ysdq.video.widget.SurfaceRenderView{4026e4e V.E...... ........ 0,-18-1080,1902}
12-19 18:43:43.566  8788  8788 I SurfaceView: updateSystemUiVisibility, blackBackground = false, viewVisibility = 0, appBounds = Rect(0, 0 - 1080, 2160), mScreenRect = Rect(0, 724 - 1080, 2644), surface = com.ysdq.video.widget.SurfaceRenderView{4026e4e V.E...... ........ 0,-18-1080,1902}
12-19 18:43:43.582  8788  8788 I SurfaceView: updateSystemUiVisibility, blackBackground = false, viewVisibility = 0, appBounds = Rect(0, 0 - 1080, 2160), mScreenRect = Rect(0, 632 - 1080, 2552), surface = com.ysdq.video.widget.SurfaceRenderView{4026e4e V.E...... ........ 0,-18-1080,1902}
12-19 18:43:43.599  8788  8788 I SurfaceView: updateSystemUiVisibility, blackBackground = false, viewVisibility = 0, appBounds = Rect(0, 0 - 1080, 2160), mScreenRect = Rect(0, 551 - 1080, 2471), surface = com.ysdq.video.widget.SurfaceRenderView{4026e4e V.E...... ........ 0,-18-1080,1902}
12-19 18:43:43.615  8788  8788 I SurfaceView: updateSystemUiVisibility, blackBackground = false, viewVisibility = 0, appBounds = Rect(0, 0 - 1080, 2160), mScreenRect = Rect(0, 470 - 1080, 2390), surface = com.ysdq.video.widget.SurfaceRenderView{4026e4e V.E...... ........ 0,-18-1080,1902}
12-19 18:43:43.633  8788  8788 I SurfaceView: updateSystemUiVisibility, blackBackground = false, viewVisibility = 0, appBounds = Rect(0, 0 - 1080, 2160), mScreenRect = Rect(0, 400 - 1080, 2320), surface = com.ysdq.video.widget.SurfaceRenderView{4026e4e V.E...... ........ 0,-18-1080,1902}
12-19 18:43:43.648  8788  8788 I SurfaceView: updateSystemUiVisibility, blackBackground = false, viewVisibility = 0, appBounds = Rect(0, 0 - 1080, 2160), mScreenRect = Rect(0, 332 - 1080, 2252), surface = com.ysdq.video.widget.SurfaceRenderView{4026e4e V.E...... ........ 0,-18-1080,1902}
12-19 18:43:43.667  8788  8788 I SurfaceView: updateSystemUiVisibility, blackBackground = false, viewVisibility = 0, appBounds = Rect(0, 0 - 1080, 2160), mScreenRect = Rect(0, 270 - 1080, 2190), surface = com.ysdq.video.widget.SurfaceRenderView{4026e4e V.E...... ........ 0,-18-1080,1902}
12-19 18:43:43.682  8788  8788 I SurfaceView: updateSystemUiVisibility, blackBackground = false, viewVisibility = 0, appBounds = Rect(0, 0 - 1080, 2160), mScreenRect = Rect(0, 216 - 1080, 2136), surface = com.ysdq.video.widget.SurfaceRenderView{4026e4e V.E...... ........ 0,-18-1080,1902}
12-19 18:43:43.699  8788  8788 I SurfaceView: updateSystemUiVisibility, blackBackground = false, viewVisibility = 0, appBounds = Rect(0, 0 - 1080, 2160), mScreenRect = Rect(0, 166 - 1080, 2086), surface = com.ysdq.video.widget.SurfaceRenderView{4026e4e V.E...... ........ 0,-18-1080,1902}
12-19 18:43:43.715  8788  8788 I SurfaceView: updateSystemUiVisibility, blackBackground = false, viewVisibility = 0, appBounds = Rect(0, 0 - 1080, 2160), mScreenRect = Rect(0, 122 - 1080, 2042), surface = com.ysdq.video.widget.SurfaceRenderView{4026e4e V.E...... ........ 0,-18-1080,1902}
12-19 18:43:43.731  8788  8788 I SurfaceView: updateSystemUiVisibility, blackBackground = false, viewVisibility = 0, appBounds = Rect(0, 0 - 1080, 2160), mScreenRect = Rect(0, 86 - 1080, 2006), surface = com.ysdq.video.widget.SurfaceRenderView{4026e4e V.E...... ........ 0,-18-1080,1902}
12-19 18:43:43.764  8788  8788 I SurfaceView: updateSystemUiVisibility, blackBackground = false, viewVisibility = 0, appBounds = Rect(0, 0 - 1080, 2160), mScreenRect = Rect(0, 72 - 1080, 1992), surface = com.ysdq.video.widget.SurfaceRenderView{4026e4e V.E...... ........ 0,-18-1080,1902}
12-19 18:43:43.782  8788  8788 I SurfaceView: updateSystemUiVisibility, blackBackground = false, viewVisibility = 0, appBounds = Rect(0, 0 - 1080, 2160), mScreenRect = Rect(0, 50 - 1080, 1970), surface = com.ysdq.video.widget.SurfaceRenderView{4026e4e V.E...... ........ 0,-18-1080,1902}
12-19 18:43:43.798  8788  8788 I SurfaceView: updateSystemUiVisibility, blackBackground = false, viewVisibility = 0, appBounds = Rect(0, 0 - 1080, 2160), mScreenRect = Rect(0, 32 - 1080, 1952), surface = com.ysdq.video.widget.SurfaceRenderView{4026e4e V.E...... ........ 0,-18-1080,1902}
12-19 18:43:43.815  8788  8788 I SurfaceView: updateSystemUiVisibility, blackBackground = false, viewVisibility = 0, appBounds = Rect(0, 0 - 1080, 2160), mScreenRect = Rect(0, 19 - 1080, 1939), surface = com.ysdq.video.widget.SurfaceRenderView{4026e4e V.E...... ........ 0,-18-1080,1902}
12-19 18:43:43.833  8788  8788 I SurfaceView: updateSystemUiVisibility, blackBackground = false, viewVisibility = 0, appBounds = Rect(0, 0 - 1080, 2160), mScreenRect = Rect(0, 8 - 1080, 1928), surface = com.ysdq.video.widget.SurfaceRenderView{4026e4e V.E...... ........ 0,-18-1080,1902}
12-19 18:43:43.849  8788  8788 I SurfaceView: updateSystemUiVisibility, blackBackground = false, viewVisibility = 0, appBounds = Rect(0, 0 - 1080, 2160), mScreenRect = Rect(0, 0 - 1080, 1920), surface = com.ysdq.video.widget.SurfaceRenderView{4026e4e V.E...... ........ 0,-18-1080,1902}
12-19 18:43:43.870  8788  8788 I SurfaceView: updateSystemUiVisibility, blackBackground = false, viewVisibility = 0, appBounds = Rect(0, 0 - 1080, 2160), mScreenRect = Rect(0, -6 - 1080, 1914), surface = com.ysdq.video.widget.SurfaceRenderView{4026e4e V.E...... ........ 0,-18-1080,1902}
12-19 18:43:43.883  8788  8788 I SurfaceView: updateSystemUiVisibility, blackBackground = false, viewVisibility = 0, appBounds = Rect(0, 0 - 1080, 2160), mScreenRect = Rect(0, -10 - 1080, 1910), surface = com.ysdq.video.widget.SurfaceRenderView{4026e4e V.E...... ........ 0,-18-1080,1902}
12-19 18:43:43.916  8788  8788 I SurfaceView: updateSystemUiVisibility, blackBackground = false, viewVisibility = 0, appBounds = Rect(0, 0 - 1080, 2160), mScreenRect = Rect(0, 33 - 1080, 1953), surface = com.ysdq.video.widget.SurfaceRenderView{4026e4e V.E...... ........ 0,-18-1080,1902}
12-19 18:43:43.931  8788  8788 I SurfaceView: updateSystemUiVisibility, blackBackground = false, viewVisibility = 0, appBounds = Rect(0, 0 - 1080, 2160), mScreenRect = Rect(0, 133 - 1080, 2053), surface = com.ysdq.video.widget.SurfaceRenderView{4026e4e V.E...... ........ 0,-18-1080,1902}
12-19 18:43:44.555  8788  8788 I TouchMotionHandler: start ContentCatcher
12-19 18:43:44.879  1803  2099 I chatty  : uid=1000(system) AlarmManager expire 2 lines
12-19 18:43:44.944  8788  8788 I SurfaceView: updateSystemUiVisibility, blackBackground = false, viewVisibility = 0, appBounds = Rect(0, 0 - 1080, 2160), mScreenRect = Rect(0, 101 - 1080, 2021), surface = com.ysdq.video.widget.SurfaceRenderView{4026e4e V.E...... ........ 0,-18-1080,1902}
12-19 18:43:44.961  8788  8788 I SurfaceView: updateSystemUiVisibility, blackBackground = false, viewVisibility = 0, appBounds = Rect(0, 0 - 1080, 2160), mScreenRect = Rect(0, 71 - 1080, 1991), surface = com.ysdq.video.widget.SurfaceRenderView{4026e4e V.E...... ........ 0,-18-1080,1902}
12-19 18:43:44.977  8788  8788 I SurfaceView: updateSystemUiVisibility, blackBackground = false, viewVisibility = 0, appBounds = Rect(0, 0 - 1080, 2160), mScreenRect = Rect(0, 49 - 1080, 1969), surface = com.ysdq.video.widget.SurfaceRenderView{4026e4e V.E...... ........ 0,-18-1080,1902}
12-19 18:43:44.994  8788  8788 I SurfaceView: updateSystemUiVisibility, blackBackground = false, viewVisibility = 0, appBounds = Rect(0, 0 - 1080, 2160), mScreenRect = Rect(0, 31 - 1080, 1951), surface = com.ysdq.video.widget.SurfaceRenderView{4026e4e V.E...... ........ 0,-18-1080,1902}
12-19 18:43:45.011  8788  8788 I SurfaceView: updateSystemUiVisibility, blackBackground = false, viewVisibility = 0, appBounds = Rect(0, 0 - 1080, 2160), mScreenRect = Rect(0, 17 - 1080, 1937), surface = com.ysdq.video.widget.SurfaceRenderView{4026e4e V.E...... ........ 0,-18-1080,1902}
12-19 18:43:45.019  1803  2212 I chatty  : uid=1000(system) AutobacklightTh expire 2 lines
12-19 18:43:45.030  8788  8788 I SurfaceView: updateSystemUiVisibility, blackBackground = false, viewVisibility = 0, appBounds = Rect(0, 0 - 1080, 2160), mScreenRect = Rect(0, 7 - 1080, 1927), surface = com.ysdq.video.widget.SurfaceRenderView{4026e4e V.E...... ........ 0,-18-1080,1902}
12-19 18:43:45.044  8788  8788 I SurfaceView: updateSystemUiVisibility, blackBackground = false, viewVisibility = 0, appBounds = Rect(0, 0 - 1080, 2160), mScreenRect = Rect(0, -1 - 1080, 1919), surface = com.ysdq.video.widget.SurfaceRenderView{4026e4e V.E...... ........ 0,-18-1080,1902}
12-19 18:43:45.061  8788  8788 I SurfaceView: updateSystemUiVisibility, blackBackground = false, viewVisibility = 0, appBounds = Rect(0, 0 - 1080, 2160), mScreenRect = Rect(0, -7 - 1080, 1913), surface = com.ysdq.video.widget.SurfaceRenderView{4026e4e V.E...... ........ 0,-18-1080,1902}
12-19 18:43:45.077  8788  8788 I SurfaceView: updateSystemUiVisibility, blackBackground = false, viewVisibility = 0, appBounds = Rect(0, 0 - 1080, 2160), mScreenRect = Rect(0, -11 - 1080, 1909), surface = com.ysdq.video.widget.SurfaceRenderView{4026e4e V.E...... ........ 0,-18-1080,1902}
12-19 18:43:45.094  8788  8788 I SurfaceView: updateSystemUiVisibility, blackBackground = false, viewVisibility = 0, appBounds = Rect(0, 0 - 1080, 2160), mScreenRect = Rect(0, -14 - 1080, 1906), surface = com.ysdq.video.widget.SurfaceRenderView{4026e4e V.E...... ........ 0,-18-1080,1902}
12-19 18:43:45.110  8788  8788 I SurfaceView: updateSystemUiVisibility, blackBackground = false, viewVisibility = 0, appBounds = Rect(0, 0 - 1080, 2160), mScreenRect = Rect(0, -16 - 1080, 1904), surface = com.ysdq.video.widget.SurfaceRenderView{4026e4e V.E...... ........ 0,-18-1080,1902}
12-19 18:43:45.127  8788  8788 I SurfaceView: updateSystemUiVisibility, blackBackground = false, viewVisibility = 0, appBounds = Rect(0, 0 - 1080, 2160), mScreenRect = Rect(0, -17 - 1080, 1903), surface = com.ysdq.video.widget.SurfaceRenderView{4026e4e V.E...... ........ 0,-18-1080,1902}
12-19 18:43:45.164  8788  8788 I SurfaceView: updateSystemUiVisibility, blackBackground = false, viewVisibility = 0, appBounds = Rect(0, 0 - 1080, 2160), mScreenRect = Rect(0, -18 - 1080, 1902), surface = com.ysdq.video.widget.SurfaceRenderView{4026e4e V.E...... ........ 0,-18-1080,1902}
12-19 18:43:45.322 16832 16855 W ContextImpl: Calling a method in the system process without a qualified user: android.app.ContextImpl.startService:1496 android.content.ContextWrapper.startService:657 com.vivo.contentcatcher.feature.vtouch.gesture.c.f:88 com.vivo.contentcatcher.feature.vtouch.gesture.c.b:10 com.vivo.contentcatcher.feature.vtouch.gesture.VTouchExecutor.handleReachTimeCancel:4 
12-19 18:43:45.463  8788  8949 I ActivityCatcher: update activity
12-19 18:43:45.498  8788  8788 I ActivityCatcher: analyze activity
12-19 18:43:45.565  1803  2257 I chatty  : uid=1000(system) Binder:1803_4 expire 14 lines
12-19 18:43:45.715  8788  8788 W ViewRootImpl[NewMainActivity]: Dropping event due to no window focus: KeyEvent { action=ACTION_DOWN, keyCode=KEYCODE_BACK, scanCode=0, metaState=0, flags=0x8, repeatCount=0, eventTime=11813893, downTime=11813893, deviceId=-1, source=0x101 }
12-19 18:43:45.717  8788  8788 W ViewRootImpl[NewMainActivity]: Cancelling event due to no window focus: KeyEvent { action=ACTION_UP, keyCode=KEYCODE_BACK, scanCode=0, metaState=0, flags=0x28, repeatCount=0, eventTime=11814006, downTime=11814006, deviceId=-1, source=0x101 }
12-19 18:43:45.720  8788  8788 I chatty  : uid=11770(u0_a1770) com.le123.ysdq identical 26 lines
12-19 18:43:45.885  8788 11155 I chatty  : uid=11770(u0_a1770) com.le123.ysdq expire 1 line
12-19 18:43:45.900  1803  2661 I chatty  : uid=1000(system) Binder:1803_F expire 32 lines
12-19 18:43:45.915 16861 16919 W ContextImpl: Calling a method in the system process without a qualified user: android.app.ContextImpl.bindService:1576 android.content.ContextWrapper.bindService:691 com.vivo.vtouch.common.manager.a.d:29 com.vivo.vtouch.common.CommonApplication$onCreate$1.invoke:3 com.vivo.vtouch.common.CommonApplication$onCreate$1.invoke:1 
12-19 18:43:45.917 16861 16906 D ActivityThread: Loading provider com.vivo.daemonservice.unifiedconfigprovider: com.vivo.daemonService.unifiedconfig.UnifiedConfigProvider
12-19 18:43:46.111  1803  2090 I chatty  : uid=1000(system) android.anim expire 1 line
12-19 18:43:46.233 16861 16935 W ContextImpl: Calling a method in the system process without a qualified user: android.app.ContextImpl.bindService:1576 android.content.ContextWrapper.bindService:691 com.vivo.aisdk.service.AbsConnection.connect:26 com.vivo.aisdk.service.AbsConnection.handleMessage:238 android.os.Handler.dispatchMessage:102 
12-19 18:43:46.345  1072  1072 E wificond: vivo add tx_good 562693 tx_bad 35 rx_good 1366399 tx_retry 74661
12-19 18:43:46.436  1803  2257 I chatty  : uid=1000(system) Binder:1803_4 expire 28 lines
12-19 18:43:46.442  1803  5212 I chatty  : uid=1000(system) Binder:1803_1C expire 8 lines
12-19 18:43:46.492  1803  2629 I chatty  : uid=1000(system) Binder:1803_D expire 1 line
12-19 18:43:46.860  1803 11696 I chatty  : uid=1000(system) Binder:1803_20 expire 15 lines
12-19 18:43:47.154  1803  1920 I chatty  : uid=1000(system) android.ui expire 87 lines
12-19 18:43:48.228  1803  2212 I chatty  : uid=1000(system) AutobacklightTh expire 4 lines
12-19 18:43:48.297  1803  5197 I chatty  : uid=1000(system) Binder:1803_16 expire 12 lines
12-19 18:43:48.962  1803  5200 I chatty  : uid=1000(system) Binder:1803_18 expire 8 lines
12-19 18:43:49.361  1072  1072 E wificond: vivo add tx_good 562772 tx_bad 35 rx_good 1366482 tx_retry 74672
12-19 18:43:50.020  2573  2573 W ContextImpl: Calling a method in the system process without a qualified user: android.app.ContextImpl.sendBroadcast:970 android.content.ContextWrapper.sendBroadcast:437 com.vivo.daemonService.VivoDaemonServiceApp.lllllll:2234 com.vivo.daemonService.VivoDaemonServiceApp.l11l:218 com.vivo.daemonService.l11l.handleMessage:449 
12-19 18:43:50.023  1803  1919 I chatty  : uid=1000(system) ActivityManager expire 5 lines
12-19 18:43:50.212  1803  2215 I chatty  : uid=1000(system) VivoAlsDebounce expire 2 lines
12-19 18:43:50.239 17046 17046 I FtBuild : getRomVersion mRomVer=4.0
12-19 18:43:50.843  8349  8349 I TouchMotionHandler: handler onAttached
12-19 18:43:50.843  8349  8349 I TouchMotionHandler: window type filtered
12-19 18:43:51.840  1803  1977 I chatty  : uid=1000(system) android.fg expire 8 lines
12-19 18:43:52.388  1072  1072 E wificond: vivo add tx_good 562799 tx_bad 35 rx_good 1366539 tx_retry 74679
12-19 18:43:52.515  1803  2660 I chatty  : uid=1000(system) Binder:1803_E expire 7 lines
12-19 18:43:53.695  8788  8788 I chatty  : uid=11770(u0_a1770) com.le123.ysdq expire 29 lines
12-19 18:43:53.802  1803  2119 I chatty  : uid=1000(system) NetdConnector expire 30 lines
12-19 18:43:53.806  1803  2120 I chatty  : uid=1000(system) NetworkStats expire 39 lines
12-19 18:43:53.873  1803  5196 I chatty  : uid=1000(system) Binder:1803_15 expire 37 lines
12-19 18:43:53.873  1803  2216 I chatty  : uid=1000(system) AntiMisoperatio expire 2 lines
12-19 18:43:54.957  1803  2660 I chatty  : uid=1000(system) Binder:1803_E expire 37 lines
12-19 18:43:55.139  1803  1920 I chatty  : uid=1000(system) android.ui expire 117 lines
12-19 18:43:55.347  1803  2090 I chatty  : uid=1000(system) android.anim expire 1 line
12-19 18:43:55.356  1803  1919 I chatty  : uid=1000(system) ActivityManager expire 2 lines
12-19 18:43:55.396  1072  1072 E wificond: vivo add tx_good 563825 tx_bad 35 rx_good 1369456 tx_retry 74809
12-19 18:43:55.558  1803  5197 I chatty  : uid=1000(system) Binder:1803_16 expire 16 lines
12-19 18:43:58.007  8788  8788 I View    : updateSystemUiVisibility, blackBackground = false, getVisibility() = 0, getWindowVisibility() = 0, viewBounds = Rect(0, 72 - 1080, 679), windowBounds = Rect(0, 72 - 1080, 2160), view = TextureView:com.ysdq.video.widget.TextureRenderView{8a0c58c V.ED..... ......ID 0,0-1080,607}
12-19 18:43:58.010  8788  8788 I View    : updateSystemUiVisibility, blackBackground = false, getVisibility() = 0, getWindowVisibility() = 0, viewBounds = Rect(0, 72 - 1080, 1476), windowBounds = Rect(0, 72 - 1080, 2160), view = TextureView:com.ysdq.video.widget.TextureRenderView{8a0c58c V.ED..... ......ID 0,0-1080,1404}
12-19 18:43:58.024  8788  8788 I SurfaceView: updateSystemUiVisibility, blackBackground = false, viewVisibility = 0, appBounds = Rect(0, 0 - 1080, 2160), mScreenRect = Rect(0, 0 - 1080, 1884), surface = com.ysdq.video.widget.SurfaceRenderView{b66293a V.E...... ........ 0,0-1080,1884}
12-19 18:43:58.326  8788  8788 I View    : updateSystemUiVisibility, blackBackground = false, getVisibility() = 0, getWindowVisibility() = 0, viewBounds = Rect(0, 72 - 1080, 679), windowBounds = Rect(0, 72 - 1080, 2160), view = TextureView:com.ysdq.video.widget.TextureRenderView{8a0c58c V.ED..... ......ID 0,0-1080,607}
12-19 18:43:58.375  8788  8788 I View    : updateSystemUiVisibility, blackBackground = false, getVisibility() = 0, getWindowVisibility() = 0, viewBounds = Rect(0, 72 - 1080, 1476), windowBounds = Rect(0, 72 - 1080, 2160), view = TextureView:com.ysdq.video.widget.TextureRenderView{8a0c58c V.ED..... ......ID 0,0-1080,1404}
12-19 18:43:58.432  1803  2257 I chatty  : uid=1000(system) Binder:1803_4 expire 6 lines
12-19 18:43:58.592  8788  8788 I View    : updateSystemUiVisibility, blackBackground = false, getVisibility() = 0, getWindowVisibility() = 0, viewBounds = Rect(369, 72 - 710, 679), windowBounds = Rect(0, 72 - 1080, 2160), view = TextureView:com.ysdq.video.widget.TextureRenderView{8a0c58c V.ED..... ......ID 369,0-710,607}
12-19 18:43:58.595  8788  8788 I View    : updateSystemUiVisibility, blackBackground = false, getVisibility() = 0, getWindowVisibility() = 0, viewBounds = Rect(145, 72 - 934, 1476), windowBounds = Rect(0, 72 - 1080, 2160), view = TextureView:com.ysdq.video.widget.TextureRenderView{8a0c58c V.ED..... ......ID 145,0-934,1404}
12-19 18:43:58.695  8788  8788 I TouchMotionHandler: handler onDetached
12-19 18:43:58.868  8788  8788 I View    : updateSystemUiVisibility, blackBackground = false, getVisibility() = 0, getWindowVisibility() = 0, viewBounds = Rect(369, 72 - 710, 679), windowBounds = Rect(0, 72 - 1080, 2160), view = TextureView:com.ysdq.video.widget.TextureRenderView{8a0c58c V.ED..... ......ID 369,0-710,607}
12-19 18:43:58.871  8788  8788 I View    : updateSystemUiVisibility, blackBackground = false, getVisibility() = 0, getWindowVisibility() = 0, viewBounds = Rect(145, 72 - 934, 1476), windowBounds = Rect(0, 72 - 1080, 2160), view = TextureView:com.ysdq.video.widget.TextureRenderView{8a0c58c V.ED..... ......ID 145,0-934,1404}
12-19 18:43:59.087  1803  2661 I chatty  : uid=1000(system) Binder:1803_F expire 10 lines
12-19 18:43:59.106  8788  8788 I View    : updateSystemUiVisibility, blackBackground = false, getVisibility() = 0, getWindowVisibility() = 0, viewBounds = Rect(369, 72 - 710, 679), windowBounds = Rect(0, 72 - 1080, 2160), view = TextureView:com.ysdq.video.widget.TextureRenderView{8a0c58c V.ED..... ......ID 369,0-710,607}
12-19 18:43:59.110  8788  8788 I View    : updateSystemUiVisibility, blackBackground = false, getVisibility() = 0, getWindowVisibility() = 0, viewBounds = Rect(145, 72 - 934, 1476), windowBounds = Rect(0, 72 - 1080, 2160), view = TextureView:com.ysdq.video.widget.TextureRenderView{8a0c58c V.ED..... ......ID 145,0-934,1404}
12-19 18:43:59.248  8788  8788 I View    : updateSystemUiVisibility, blackBackground = false, getVisibility() = 0, getWindowVisibility() = 8, viewBounds = Rect(145, 72 - 934, 1476), windowBounds = Rect(0, 72 - 1080, 2160), view = TextureView:com.ysdq.video.widget.TextureRenderView{8a0c58c V.ED..... ........ 145,0-934,1404}
12-19 18:43:59.680  8788  8788 I View    : updateSystemUiVisibility, blackBackground = false, getVisibility() = 0, getWindowVisibility() = 8, viewBounds = Rect(145, 72 - 934, 1476), windowBounds = Rect(0, 72 - 1080, 2160), view = TextureView:com.ysdq.video.widget.TextureRenderView{8a0c58c V.ED..... ........ 145,0-934,1404}
12-19 18:44:01.421  1072  1072 E wificond: vivo add tx_good 566708 tx_bad 35 rx_good 1376814 tx_retry 75079
12-19 18:44:03.703  1803  5200 I chatty  : uid=1000(system) Binder:1803_18 expire 3 lines
12-19 18:44:04.429  1072  1072 E wificond: vivo add tx_good 566879 tx_bad 35 rx_good 1376945 tx_retry 75099
12-19 18:44:06.073  8788  8788 W ViewRootImpl[MediumImmersionVideoActivity]: Dropping event due to no window focus: MotionEvent { action=ACTION_DOWN, actionButton=0, id[0]=0, x[0]=540.0, y[0]=1080.0, toolType[0]=TOOL_TYPE_UNKNOWN, buttonState=0, metaState=0, flags=0x2, edgeFlags=0x0, pointerCount=1, historySize=0, eventTime=11834354, downTime=11834341, deviceId=0, source=0x1002 }
12-19 18:44:06.091  8788  8788 W ViewRootImpl[MediumImmersionVideoActivity]: Dropping event due to no window focus: MotionEvent { action=ACTION_MOVE, actionButton=0, id[0]=0, x[0]=540.0, y[0]=1080.0, toolType[0]=TOOL_TYPE_UNKNOWN, buttonState=0, metaState=0, flags=0x2, edgeFlags=0x0, pointerCount=1, historySize=0, eventTime=11834368, downTime=11834341, deviceId=0, source=0x1002 }
12-19 18:44:06.126  8788  8788 W ViewRootImpl[MediumImmersionVideoActivity]: Dropping event due to no window focus: MotionEvent { action=ACTION_MOVE, actionButton=0, id[0]=0, x[0]=540.0, y[0]=979.2, toolType[0]=TOOL_TYPE_UNKNOWN, buttonState=0, metaState=0, flags=0x2, edgeFlags=0x0, pointerCount=1, historySize=0, eventTime=11834409, downTime=11834341, deviceId=0, source=0x1002 }
12-19 18:44:06.781  1803  1920 I chatty  : uid=1000(system) android.ui expire 103 lines
12-19 18:44:06.967  8788  8788 I SurfaceView: updateSystemUiVisibility, blackBackground = false, viewVisibility = 0, appBounds = Rect(0, 0 - 1080, 2160), mScreenRect = Rect(0, -1721 - 1080, 163), surface = com.ysdq.video.widget.SurfaceRenderView{3713aae V.E...... ........ 0,0-1080,1884}
12-19 18:44:06.994  8788  8788 I SurfaceView: updateSystemUiVisibility, blackBackground = false, viewVisibility = 0, appBounds = Rect(0, 0 - 1080, 2160), mScreenRect = Rect(0, -1844 - 1080, 40), surface = com.ysdq.video.widget.SurfaceRenderView{3713aae V.E...... ........ 0,0-1080,1884}
12-19 18:44:07.047  8788  8788 I SurfaceView: updateSystemUiVisibility, blackBackground = false, viewVisibility = 0, appBounds = Rect(0, 0 - 1080, 2160), mScreenRect = Rect(0, -1973 - 1080, -89), surface = com.ysdq.video.widget.SurfaceRenderView{3713aae V.E...... ........ 0,0-1080,1884}
12-19 18:44:07.055  8788  8788 I SurfaceView: updateSystemUiVisibility, blackBackground = false, viewVisibility = 0, appBounds = Rect(0, 0 - 1080, 2160), mScreenRect = Rect(0, -2000 - 1080, -116), surface = com.ysdq.video.widget.SurfaceRenderView{3713aae V.E...... ........ 0,0-1080,1884}
12-19 18:44:07.435  1072  1072 E wificond: vivo add tx_good 567834 tx_bad 35 rx_good 1379888 tx_retry 75192
12-19 18:44:07.710  1803  2119 I chatty  : uid=1000(system) NetdConnector expire 12 lines
12-19 18:44:07.712  1803  2120 I chatty  : uid=1000(system) NetworkStats expire 16 lines
12-19 18:44:08.024  1803  2595 I chatty  : uid=1000(system) Binder:1803_B expire 7 lines
12-19 18:44:08.341  1803  2257 I chatty  : uid=1000(system) Binder:1803_4 expire 22 lines
12-19 18:44:08.692  1803  5200 I chatty  : uid=1000(system) Binder:1803_18 expire 7 lines
12-19 18:44:08.782  8788  8788 W ViewRootImpl[MediumImmersionVideoActivity]: Dropping event due to no window focus: MotionEvent { action=ACTION_DOWN, actionButton=0, id[0]=0, x[0]=540.0, y[0]=1080.0, toolType[0]=TOOL_TYPE_UNKNOWN, buttonState=0, metaState=0, flags=0x2, edgeFlags=0x0, pointerCount=1, historySize=0, eventTime=11837068, downTime=11837050, deviceId=0, source=0x1002 }
12-19 18:44:09.031  8788  8788 W ViewRootImpl[MediumImmersionVideoActivity]: Dropping event due to no window focus: MotionEvent { action=ACTION_MOVE, actionButton=0, id[0]=0, x[0]=540.0, y[0]=1937.7, toolType[0]=TOOL_TYPE_UNKNOWN, buttonState=0, metaState=0, flags=0x2, edgeFlags=0x0, pointerCount=1, historySize=7, eventTime=11837308, downTime=11837050, deviceId=0, source=0x1002 }
12-19 18:44:10.442  1072  1072 E wificond: vivo add tx_good 570835 tx_bad 35 rx_good 1387460 tx_retry 75452
12-19 18:44:10.479  8788  8788 I SurfaceView: updateSystemUiVisibility, blackBackground = false, viewVisibility = 0, appBounds = Rect(0, 0 - 1080, 2160), mScreenRect = Rect(0, -18 - 1080, 1902), surface = com.ysdq.video.widget.SurfaceRenderView{1202591 V.E...... ........ 0,-18-1080,1902}
12-19 18:44:10.481  1803  5197 I chatty  : uid=1000(system) Binder:1803_16 expire 63 lines
12-19 18:44:11.164  1803  2661 I chatty  : uid=1000(system) Binder:1803_F expire 15 lines
12-19 18:44:11.316  8788  8788 D PhoneWindow: DEBUG_ALIENSCREEN:getRotation mRotation=0
12-19 18:44:11.380  8788  8788 I TouchMotionHandler: handler onAttached
12-19 18:44:11.409  1803  2660 I chatty  : uid=1000(system) Binder:1803_E expire 9 lines
12-19 18:44:11.411  1803  1803 I chatty  : uid=1000 system_server expire 5 lines
12-19 18:44:11.465  8788  8788 I SurfaceView: updateSystemUiVisibility, blackBackground = false, viewVisibility = 0, appBounds = Rect(0, 0 - 1080, 2160), mScreenRect = Rect(0, -18 - 1080, 1902), surface = com.ysdq.video.widget.SurfaceRenderView{1202591 V.E...... ........ 0,-18-1080,1902}
12-19 18:44:11.826  1803  1919 I chatty  : uid=1000(system) ActivityManager expire 3 lines
12-19 18:44:12.249  8788  8788 D PhoneWindow: DEBUG_ALIENSCREEN:getRotation mRotation=0
12-19 18:44:12.386  8788  8788 I TouchMotionHandler: handler onAttached
12-19 18:44:12.471  8788  8788 D PhoneWindow: DEBUG_ALIENSCREEN:getRotation mRotation=0
12-19 18:44:12.555  8788  8788 I TouchMotionHandler: handler onAttached
12-19 18:44:13.454  1072  1072 E wificond: vivo add tx_good 571158 tx_bad 35 rx_good 1388450 tx_retry 75476
12-19 18:44:15.751  1803  1977 I chatty  : uid=1000(system) android.fg expire 1 line
12-19 18:44:16.011  1803  5196 I chatty  : uid=1000(system) Binder:1803_15 expire 11 lines
12-19 18:44:16.283  1803  2119 I chatty  : uid=1000(system) NetdConnector expire 65 lines
12-19 18:44:16.284  1803  2120 I chatty  : uid=1000(system) NetworkStats expire 87 lines
12-19 18:44:16.292  1803  5200 I chatty  : uid=1000(system) Binder:1803_18 expire 9 lines
12-19 18:44:16.314  1803  1920 I chatty  : uid=1000(system) android.ui expire 51 lines
12-19 18:44:16.461  1072  1072 E wificond: vivo add tx_good 571489 tx_bad 35 rx_good 1389352 tx_retry 75503
12-19 18:44:16.584  1803  5197 I chatty  : uid=1000(system) Binder:1803_16 expire 17 lines
12-19 18:44:16.601  1803  2257 I chatty  : uid=1000(system) Binder:1803_4 expire 8 lines
12-19 18:44:17.122  1803  2660 I chatty  : uid=1000(system) Binder:1803_E expire 17 lines
12-19 18:44:19.421  8788  8788 I TouchMotionHandler: handler onDetached
12-19 18:44:19.441  8788  8788 I TouchMotionHandler: handler onDetached
12-19 18:44:19.477  1072  1072 E wificond: vivo add tx_good 571493 tx_bad 35 rx_good 1389361 tx_retry 75503
12-19 18:44:19.521  8788  8788 D PhoneWindow: DEBUG_ALIENSCREEN:getRotation mRotation=0
12-19 18:44:19.587  8788  8788 I TouchMotionHandler: handler onAttached
12-19 18:46:20.150  1072  1072 E wificond: vivo add tx_good 571863 tx_bad 35 rx_good 1389976 tx_retry 75543
12-19 18:46:23.172  1072  1072 E wificond: vivo add tx_good 571867 tx_bad 35 rx_good 1389990 tx_retry 75544
12-19 18:46:26.191  1072  1072 E wificond: vivo add tx_good 571867 tx_bad 35 rx_good 1389993 tx_retry 75544
12-19 18:46:29.211  1072  1072 E wificond: vivo add tx_good 571867 tx_bad 35 rx_good 1389998 tx_retry 75544
12-19 18:46:32.234  1072  1072 E wificond: vivo add tx_good 571871 tx_bad 35 rx_good 1390009 tx_retry 75544
12-19 18:46:35.243  1072  1072 E wificond: vivo add tx_good 571872 tx_bad 35 rx_good 1390026 tx_retry 75544
12-19 18:46:38.262  1072  1072 E wificond: vivo add tx_good 571872 tx_bad 35 rx_good 1390041 tx_retry 75544
12-19 18:46:41.283  1072  1072 E wificond: vivo add tx_good 571872 tx_bad 35 rx_good 1390049 tx_retry 75544
12-19 18:46:44.301  1072  1072 E wificond: vivo add tx_good 571872 tx_bad 35 rx_good 1390052 tx_retry 75544
12-19 18:46:47.320  1072  1072 E wificond: vivo add tx_good 571872 tx_bad 35 rx_good 1390060 tx_retry 75544
12-19 18:46:50.340  1072  1072 E wificond: vivo add tx_good 571873 tx_bad 35 rx_good 1390072 tx_retry 75544
12-19 18:46:53.359  1072  1072 E wificond: vivo add tx_good 571873 tx_bad 35 rx_good 1390089 tx_retry 75544
12-19 18:46:56.377  1072  1072 E wificond: vivo add tx_good 571873 tx_bad 35 rx_good 1390096 tx_retry 75544
12-19 18:46:59.388  1072  1072 E wificond: vivo add tx_good 571874 tx_bad 35 rx_good 1390109 tx_retry 75544
12-19 18:47:02.408  1072  1072 E wificond: vivo add tx_good 571874 tx_bad 35 rx_good 1390124 tx_retry 75544
12-19 18:47:05.428  1072  1072 E wificond: vivo add tx_good 571876 tx_bad 35 rx_good 1390136 tx_retry 75544
12-19 18:47:08.445  1072  1072 E wificond: vivo add tx_good 571876 tx_bad 35 rx_good 1390152 tx_retry 75544
12-19 18:47:11.470  1072  1072 E wificond: vivo add tx_good 571876 tx_bad 35 rx_good 1390155 tx_retry 75544
12-19 18:47:14.486  1072  1072 E wificond: vivo add tx_good 571876 tx_bad 35 rx_good 1390162 tx_retry 75544
12-19 18:47:17.505  1072  1072 E wificond: vivo add tx_good 571877 tx_bad 35 rx_good 1390171 tx_retry 75544
12-19 18:47:20.515  1072  1072 E wificond: vivo add tx_good 571878 tx_bad 35 rx_good 1390179 tx_retry 75544
12-19 18:47:23.555  1072  1072 E wificond: vivo add tx_good 571878 tx_bad 35 rx_good 1390197 tx_retry 75544
12-19 18:47:26.582  1072  1072 E wificond: vivo add tx_good 571878 tx_bad 35 rx_good 1390203 tx_retry 75544
12-19 18:47:29.693  1072  1072 E wificond: vivo add tx_good 571885 tx_bad 35 rx_good 1390215 tx_retry 75545
12-19 18:47:32.708  1072  1072 E wificond: vivo add tx_good 571910 tx_bad 35 rx_good 1390248 tx_retry 75546
12-19 18:47:35.721  1072  1072 E wificond: vivo add tx_good 571938 tx_bad 35 rx_good 1390286 tx_retry 75553
12-19 18:47:38.729  1072  1072 E wificond: vivo add tx_good 572198 tx_bad 35 rx_good 1390879 tx_retry 75570
12-19 18:47:41.746  1072  1072 E wificond: vivo add tx_good 572213 tx_bad 35 rx_good 1390913 tx_retry 75570
12-19 18:47:44.765  1072  1072 E wificond: vivo add tx_good 572213 tx_bad 35 rx_good 1390916 tx_retry 75570
12-19 18:47:47.782  1072  1072 E wificond: vivo add tx_good 572297 tx_bad 35 rx_good 1391167 tx_retry 75585
12-19 18:47:50.792  1072  1072 E wificond: vivo add tx_good 573469 tx_bad 35 rx_good 1394441 tx_retry 75740
12-19 18:47:53.805  1072  1072 E wificond: vivo add tx_good 573471 tx_bad 35 rx_good 1394446 tx_retry 75740
12-19 18:47:56.817  1072  1072 E wificond: vivo add tx_good 573471 tx_bad 35 rx_good 1394460 tx_retry 75740
12-19 18:47:59.833  1072  1072 E wificond: vivo add tx_good 573944 tx_bad 35 rx_good 1396096 tx_retry 75818
12-19 18:48:02.844  1072  1072 E wificond: vivo add tx_good 574353 tx_bad 35 rx_good 1397460 tx_retry 75885
12-19 18:48:05.850  1072  1072 E wificond: vivo add tx_good 576415 tx_bad 35 rx_good 1403358 tx_retry 76144
12-19 18:48:08.867  1072  1072 E wificond: vivo add tx_good 576804 tx_bad 35 rx_good 1404726 tx_retry 76185
12-19 18:48:11.873  1072  1072 E wificond: vivo add tx_good 577065 tx_bad 35 rx_good 1405599 tx_retry 76238
12-19 18:50:12.292  1072  1072 E wificond: vivo add tx_good 599512 tx_bad 35 rx_good 1458288 tx_retry 78745
12-19 18:50:12.462  1803  2119 I chatty  : uid=1000(system) NetdConnector expire 89 lines
12-19 18:50:12.465  1803  2120 I chatty  : uid=1000(system) NetworkStats expire 104 lines
12-19 18:50:15.307  1072  1072 E wificond: vivo add tx_good 600592 tx_bad 35 rx_good 1461318 tx_retry 78861
12-19 18:50:18.313  1072  1072 E wificond: vivo add tx_good 600607 tx_bad 35 rx_good 1461340 tx_retry 78864
12-19 18:50:21.330  1072  1072 E wificond: vivo add tx_good 600649 tx_bad 35 rx_good 1461389 tx_retry 78870
12-19 18:50:24.342  1072  1072 E wificond: vivo add tx_good 600804 tx_bad 35 rx_good 1461657 tx_retry 78890
12-19 18:50:27.356  1072  1072 E wificond: vivo add tx_good 600820 tx_bad 35 rx_good 1461691 tx_retry 78891
12-19 18:50:30.382  1072  1072 E wificond: vivo add tx_good 600824 tx_bad 35 rx_good 1461703 tx_retry 78892
12-19 18:50:33.403  1072  1072 E wificond: vivo add tx_good 600825 tx_bad 35 rx_good 1461724 tx_retry 78892
12-19 18:50:36.421  1072  1072 E wificond: vivo add tx_good 600841 tx_bad 35 rx_good 1461752 tx_retry 78897
12-19 18:50:39.441  1072  1072 E wificond: vivo add tx_good 600856 tx_bad 35 rx_good 1461783 tx_retry 78901
12-19 18:52:39.975  1072  1072 E wificond: vivo add tx_good 609561 tx_bad 35 rx_good 1487116 tx_retry 80009
12-19 18:52:42.992  1072  1072 E wificond: vivo add tx_good 609562 tx_bad 35 rx_good 1487120 tx_retry 80009
12-19 18:52:46.010  1072  1072 E wificond: vivo add tx_good 609562 tx_bad 35 rx_good 1487138 tx_retry 80009
12-19 18:52:49.029  1072  1072 E wificond: vivo add tx_good 609562 tx_bad 35 rx_good 1487145 tx_retry 80009
12-19 18:52:51.089  1803  2123 I chatty  : uid=1000(system) tworkPolicy.uid expire 2 lines
12-19 18:52:52.036  1072  1072 E wificond: vivo add tx_good 609864 tx_bad 35 rx_good 1487487 tx_retry 80054
12-19 18:52:52.184  4842  5009 E ActivityThread: Failed to find provider info for content://com.vivo.daemonservice.unifiedconfigprovider/standard_config
12-19 18:52:55.052  1072  1072 E wificond: vivo add tx_good 610113 tx_bad 35 rx_good 1487735 tx_retry 80094
12-19 18:52:58.075  1072  1072 E wificond: vivo add tx_good 610122 tx_bad 35 rx_good 1487749 tx_retry 80098
12-19 18:53:01.093  1072  1072 E wificond: vivo add tx_good 610143 tx_bad 35 rx_good 1487798 tx_retry 80103
12-19 18:53:04.102  1072  1072 E wificond: vivo add tx_good 610175 tx_bad 35 rx_good 1487850 tx_retry 80104
12-19 18:53:07.108  1072  1072 E wificond: vivo add tx_good 610184 tx_bad 35 rx_good 1487864 tx_retry 80105
12-19 18:53:10.126  1072  1072 E wificond: vivo add tx_good 610184 tx_bad 35 rx_good 1487871 tx_retry 80105
12-19 18:53:13.143  1072  1072 E wificond: vivo add tx_good 610186 tx_bad 35 rx_good 1487875 tx_retry 80105
12-19 18:53:16.161  1072  1072 E wificond: vivo add tx_good 610188 tx_bad 35 rx_good 1487890 tx_retry 80105
12-19 18:53:19.183  1072  1072 E wificond: vivo add tx_good 610198 tx_bad 35 rx_good 1487907 tx_retry 80105
12-19 18:53:22.202  1072  1072 E wificond: vivo add tx_good 610569 tx_bad 35 rx_good 1488945 tx_retry 80149
12-19 18:53:25.223  1072  1072 E wificond: vivo add tx_good 610848 tx_bad 35 rx_good 1489333 tx_retry 80188
12-19 18:53:28.228  1072  1072 E wificond: vivo add tx_good 610872 tx_bad 35 rx_good 1489380 tx_retry 80190
12-19 18:53:31.253  1072  1072 E wificond: vivo add tx_good 610893 tx_bad 35 rx_good 1489429 tx_retry 80192
12-19 18:53:34.270  1072  1072 E wificond: vivo add tx_good 610894 tx_bad 35 rx_good 1489438 tx_retry 80192
12-19 18:53:37.276  1072  1072 E wificond: vivo add tx_good 611326 tx_bad 35 rx_good 1490236 tx_retry 80253
12-19 18:53:40.286  1072  1072 E wificond: vivo add tx_good 611427 tx_bad 35 rx_good 1490379 tx_retry 80276
12-19 18:53:43.304  1072  1072 E wificond: vivo add tx_good 611432 tx_bad 35 rx_good 1490381 tx_retry 80276
12-19 18:53:46.338  1072  1072 E wificond: vivo add tx_good 611433 tx_bad 35 rx_good 1490394 tx_retry 80276
12-19 18:53:49.354  1072  1072 E wificond: vivo add tx_good 611445 tx_bad 35 rx_good 1490412 tx_retry 80278
12-19 18:53:52.372  1072  1072 E wificond: vivo add tx_good 611453 tx_bad 35 rx_good 1490424 tx_retry 80279
12-19 18:53:55.389  1072  1072 E wificond: vivo add tx_good 611481 tx_bad 35 rx_good 1490448 tx_retry 80282
12-19 18:53:58.396  1072  1072 E wificond: vivo add tx_good 611526 tx_bad 35 rx_good 1490506 tx_retry 80292
12-19 18:54:01.417  1072  1072 E wificond: vivo add tx_good 611528 tx_bad 35 rx_good 1490525 tx_retry 80292
12-19 18:54:04.431  1072  1072 E wificond: vivo add tx_good 611532 tx_bad 35 rx_good 1490538 tx_retry 80292
12-19 18:54:07.438  1072  1072 E wificond: vivo add tx_good 611549 tx_bad 35 rx_good 1490568 tx_retry 80294
12-19 18:54:10.455  1072  1072 E wificond: vivo add tx_good 611550 tx_bad 35 rx_good 1490575 tx_retry 80294
12-19 18:54:13.472  1072  1072 E wificond: vivo add tx_good 611550 tx_bad 35 rx_good 1490578 tx_retry 80294
12-19 18:54:16.489  1072  1072 E wificond: vivo add tx_good 611550 tx_bad 35 rx_good 1490592 tx_retry 80294
12-19 18:54:19.495  1072  1072 E wificond: vivo add tx_good 611550 tx_bad 35 rx_good 1490601 tx_retry 80294
12-19 18:54:22.510  1072  1072 E wificond: vivo add tx_good 611550 tx_bad 35 rx_good 1490612 tx_retry 80294
12-19 18:54:25.520  1072  1072 E wificond: vivo add tx_good 611554 tx_bad 35 rx_good 1490630 tx_retry 80294
12-19 18:54:28.542  1072  1072 E wificond: vivo add tx_good 611556 tx_bad 35 rx_good 1490641 tx_retry 80294
12-19 18:54:31.569  1072  1072 E wificond: vivo add tx_good 611557 tx_bad 35 rx_good 1490659 tx_retry 80294
12-19 18:54:34.585  1072  1072 E wificond: vivo add tx_good 611558 tx_bad 35 rx_good 1490663 tx_retry 80294
12-19 18:54:37.620  1072  1072 E wificond: vivo add tx_good 611585 tx_bad 35 rx_good 1490696 tx_retry 80299
12-19 18:54:40.637  1072  1072 E wificond: vivo add tx_good 611585 tx_bad 35 rx_good 1490706 tx_retry 80299
12-19 18:54:43.657  1072  1072 E wificond: vivo add tx_good 611585 tx_bad 35 rx_good 1490710 tx_retry 80299
12-19 18:54:46.673  1072  1072 E wificond: vivo add tx_good 611587 tx_bad 35 rx_good 1490729 tx_retry 80299
12-19 18:54:49.691  1072  1072 E wificond: vivo add tx_good 611587 tx_bad 35 rx_good 1490733 tx_retry 80299
12-19 18:54:52.715  1072  1072 E wificond: vivo add tx_good 611587 tx_bad 35 rx_good 1490738 tx_retry 80299
12-19 18:54:55.733  1072  1072 E wificond: vivo add tx_good 611589 tx_bad 35 rx_good 1490749 tx_retry 80299
12-19 18:54:58.753  1072  1072 E wificond: vivo add tx_good 611589 tx_bad 35 rx_good 1490753 tx_retry 80299
12-19 18:55:01.774  1072  1072 E wificond: vivo add tx_good 611589 tx_bad 35 rx_good 1490770 tx_retry 80299
12-19 18:55:04.794  1072  1072 E wificond: vivo add tx_good 611589 tx_bad 35 rx_good 1490792 tx_retry 80299
12-19 18:55:07.816  1072  1072 E wificond: vivo add tx_good 611590 tx_bad 35 rx_good 1490795 tx_retry 80299
12-19 18:55:10.833  1072  1072 E wificond: vivo add tx_good 611590 tx_bad 35 rx_good 1490801 tx_retry 80299
12-19 18:55:13.857  1072  1072 E wificond: vivo add tx_good 611590 tx_bad 35 rx_good 1490803 tx_retry 80299
12-19 18:55:16.876  1072  1072 E wificond: vivo add tx_good 611590 tx_bad 35 rx_good 1490817 tx_retry 80299
12-19 18:55:19.900  1072  1072 E wificond: vivo add tx_good 611590 tx_bad 35 rx_good 1490821 tx_retry 80299
12-19 18:55:22.917  1072  1072 E wificond: vivo add tx_good 611591 tx_bad 35 rx_good 1490832 tx_retry 80299
12-19 18:55:25.925  1072  1072 E wificond: vivo add tx_good 611619 tx_bad 35 rx_good 1490863 tx_retry 80307
12-19 18:55:28.941  1072  1072 E wificond: vivo add tx_good 611623 tx_bad 35 rx_good 1490873 tx_retry 80308
12-19 18:55:31.961  1072  1072 E wificond: vivo add tx_good 611623 tx_bad 35 rx_good 1490890 tx_retry 80308
12-19 18:55:34.979  1072  1072 E wificond: vivo add tx_good 611625 tx_bad 35 rx_good 1490895 tx_retry 80308
12-19 18:55:37.997  1072  1072 E wificond: vivo add tx_good 611625 tx_bad 35 rx_good 1490900 tx_retry 80308
12-19 18:55:41.014  1072  1072 E wificond: vivo add tx_good 611627 tx_bad 35 rx_good 1490907 tx_retry 80309
12-19 18:55:44.032  1072  1072 E wificond: vivo add tx_good 611627 tx_bad 35 rx_good 1490933 tx_retry 80309
12-19 18:55:47.047  1072  1072 E wificond: vivo add tx_good 611627 tx_bad 35 rx_good 1490957 tx_retry 80309
12-19 18:55:50.067  1072  1072 E wificond: vivo add tx_good 611668 tx_bad 35 rx_good 1491012 tx_retry 80318
12-19 18:55:53.081  1072  1072 E wificond: vivo add tx_good 612231 tx_bad 35 rx_good 1492929 tx_retry 80357
12-19 18:55:56.089  1072  1072 E wificond: vivo add tx_good 612338 tx_bad 35 rx_good 1493281 tx_retry 80372
12-19 18:55:58.082  1803  1936 I chatty  : uid=1000(system) batterystats-wo expire 8 lines
12-19 18:55:59.107  1072  1072 E wificond: vivo add tx_good 612366 tx_bad 35 rx_good 1493320 tx_retry 80375
12-19 18:56:02.117  1072  1072 E wificond: vivo add tx_good 612831 tx_bad 35 rx_good 1493651 tx_retry 80429
12-19 18:56:05.124  1072  1072 E wificond: vivo add tx_good 612885 tx_bad 35 rx_good 1493681 tx_retry 80439
12-19 18:56:08.133  1072  1072 E wificond: vivo add tx_good 612913 tx_bad 35 rx_good 1493701 tx_retry 80444
12-19 18:56:11.148  1072  1072 E wificond: vivo add tx_good 612928 tx_bad 35 rx_good 1493715 tx_retry 80444
12-19 18:56:14.158  1072  1072 E wificond: vivo add tx_good 612970 tx_bad 35 rx_good 1493753 tx_retry 80449
12-19 18:56:17.180  1072  1072 E wificond: vivo add tx_good 612978 tx_bad 35 rx_good 1493783 tx_retry 80451
12-19 18:56:20.192  1072  1072 E wificond: vivo add tx_good 612987 tx_bad 35 rx_good 1493794 tx_retry 80452
12-19 18:56:23.198  1072  1072 E wificond: vivo add tx_good 612995 tx_bad 35 rx_good 1493801 tx_retry 80454
12-19 18:56:26.212  1072  1072 E wificond: vivo add tx_good 612999 tx_bad 35 rx_good 1493805 tx_retry 80455
12-19 18:56:29.232  1072  1072 E wificond: vivo add tx_good 613009 tx_bad 35 rx_good 1493816 tx_retry 80461
12-19 18:56:32.250  1072  1072 E wificond: vivo add tx_good 613014 tx_bad 35 rx_good 1493840 tx_retry 80461
12-19 18:56:35.267  1072  1072 E wificond: vivo add tx_good 613085 tx_bad 35 rx_good 1493969 tx_retry 80481
12-19 18:56:38.282  1072  1072 E wificond: vivo add tx_good 613097 tx_bad 35 rx_good 1493981 tx_retry 80483
12-19 18:56:41.307  1072  1072 E wificond: vivo add tx_good 613100 tx_bad 35 rx_good 1493984 tx_retry 80483
12-19 18:56:44.323  1072  1072 E wificond: vivo add tx_good 613107 tx_bad 35 rx_good 1493997 tx_retry 80485
12-19 18:56:47.338  1072  1072 E wificond: vivo add tx_good 613107 tx_bad 35 rx_good 1494011 tx_retry 80485
12-19 18:56:50.354  1072  1072 E wificond: vivo add tx_good 613107 tx_bad 35 rx_good 1494012 tx_retry 80485
12-19 18:56:53.369  1072  1072 E wificond: vivo add tx_good 613109 tx_bad 35 rx_good 1494019 tx_retry 80486
12-19 18:56:56.395  1072  1072 E wificond: vivo add tx_good 613113 tx_bad 35 rx_good 1494029 tx_retry 80486
12-19 18:56:59.411  1072  1072 E wificond: vivo add tx_good 613117 tx_bad 35 rx_good 1494030 tx_retry 80486
12-19 18:57:02.436  1072  1072 E wificond: vivo add tx_good 613121 tx_bad 35 rx_good 1494060 tx_retry 80486
12-19 18:57:05.452  1072  1072 E wificond: vivo add tx_good 613121 tx_bad 35 rx_good 1494075 tx_retry 80486
12-19 18:57:08.472  1072  1072 E wificond: vivo add tx_good 613121 tx_bad 35 rx_good 1494078 tx_retry 80486
12-19 18:57:11.487  1072  1072 E wificond: vivo add tx_good 613121 tx_bad 35 rx_good 1494082 tx_retry 80486
12-19 18:57:14.504  1072  1072 E wificond: vivo add tx_good 613121 tx_bad 35 rx_good 1494092 tx_retry 80486
12-19 18:57:17.524  1072  1072 E wificond: vivo add tx_good 613122 tx_bad 35 rx_good 1494127 tx_retry 80486
12-19 18:57:20.536  1072  1072 E wificond: vivo add tx_good 613122 tx_bad 35 rx_good 1494147 tx_retry 80486
12-19 18:57:23.554  1072  1072 E wificond: vivo add tx_good 613122 tx_bad 35 rx_good 1494155 tx_retry 80486
12-19 18:57:26.570  1072  1072 E wificond: vivo add tx_good 613133 tx_bad 35 rx_good 1494176 tx_retry 80488
12-19 18:57:29.586  1072  1072 E wificond: vivo add tx_good 613134 tx_bad 35 rx_good 1494187 tx_retry 80488
12-19 18:57:32.591  1072  1072 E wificond: vivo add tx_good 613138 tx_bad 35 rx_good 1494211 tx_retry 80488
12-19 18:57:35.599  1072  1072 E wificond: vivo add tx_good 613153 tx_bad 35 rx_good 1494235 tx_retry 80489
12-19 18:57:38.612  1072  1072 E wificond: vivo add tx_good 613166 tx_bad 35 rx_good 1494249 tx_retry 80490
12-19 18:57:41.628  1072  1072 E wificond: vivo add tx_good 613170 tx_bad 35 rx_good 1494256 tx_retry 80491
12-19 18:57:44.649  1072  1072 E wificond: vivo add tx_good 613171 tx_bad 35 rx_good 1494260 tx_retry 80492
12-19 18:57:47.663  1072  1072 E wificond: vivo add tx_good 613173 tx_bad 35 rx_good 1494281 tx_retry 80492
12-19 18:57:50.681  1072  1072 E wificond: vivo add tx_good 613176 tx_bad 35 rx_good 1494296 tx_retry 80492
12-19 18:57:53.704  1072  1072 E wificond: vivo add tx_good 613184 tx_bad 35 rx_good 1494305 tx_retry 80493
12-19 18:57:56.720  1072  1072 E wificond: vivo add tx_good 613218 tx_bad 35 rx_good 1494335 tx_retry 80499
12-19 18:57:59.745  1072  1072 E wificond: vivo add tx_good 613219 tx_bad 35 rx_good 1494340 tx_retry 80499
12-19 18:58:02.758  1072  1072 E wificond: vivo add tx_good 613237 tx_bad 35 rx_good 1494391 tx_retry 80499
12-19 18:58:05.774  1072  1072 E wificond: vivo add tx_good 613238 tx_bad 35 rx_good 1494394 tx_retry 80499
12-19 18:58:08.797  1072  1072 E wificond: vivo add tx_good 613238 tx_bad 35 rx_good 1494415 tx_retry 80499
12-19 18:58:11.815  1072  1072 E wificond: vivo add tx_good 613238 tx_bad 35 rx_good 1494416 tx_retry 80499
12-19 18:58:14.830  1072  1072 E wificond: vivo add tx_good 613238 tx_bad 35 rx_good 1494421 tx_retry 80499
12-19 18:58:17.848  1072  1072 E wificond: vivo add tx_good 613245 tx_bad 35 rx_good 1494441 tx_retry 80502
12-19 18:58:20.859  1072  1072 E wificond: vivo add tx_good 613247 tx_bad 35 rx_good 1494460 tx_retry 80503
12-19 18:58:23.884  1072  1072 E wificond: vivo add tx_good 613247 tx_bad 35 rx_good 1494488 tx_retry 80503
12-19 18:58:26.904  1072  1072 E wificond: vivo add tx_good 613249 tx_bad 35 rx_good 1494496 tx_retry 80503
12-19 18:58:29.921  1072  1072 E wificond: vivo add tx_good 613251 tx_bad 35 rx_good 1494501 tx_retry 80504
12-19 18:58:32.931  1072  1072 E wificond: vivo add tx_good 613251 tx_bad 35 rx_good 1494520 tx_retry 80504
12-19 18:58:35.946  1072  1072 E wificond: vivo add tx_good 613251 tx_bad 35 rx_good 1494541 tx_retry 80504
12-19 18:58:38.966  1072  1072 E wificond: vivo add tx_good 613262 tx_bad 35 rx_good 1494566 tx_retry 80508
12-19 18:58:41.986  1072  1072 E wificond: vivo add tx_good 613262 tx_bad 35 rx_good 1494570 tx_retry 80508
12-19 18:58:45.007  1072  1072 E wificond: vivo add tx_good 613262 tx_bad 35 rx_good 1494578 tx_retry 80508
12-19 18:58:48.025  1072  1072 E wificond: vivo add tx_good 613264 tx_bad 35 rx_good 1494611 tx_retry 80508
12-19 18:58:51.047  1072  1072 E wificond: vivo add tx_good 613264 tx_bad 35 rx_good 1494620 tx_retry 80508
12-19 18:58:54.064  1072  1072 E wificond: vivo add tx_good 613268 tx_bad 35 rx_good 1494633 tx_retry 80509
12-19 18:58:57.092  1072  1072 E wificond: vivo add tx_good 613273 tx_bad 35 rx_good 1494641 tx_retry 80509
12-19 18:59:00.111  1072  1072 E wificond: vivo add tx_good 613273 tx_bad 35 rx_good 1494644 tx_retry 80509
12-19 18:59:03.132  1072  1072 E wificond: vivo add tx_good 613274 tx_bad 35 rx_good 1494651 tx_retry 80509
12-19 18:59:06.149  1072  1072 E wificond: vivo add tx_good 613274 tx_bad 35 rx_good 1494678 tx_retry 80509
12-19 18:59:09.172  1072  1072 E wificond: vivo add tx_good 613275 tx_bad 35 rx_good 1494689 tx_retry 80510
12-19 18:59:12.191  1072  1072 E wificond: vivo add tx_good 613275 tx_bad 35 rx_good 1494700 tx_retry 80510
12-19 18:59:15.214  1072  1072 E wificond: vivo add tx_good 613275 tx_bad 35 rx_good 1494705 tx_retry 80510
12-19 18:59:18.239  1072  1072 E wificond: vivo add tx_good 613275 tx_bad 35 rx_good 1494708 tx_retry 80510
12-19 18:59:21.256  1072  1072 E wificond: vivo add tx_good 613275 tx_bad 35 rx_good 1494721 tx_retry 80510
12-19 18:59:24.277  1072  1072 E wificond: vivo add tx_good 613276 tx_bad 35 rx_good 1494730 tx_retry 80510
12-19 18:59:27.298  1072  1072 E wificond: vivo add tx_good 613287 tx_bad 35 rx_good 1494748 tx_retry 80512
12-19 18:59:30.316  1072  1072 E wificond: vivo add tx_good 613288 tx_bad 35 rx_good 1494758 tx_retry 80512
12-19 18:59:33.339  1072  1072 E wificond: vivo add tx_good 613290 tx_bad 35 rx_good 1494759 tx_retry 80512
12-19 18:59:36.355  1072  1072 E wificond: vivo add tx_good 613291 tx_bad 35 rx_good 1494771 tx_retry 80512
12-19 18:59:39.380  1072  1072 E wificond: vivo add tx_good 613291 tx_bad 35 rx_good 1494776 tx_retry 80512
12-19 18:59:42.398  1072  1072 E wificond: vivo add tx_good 613291 tx_bad 35 rx_good 1494780 tx_retry 80512
12-19 18:59:45.422  1072  1072 E wificond: vivo add tx_good 613291 tx_bad 35 rx_good 1494785 tx_retry 80512
12-19 18:59:48.441  1072  1072 E wificond: vivo add tx_good 613291 tx_bad 35 rx_good 1494785 tx_retry 80512
12-19 18:59:51.464  1072  1072 E wificond: vivo add tx_good 613292 tx_bad 35 rx_good 1494797 tx_retry 80512
12-19 18:59:54.486  1072  1072 E wificond: vivo add tx_good 613292 tx_bad 35 rx_good 1494803 tx_retry 80512
12-19 18:59:57.506  1072  1072 E wificond: vivo add tx_good 613294 tx_bad 35 rx_good 1494814 tx_retry 80512
12-19 19:00:00.522  1072  1072 E wificond: vivo add tx_good 613294 tx_bad 35 rx_good 1494829 tx_retry 80512
12-19 19:00:03.549  1072  1072 E wificond: vivo add tx_good 613294 tx_bad 35 rx_good 1494842 tx_retry 80512
12-19 19:00:06.565  1072  1072 E wificond: vivo add tx_good 613294 tx_bad 35 rx_good 1494858 tx_retry 80512
12-19 19:00:09.594  1072  1072 E wificond: vivo add tx_good 613294 tx_bad 35 rx_good 1494865 tx_retry 80512
12-19 19:00:12.613  1072  1072 E wificond: vivo add tx_good 613295 tx_bad 35 rx_good 1494869 tx_retry 80512
12-19 19:00:15.631  1072  1072 E wificond: vivo add tx_good 613295 tx_bad 35 rx_good 1494876 tx_retry 80512
