12-19 18:31:20.183  8788  8788 I SurfaceView: updateSystemUiVisibility, blackBackground = false, viewVisibility = 0, appBounds = Rect(0, 0 - 1080, 2160), mScreenRect = Rect(0, -2027 - 1080, -107), surface = com.ysdq.video.widget.SurfaceRenderView{b846ed8 V.E...... ........ 0,-18-1080,1902}
12-19 18:31:20.270  8788  8788 I SurfaceView: updateSystemUiVisibility, blackBackground = false, viewVisibility = 0, appBounds = Rect(0, 0 - 1080, 2160), mScreenRect = Rect(0, -2027 - 1080, -107), surface = com.ysdq.video.widget.SurfaceRenderView{b846ed8 V.E...... ........ 0,-18-1080,1902}
12-19 18:31:20.664  8788  8788 I SurfaceView: updateSystemUiVisibility, blackBackground = false, viewVisibility = 0, appBounds = Rect(0, 0 - 1080, 2160), mScreenRect = Rect(0, 0 - 1080, 1884), surface = com.ysdq.video.widget.SurfaceRenderView{bf19287 V.E...... ......ID 0,0-1080,1884}
12-19 18:31:21.047  1803  2216 I chatty  : uid=1000(system) AntiMisoperatio expire 1 line
12-19 18:31:21.060  8788  8788 I SurfaceView: updateSystemUiVisibility, blackBackground = false, viewVisibility = 0, appBounds = Rect(0, 0 - 1080, 2160), mScreenRect = Rect(0, -18 - 1080, 1902), surface = com.ysdq.video.widget.SurfaceRenderView{bf19287 V.E...... ......ID 0,-18-1080,1902}
12-19 18:31:21.070  1072  1072 E wificond: vivo add tx_good 539274 tx_bad 35 rx_good 1301779 tx_retry 71899
12-19 18:31:24.086  1072  1072 E wificond: vivo add tx_good 539565 tx_bad 35 rx_good 1302905 tx_retry 71954
12-19 18:31:27.106  1072  1072 E wificond: vivo add tx_good 539577 tx_bad 35 rx_good 1302931 tx_retry 71957
12-19 18:31:30.124  1072  1072 E wificond: vivo add tx_good 539578 tx_bad 35 rx_good 1302934 tx_retry 71957
12-19 18:31:33.143  1072  1072 E wificond: vivo add tx_good 539709 tx_bad 35 rx_good 1303433 tx_retry 71981
12-19 18:31:36.165  1072  1072 E wificond: vivo add tx_good 539710 tx_bad 35 rx_good 1303439 tx_retry 71981
12-19 18:31:39.175  1072  1072 E wificond: vivo add tx_good 539842 tx_bad 35 rx_good 1303727 tx_retry 71987
12-19 18:31:42.195  1072  1072 E wificond: vivo add tx_good 539843 tx_bad 35 rx_good 1303748 tx_retry 71987
12-19 18:31:45.213  1072  1072 E wificond: vivo add tx_good 539997 tx_bad 35 rx_good 1304143 tx_retry 72000
12-19 18:31:48.230  1072  1072 E wificond: vivo add tx_good 540009 tx_bad 35 rx_good 1304149 tx_retry 72001
12-19 18:31:51.251  1072  1072 E wificond: vivo add tx_good 540017 tx_bad 35 rx_good 1304159 tx_retry 72001
12-19 18:31:54.271  1072  1072 E wificond: vivo add tx_good 540019 tx_bad 35 rx_good 1304165 tx_retry 72002
12-19 18:31:57.287  1072  1072 E wificond: vivo add tx_good 540185 tx_bad 35 rx_good 1304736 tx_retry 72031
12-19 18:32:00.309  1072  1072 E wificond: vivo add tx_good 540185 tx_bad 35 rx_good 1304745 tx_retry 72031
12-19 18:32:00.399  1803  1919 I chatty  : uid=1000(system) ActivityManager expire 3 lines
12-19 18:32:03.328  1072  1072 E wificond: vivo add tx_good 540361 tx_bad 35 rx_good 1305140 tx_retry 72041
12-19 18:32:06.341  1072  1072 E wificond: vivo add tx_good 540372 tx_bad 35 rx_good 1305148 tx_retry 72042
12-19 18:32:07.808  1803  2516 I chatty  : uid=1000(system) Binder:1803_6 expire 16 lines
12-19 18:32:09.359  1072  1072 E wificond: vivo add tx_good 540374 tx_bad 35 rx_good 1305153 tx_retry 72043
12-19 18:32:12.382  1072  1072 E wificond: vivo add tx_good 540386 tx_bad 35 rx_good 1305182 tx_retry 72046
12-19 18:32:15.402  1072  1072 E wificond: vivo add tx_good 540387 tx_bad 35 rx_good 1305192 tx_retry 72046
12-19 18:32:18.424  1072  1072 E wificond: vivo add tx_good 540388 tx_bad 35 rx_good 1305200 tx_retry 72046
12-19 18:32:21.434  1072  1072 E wificond: vivo add tx_good 540398 tx_bad 35 rx_good 1305216 tx_retry 72047
12-19 18:32:24.452  1072  1072 E wificond: vivo add tx_good 540398 tx_bad 35 rx_good 1305221 tx_retry 72047
12-19 18:32:25.771  1803  2147 I chatty  : uid=1000(system) Binder:1803_3 expire 13 lines
12-19 18:32:25.772  1803  1977 I chatty  : uid=1000(system) android.fg expire 77 lines
12-19 18:32:25.810  1803  2564 I chatty  : uid=1000(system) Binder:1803_9 expire 13 lines
12-19 18:32:25.820  1803  5196 I chatty  : uid=1000(system) Binder:1803_15 expire 16 lines
12-19 18:32:26.065  1803  2119 I chatty  : uid=1000(system) NetdConnector expire 39 lines
12-19 18:32:26.069  1803  2120 I chatty  : uid=1000(system) NetworkStats expire 52 lines
12-19 18:32:26.377  1803  2629 I chatty  : uid=1000(system) Binder:1803_D expire 24 lines
12-19 18:32:27.466  1072  1072 E wificond: vivo add tx_good 540400 tx_bad 35 rx_good 1305236 tx_retry 72048
12-19 18:32:28.776  1803 11696 I chatty  : uid=1000(system) Binder:1803_20 expire 7 lines
12-19 18:32:30.484  1072  1072 E wificond: vivo add tx_good 540400 tx_bad 35 rx_good 1305240 tx_retry 72048
12-19 18:32:33.494  1072  1072 E wificond: vivo add tx_good 540401 tx_bad 35 rx_good 1305254 tx_retry 72048
12-19 18:32:35.159  1803  5212 I chatty  : uid=1000(system) Binder:1803_1C expire 4 lines
12-19 18:32:36.513  1072  1072 E wificond: vivo add tx_good 540401 tx_bad 35 rx_good 1305263 tx_retry 72048
12-19 18:32:39.526  1072  1072 E wificond: vivo add tx_good 540402 tx_bad 35 rx_good 1305270 tx_retry 72048
12-19 18:32:42.543  1072  1072 E wificond: vivo add tx_good 540402 tx_bad 35 rx_good 1305284 tx_retry 72048
12-19 18:32:45.563  1072  1072 E wificond: vivo add tx_good 540402 tx_bad 35 rx_good 1305290 tx_retry 72048
12-19 18:32:48.578  1072  1072 E wificond: vivo add tx_good 540402 tx_bad 35 rx_good 1305298 tx_retry 72048
12-19 18:32:50.087  8788  8788 I SurfaceView: updateSystemUiVisibility, blackBackground = false, viewVisibility = 0, appBounds = Rect(0, 0 - 1080, 2160), mScreenRect = Rect(0, -421 - 1080, 1499), surface = com.ysdq.video.widget.SurfaceRenderView{bf19287 V.E...... ........ 0,-18-1080,1902}
12-19 18:32:50.111  8788  8788 I SurfaceView: updateSystemUiVisibility, blackBackground = false, viewVisibility = 0, appBounds = Rect(0, 0 - 1080, 2160), mScreenRect = Rect(0, -611 - 1080, 1309), surface = com.ysdq.video.widget.SurfaceRenderView{bf19287 V.E...... ........ 0,-18-1080,1902}
12-19 18:32:50.119  8788  8788 I SurfaceView: updateSystemUiVisibility, blackBackground = false, viewVisibility = 0, appBounds = Rect(0, 0 - 1080, 2160), mScreenRect = Rect(0, -779 - 1080, 1141), surface = com.ysdq.video.widget.SurfaceRenderView{bf19287 V.E...... ........ 0,-18-1080,1902}
12-19 18:32:50.137  8788  8788 I SurfaceView: updateSystemUiVisibility, blackBackground = false, viewVisibility = 0, appBounds = Rect(0, 0 - 1080, 2160), mScreenRect = Rect(0, -946 - 1080, 974), surface = com.ysdq.video.widget.SurfaceRenderView{bf19287 V.E...... ........ 0,-18-1080,1902}
12-19 18:32:50.153  8788  8788 I SurfaceView: updateSystemUiVisibility, blackBackground = false, viewVisibility = 0, appBounds = Rect(0, 0 - 1080, 2160), mScreenRect = Rect(0, -1102 - 1080, 818), surface = com.ysdq.video.widget.SurfaceRenderView{bf19287 V.E...... ........ 0,-18-1080,1902}
12-19 18:32:50.171  8788  8788 I SurfaceView: updateSystemUiVisibility, blackBackground = false, viewVisibility = 0, appBounds = Rect(0, 0 - 1080, 2160), mScreenRect = Rect(0, -1237 - 1080, 683), surface = com.ysdq.video.widget.SurfaceRenderView{bf19287 V.E...... ........ 0,-18-1080,1902}
12-19 18:32:50.188  8788  8788 I SurfaceView: updateSystemUiVisibility, blackBackground = false, viewVisibility = 0, appBounds = Rect(0, 0 - 1080, 2160), mScreenRect = Rect(0, -1370 - 1080, 550), surface = com.ysdq.video.widget.SurfaceRenderView{bf19287 V.E...... ........ 0,-18-1080,1902}
12-19 18:32:50.206  8788  8788 I SurfaceView: updateSystemUiVisibility, blackBackground = false, viewVisibility = 0, appBounds = Rect(0, 0 - 1080, 2160), mScreenRect = Rect(0, -1491 - 1080, 429), surface = com.ysdq.video.widget.SurfaceRenderView{bf19287 V.E...... ........ 0,-18-1080,1902}
12-19 18:32:50.222  8788  8788 I SurfaceView: updateSystemUiVisibility, blackBackground = false, viewVisibility = 0, appBounds = Rect(0, 0 - 1080, 2160), mScreenRect = Rect(0, -1594 - 1080, 326), surface = com.ysdq.video.widget.SurfaceRenderView{bf19287 V.E...... ........ 0,-18-1080,1902}
12-19 18:32:50.239  8788  8788 I SurfaceView: updateSystemUiVisibility, blackBackground = false, viewVisibility = 0, appBounds = Rect(0, 0 - 1080, 2160), mScreenRect = Rect(0, -1692 - 1080, 228), surface = com.ysdq.video.widget.SurfaceRenderView{bf19287 V.E...... ........ 0,-18-1080,1902}
12-19 18:32:50.255  8788  8788 I SurfaceView: updateSystemUiVisibility, blackBackground = false, viewVisibility = 0, appBounds = Rect(0, 0 - 1080, 2160), mScreenRect = Rect(0, -1773 - 1080, 147), surface = com.ysdq.video.widget.SurfaceRenderView{bf19287 V.E...... ........ 0,-18-1080,1902}
12-19 18:32:50.271  8788  8788 I SurfaceView: updateSystemUiVisibility, blackBackground = false, viewVisibility = 0, appBounds = Rect(0, 0 - 1080, 2160), mScreenRect = Rect(0, -1848 - 1080, 72), surface = com.ysdq.video.widget.SurfaceRenderView{bf19287 V.E...... ........ 0,-18-1080,1902}
12-19 18:32:50.288  8788  8788 I SurfaceView: updateSystemUiVisibility, blackBackground = false, viewVisibility = 0, appBounds = Rect(0, 0 - 1080, 2160), mScreenRect = Rect(0, -1908 - 1080, 12), surface = com.ysdq.video.widget.SurfaceRenderView{bf19287 V.E...... ........ 0,-18-1080,1902}
12-19 18:32:50.303  8788  8788 I SurfaceView: updateSystemUiVisibility, blackBackground = false, viewVisibility = 0, appBounds = Rect(0, 0 - 1080, 2160), mScreenRect = Rect(0, -1961 - 1080, -41), surface = com.ysdq.video.widget.SurfaceRenderView{bf19287 V.E...... ........ 0,-18-1080,1902}
12-19 18:32:50.320  8788  8788 I SurfaceView: updateSystemUiVisibility, blackBackground = false, viewVisibility = 0, appBounds = Rect(0, 0 - 1080, 2160), mScreenRect = Rect(0, -1999 - 1080, -79), surface = com.ysdq.video.widget.SurfaceRenderView{bf19287 V.E...... ........ 0,-18-1080,1902}
12-19 18:32:50.337  8788  8788 I SurfaceView: updateSystemUiVisibility, blackBackground = false, viewVisibility = 0, appBounds = Rect(0, 0 - 1080, 2160), mScreenRect = Rect(0, -2028 - 1080, -108), surface = com.ysdq.video.widget.SurfaceRenderView{bf19287 V.E...... ........ 0,-18-1080,1902}
12-19 18:32:50.449  8788  8788 I SurfaceView: updateSystemUiVisibility, blackBackground = false, viewVisibility = 0, appBounds = Rect(0, 0 - 1080, 2160), mScreenRect = Rect(0, -2028 - 1080, -108), surface = com.ysdq.video.widget.SurfaceRenderView{bf19287 V.E...... ........ 0,-18-1080,1902}
12-19 18:32:50.884  8788  8788 I SurfaceView: updateSystemUiVisibility, blackBackground = false, viewVisibility = 0, appBounds = Rect(0, 0 - 1080, 2160), mScreenRect = Rect(0, 0 - 1080, 1884), surface = com.ysdq.video.widget.SurfaceRenderView{f355bea V.E...... ......ID 0,0-1080,1884}
12-19 18:32:51.552  1803  2216 I chatty  : uid=1000(system) AntiMisoperatio expire 1 line
12-19 18:32:51.564  8788  8788 I SurfaceView: updateSystemUiVisibility, blackBackground = false, viewVisibility = 0, appBounds = Rect(0, 0 - 1080, 2160), mScreenRect = Rect(0, -18 - 1080, 1902), surface = com.ysdq.video.widget.SurfaceRenderView{f355bea V.E...... ......ID 0,-18-1080,1902}
12-19 18:32:51.586  1072  1072 E wificond: vivo add tx_good 540776 tx_bad 35 rx_good 1306428 tx_retry 72094
12-19 18:32:54.596  1072  1072 E wificond: vivo add tx_good 541201 tx_bad 35 rx_good 1307475 tx_retry 72133
12-19 18:32:57.616  1072  1072 E wificond: vivo add tx_good 541412 tx_bad 35 rx_good 1307983 tx_retry 72160
12-19 18:33:00.634  1072  1072 E wificond: vivo add tx_good 541412 tx_bad 35 rx_good 1307986 tx_retry 72160
12-19 18:33:03.653  1072  1072 E wificond: vivo add tx_good 541414 tx_bad 35 rx_good 1307992 tx_retry 72160
12-19 18:33:06.667  1072  1072 E wificond: vivo add tx_good 541414 tx_bad 35 rx_good 1307999 tx_retry 72160
12-19 18:33:09.688  1072  1072 E wificond: vivo add tx_good 541588 tx_bad 35 rx_good 1308466 tx_retry 72175
12-19 18:33:12.706  1072  1072 E wificond: vivo add tx_good 541588 tx_bad 35 rx_good 1308478 tx_retry 72175
12-19 18:33:15.725  1072  1072 E wificond: vivo add tx_good 541588 tx_bad 35 rx_good 1308485 tx_retry 72175
12-19 18:33:18.741  1072  1072 E wificond: vivo add tx_good 541731 tx_bad 35 rx_good 1308926 tx_retry 72189
12-19 18:33:21.759  1072  1072 E wificond: vivo add tx_good 541739 tx_bad 35 rx_good 1308934 tx_retry 72189
12-19 18:33:24.790  1072  1072 E wificond: vivo add tx_good 541741 tx_bad 35 rx_good 1308941 tx_retry 72189
12-19 18:33:27.809  1072  1072 E wificond: vivo add tx_good 542000 tx_bad 35 rx_good 1309821 tx_retry 72224
12-19 18:33:30.830  1072  1072 E wificond: vivo add tx_good 542000 tx_bad 35 rx_good 1309828 tx_retry 72224
12-19 18:33:33.847  1072  1072 E wificond: vivo add tx_good 542000 tx_bad 35 rx_good 1309835 tx_retry 72224
12-19 18:33:36.863  1072  1072 E wificond: vivo add tx_good 542206 tx_bad 35 rx_good 1310557 tx_retry 72256
12-19 18:33:39.880  1072  1072 E wificond: vivo add tx_good 542206 tx_bad 35 rx_good 1310563 tx_retry 72256
12-19 18:33:42.902  1072  1072 E wificond: vivo add tx_good 542206 tx_bad 35 rx_good 1310577 tx_retry 72256
12-19 18:33:43.083  1803  5207 I chatty  : uid=1000(system) Binder:1803_1A expire 4 lines
12-19 18:33:44.775  1803  2660 I chatty  : uid=1000(system) Binder:1803_E expire 3 lines
12-19 18:33:45.923  1072  1072 E wificond: vivo add tx_good 542504 tx_bad 35 rx_good 1311560 tx_retry 72303
12-19 18:33:48.945  1072  1072 E wificond: vivo add tx_good 542504 tx_bad 35 rx_good 1311568 tx_retry 72303
12-19 18:33:51.961  1072  1072 E wificond: vivo add tx_good 542513 tx_bad 35 rx_good 1311582 tx_retry 72307
12-19 18:33:54.973  1072  1072 E wificond: vivo add tx_good 542518 tx_bad 35 rx_good 1311592 tx_retry 72308
12-19 18:33:57.993  1072  1072 E wificond: vivo add tx_good 542527 tx_bad 35 rx_good 1311616 tx_retry 72312
12-19 18:33:58.350  1803 10936 I chatty  : uid=1000(system) Binder:1803_1F expire 2 lines
12-19 18:34:01.013  1072  1072 E wificond: vivo add tx_good 542527 tx_bad 35 rx_good 1311618 tx_retry 72312
12-19 18:34:04.020  1072  1072 E wificond: vivo add tx_good 542771 tx_bad 35 rx_good 1312485 tx_retry 72341
12-19 18:34:07.038  1072  1072 E wificond: vivo add tx_good 542772 tx_bad 35 rx_good 1312492 tx_retry 72341
12-19 18:34:10.055  1072  1072 E wificond: vivo add tx_good 542772 tx_bad 35 rx_good 1312498 tx_retry 72341
12-19 18:34:13.075  1072  1072 E wificond: vivo add tx_good 542998 tx_bad 35 rx_good 1313130 tx_retry 72353
12-19 18:34:16.093  1072  1072 E wificond: vivo add tx_good 542999 tx_bad 35 rx_good 1313139 tx_retry 72353
12-19 18:34:19.113  1072  1072 E wificond: vivo add tx_good 542999 tx_bad 35 rx_good 1313142 tx_retry 72353
12-19 18:34:22.136  1072  1072 E wificond: vivo add tx_good 543004 tx_bad 35 rx_good 1313151 tx_retry 72354
12-19 18:34:25.156  1072  1072 E wificond: vivo add tx_good 543033 tx_bad 35 rx_good 1313195 tx_retry 72360
12-19 18:34:28.174  1072  1072 E wificond: vivo add tx_good 543034 tx_bad 35 rx_good 1313209 tx_retry 72360
12-19 18:34:31.193  1072  1072 E wificond: vivo add tx_good 543034 tx_bad 35 rx_good 1313211 tx_retry 72360
12-19 18:34:34.212  1072  1072 E wificond: vivo add tx_good 543034 tx_bad 35 rx_good 1313214 tx_retry 72360
12-19 18:34:35.892  1803  4286 I chatty  : uid=1000(system) Binder:1803_10 expire 4 lines
12-19 18:34:35.919  1803  1977 I chatty  : uid=1000(system) android.fg expire 85 lines
12-19 18:34:35.928  1803 10936 I chatty  : uid=1000(system) Binder:1803_1F expire 11 lines
12-19 18:34:35.938  1803  5196 I chatty  : uid=1000(system) Binder:1803_15 expire 20 lines
12-19 18:34:35.998  1803  5212 I chatty  : uid=1000(system) Binder:1803_1C expire 21 lines
12-19 18:34:36.018  1803  2147 I chatty  : uid=1000(system) Binder:1803_3 expire 14 lines
12-19 18:34:36.075  1803  2629 I chatty  : uid=1000(system) Binder:1803_D expire 17 lines
12-19 18:34:37.228  1072  1072 E wificond: vivo add tx_good 543034 tx_bad 35 rx_good 1313221 tx_retry 72360
12-19 18:34:40.249  1072  1072 E wificond: vivo add tx_good 543034 tx_bad 35 rx_good 1313229 tx_retry 72360
12-19 18:34:43.267  1072  1072 E wificond: vivo add tx_good 543043 tx_bad 35 rx_good 1313255 tx_retry 72362
12-19 18:34:44.676  1803  1978 I chatty  : uid=1000(system) android.io expire 3 lines
12-19 18:34:44.679  1803  1919 I chatty  : uid=1000(system) ActivityManager expire 6 lines
12-19 18:34:46.289  1072  1072 E wificond: vivo add tx_good 543048 tx_bad 35 rx_good 1313266 tx_retry 72363
12-19 18:34:49.308  1072  1072 E wificond: vivo add tx_good 543048 tx_bad 35 rx_good 1313269 tx_retry 72363
12-19 18:34:52.330  1072  1072 E wificond: vivo add tx_good 543055 tx_bad 35 rx_good 1313296 tx_retry 72367
12-19 18:34:53.224  8788  8788 I SurfaceView: updateSystemUiVisibility, blackBackground = false, viewVisibility = 0, appBounds = Rect(0, 0 - 1080, 2160), mScreenRect = Rect(0, -421 - 1080, 1499), surface = com.ysdq.video.widget.SurfaceRenderView{f355bea V.E...... ........ 0,-18-1080,1902}
12-19 18:34:53.239  8788  8788 I SurfaceView: updateSystemUiVisibility, blackBackground = false, viewVisibility = 0, appBounds = Rect(0, 0 - 1080, 2160), mScreenRect = Rect(0, -611 - 1080, 1309), surface = com.ysdq.video.widget.SurfaceRenderView{f355bea V.E...... ........ 0,-18-1080,1902}
12-19 18:34:53.257  8788  8788 I SurfaceView: updateSystemUiVisibility, blackBackground = false, viewVisibility = 0, appBounds = Rect(0, 0 - 1080, 2160), mScreenRect = Rect(0, -779 - 1080, 1141), surface = com.ysdq.video.widget.SurfaceRenderView{f355bea V.E...... ........ 0,-18-1080,1902}
12-19 18:34:53.268  8788  8788 I SurfaceView: updateSystemUiVisibility, blackBackground = false, viewVisibility = 0, appBounds = Rect(0, 0 - 1080, 2160), mScreenRect = Rect(0, -946 - 1080, 974), surface = com.ysdq.video.widget.SurfaceRenderView{f355bea V.E...... ........ 0,-18-1080,1902}
12-19 18:34:53.284  8788  8788 I SurfaceView: updateSystemUiVisibility, blackBackground = false, viewVisibility = 0, appBounds = Rect(0, 0 - 1080, 2160), mScreenRect = Rect(0, -1102 - 1080, 818), surface = com.ysdq.video.widget.SurfaceRenderView{f355bea V.E...... ........ 0,-18-1080,1902}
12-19 18:34:53.303  8788  8788 I SurfaceView: updateSystemUiVisibility, blackBackground = false, viewVisibility = 0, appBounds = Rect(0, 0 - 1080, 2160), mScreenRect = Rect(0, -1237 - 1080, 683), surface = com.ysdq.video.widget.SurfaceRenderView{f355bea V.E...... ........ 0,-18-1080,1902}
12-19 18:34:53.317  8788  8788 I SurfaceView: updateSystemUiVisibility, blackBackground = false, viewVisibility = 0, appBounds = Rect(0, 0 - 1080, 2160), mScreenRect = Rect(0, -1370 - 1080, 550), surface = com.ysdq.video.widget.SurfaceRenderView{f355bea V.E...... ........ 0,-18-1080,1902}
12-19 18:34:53.335  8788  8788 I SurfaceView: updateSystemUiVisibility, blackBackground = false, viewVisibility = 0, appBounds = Rect(0, 0 - 1080, 2160), mScreenRect = Rect(0, -1484 - 1080, 436), surface = com.ysdq.video.widget.SurfaceRenderView{f355bea V.E...... ........ 0,-18-1080,1902}
12-19 18:34:53.351  8788  8788 I SurfaceView: updateSystemUiVisibility, blackBackground = false, viewVisibility = 0, appBounds = Rect(0, 0 - 1080, 2160), mScreenRect = Rect(0, -1594 - 1080, 326), surface = com.ysdq.video.widget.SurfaceRenderView{f355bea V.E...... ........ 0,-18-1080,1902}
12-19 18:34:53.370  8788  8788 I SurfaceView: updateSystemUiVisibility, blackBackground = false, viewVisibility = 0, appBounds = Rect(0, 0 - 1080, 2160), mScreenRect = Rect(0, -1692 - 1080, 228), surface = com.ysdq.video.widget.SurfaceRenderView{f355bea V.E...... ........ 0,-18-1080,1902}
12-19 18:34:53.388  8788  8788 I SurfaceView: updateSystemUiVisibility, blackBackground = false, viewVisibility = 0, appBounds = Rect(0, 0 - 1080, 2160), mScreenRect = Rect(0, -1773 - 1080, 147), surface = com.ysdq.video.widget.SurfaceRenderView{f355bea V.E...... ........ 0,-18-1080,1902}
12-19 18:34:53.402  8788  8788 I SurfaceView: updateSystemUiVisibility, blackBackground = false, viewVisibility = 0, appBounds = Rect(0, 0 - 1080, 2160), mScreenRect = Rect(0, -1848 - 1080, 72), surface = com.ysdq.video.widget.SurfaceRenderView{f355bea V.E...... ........ 0,-18-1080,1902}
12-19 18:34:53.420  8788  8788 I SurfaceView: updateSystemUiVisibility, blackBackground = false, viewVisibility = 0, appBounds = Rect(0, 0 - 1080, 2160), mScreenRect = Rect(0, -1912 - 1080, 8), surface = com.ysdq.video.widget.SurfaceRenderView{f355bea V.E...... ........ 0,-18-1080,1902}
12-19 18:34:53.435  8788  8788 I SurfaceView: updateSystemUiVisibility, blackBackground = false, viewVisibility = 0, appBounds = Rect(0, 0 - 1080, 2160), mScreenRect = Rect(0, -1961 - 1080, -41), surface = com.ysdq.video.widget.SurfaceRenderView{f355bea V.E...... ........ 0,-18-1080,1902}
12-19 18:34:53.450  8788  8788 I SurfaceView: updateSystemUiVisibility, blackBackground = false, viewVisibility = 0, appBounds = Rect(0, 0 - 1080, 2160), mScreenRect = Rect(0, -2001 - 1080, -81), surface = com.ysdq.video.widget.SurfaceRenderView{f355bea V.E...... ........ 0,-18-1080,1902}
12-19 18:34:53.468  8788  8788 I SurfaceView: updateSystemUiVisibility, blackBackground = false, viewVisibility = 0, appBounds = Rect(0, 0 - 1080, 2160), mScreenRect = Rect(0, -2028 - 1080, -108), surface = com.ysdq.video.widget.SurfaceRenderView{f355bea V.E...... ........ 0,-18-1080,1902}
12-19 18:34:53.551  8788  8788 I SurfaceView: updateSystemUiVisibility, blackBackground = false, viewVisibility = 0, appBounds = Rect(0, 0 - 1080, 2160), mScreenRect = Rect(0, -2028 - 1080, -108), surface = com.ysdq.video.widget.SurfaceRenderView{f355bea V.E...... ........ 0,-18-1080,1902}
12-19 18:34:54.149  8788  8788 I SurfaceView: updateSystemUiVisibility, blackBackground = false, viewVisibility = 0, appBounds = Rect(0, 0 - 1080, 2160), mScreenRect = Rect(0, 0 - 1080, 1884), surface = com.ysdq.video.widget.SurfaceRenderView{16e154d V.E...... ......ID 0,0-1080,1884}
12-19 18:34:54.447  1803  2119 I chatty  : uid=1000(system) NetdConnector expire 25 lines
12-19 18:34:54.450  1803  2120 I chatty  : uid=1000(system) NetworkStats expire 28 lines
12-19 18:34:54.536  1803  2216 I chatty  : uid=1000(system) AntiMisoperatio expire 1 line
12-19 18:34:54.547  8788  8788 I SurfaceView: updateSystemUiVisibility, blackBackground = false, viewVisibility = 0, appBounds = Rect(0, 0 - 1080, 2160), mScreenRect = Rect(0, -18 - 1080, 1902), surface = com.ysdq.video.widget.SurfaceRenderView{16e154d V.E...... ......ID 0,-18-1080,1902}
12-19 18:34:55.348  1072  1072 E wificond: vivo add tx_good 543795 tx_bad 35 rx_good 1315178 tx_retry 72458
12-19 18:34:58.372  1072  1072 E wificond: vivo add tx_good 543955 tx_bad 35 rx_good 1315585 tx_retry 72493
12-19 18:34:58.379  1803  2516 I chatty  : uid=1000(system) Binder:1803_6 expire 18 lines
12-19 18:35:01.390  1072  1072 E wificond: vivo add tx_good 544216 tx_bad 35 rx_good 1315810 tx_retry 72544
12-19 18:35:04.413  1072  1072 E wificond: vivo add tx_good 544348 tx_bad 35 rx_good 1315905 tx_retry 72565
12-19 18:35:07.431  1072  1072 E wificond: vivo add tx_good 544352 tx_bad 35 rx_good 1315912 tx_retry 72566
12-19 18:35:10.438  1072  1072 E wificond: vivo add tx_good 544508 tx_bad 35 rx_good 1316410 tx_retry 72611
12-19 18:35:13.448  1072  1072 E wificond: vivo add tx_good 544527 tx_bad 35 rx_good 1316439 tx_retry 72617
12-19 18:35:16.456  1072  1072 E wificond: vivo add tx_good 544689 tx_bad 35 rx_good 1316820 tx_retry 72659
12-19 18:35:19.464  1072  1072 E wificond: vivo add tx_good 544713 tx_bad 35 rx_good 1316839 tx_retry 72661
12-19 18:35:22.482  1072  1072 E wificond: vivo add tx_good 544717 tx_bad 35 rx_good 1316843 tx_retry 72661
12-19 18:35:25.511  1072  1072 E wificond: vivo add tx_good 544855 tx_bad 35 rx_good 1317187 tx_retry 72685
12-19 18:35:28.519  1072  1072 E wificond: vivo add tx_good 544863 tx_bad 35 rx_good 1317196 tx_retry 72689
12-19 18:35:31.539  1072  1072 E wificond: vivo add tx_good 544864 tx_bad 35 rx_good 1317224 tx_retry 72689
12-19 18:35:34.558  1072  1072 E wificond: vivo add tx_good 544865 tx_bad 35 rx_good 1317237 tx_retry 72689
12-19 18:35:37.576  1072  1072 E wificond: vivo add tx_good 544867 tx_bad 35 rx_good 1317246 tx_retry 72690
12-19 18:35:40.588  1072  1072 E wificond: vivo add tx_good 545017 tx_bad 35 rx_good 1317533 tx_retry 72707
12-19 18:35:43.596  1072  1072 E wificond: vivo add tx_good 545020 tx_bad 35 rx_good 1317540 tx_retry 72708
12-19 18:35:46.612  1072  1072 E wificond: vivo add tx_good 545020 tx_bad 35 rx_good 1317559 tx_retry 72708
12-19 18:35:49.627  1072  1072 E wificond: vivo add tx_good 545193 tx_bad 35 rx_good 1317957 tx_retry 72724
12-19 18:35:52.644  1072  1072 E wificond: vivo add tx_good 545198 tx_bad 35 rx_good 1317966 tx_retry 72724
12-19 18:35:55.651  1072  1072 E wificond: vivo add tx_good 545349 tx_bad 35 rx_good 1318364 tx_retry 72761
12-19 18:35:57.586  1803  1936 I chatty  : uid=1000(system) batterystats-wo expire 4 lines
12-19 18:35:58.667  1072  1072 E wificond: vivo add tx_good 545353 tx_bad 35 rx_good 1318370 tx_retry 72761
12-19 18:36:01.683  1072  1072 E wificond: vivo add tx_good 545450 tx_bad 35 rx_good 1318618 tx_retry 72770
12-19 18:36:04.702  1072  1072 E wificond: vivo add tx_good 545450 tx_bad 35 rx_good 1318625 tx_retry 72770
12-19 18:36:07.718  1072  1072 E wificond: vivo add tx_good 545450 tx_bad 35 rx_good 1318630 tx_retry 72770
12-19 18:36:10.726  1072  1072 E wificond: vivo add tx_good 545453 tx_bad 35 rx_good 1318641 tx_retry 72771
12-19 18:36:13.739  1072  1072 E wificond: vivo add tx_good 545453 tx_bad 35 rx_good 1318646 tx_retry 72771
12-19 18:36:13.997  1803  2099 I chatty  : uid=1000(system) AlarmManager expire 3 lines
12-19 18:36:16.755  1072  1072 E wificond: vivo add tx_good 545454 tx_bad 35 rx_good 1318665 tx_retry 72771
12-19 18:36:19.768  1072  1072 E wificond: vivo add tx_good 545458 tx_bad 35 rx_good 1318685 tx_retry 72773
12-19 18:36:22.785  1072  1072 E wificond: vivo add tx_good 545458 tx_bad 35 rx_good 1318692 tx_retry 72773
12-19 18:36:25.801  1072  1072 E wificond: vivo add tx_good 545458 tx_bad 35 rx_good 1318697 tx_retry 72773
12-19 18:36:28.820  1072  1072 E wificond: vivo add tx_good 545460 tx_bad 35 rx_good 1318704 tx_retry 72773
12-19 18:36:31.837  1072  1072 E wificond: vivo add tx_good 545460 tx_bad 35 rx_good 1318723 tx_retry 72773
12-19 18:36:34.848  1072  1072 E wificond: vivo add tx_good 545467 tx_bad 35 rx_good 1318740 tx_retry 72774
12-19 18:36:37.865  1072  1072 E wificond: vivo add tx_good 545467 tx_bad 35 rx_good 1318747 tx_retry 72774
12-19 18:36:40.880  1072  1072 E wificond: vivo add tx_good 545467 tx_bad 35 rx_good 1318752 tx_retry 72774
12-19 18:36:43.900  1072  1072 E wificond: vivo add tx_good 545467 tx_bad 35 rx_good 1318757 tx_retry 72774
12-19 18:36:46.917  1072  1072 E wificond: vivo add tx_good 545469 tx_bad 35 rx_good 1318776 tx_retry 72774
12-19 18:36:49.938  1072  1072 E wificond: vivo add tx_good 545470 tx_bad 35 rx_good 1318781 tx_retry 72774
12-19 18:36:52.651  1803  1977 I chatty  : uid=1000(system) android.fg expire 7 lines
12-19 18:36:52.660  1803  2516 I chatty  : uid=1000(system) Binder:1803_6 expire 6 lines
12-19 18:36:52.666  8788  8788 I SurfaceView: updateSystemUiVisibility, blackBackground = false, viewVisibility = 0, appBounds = Rect(0, 0 - 1080, 2160), mScreenRect = Rect(0, -421 - 1080, 1499), surface = com.ysdq.video.widget.SurfaceRenderView{16e154d V.E...... ........ 0,-18-1080,1902}
12-19 18:36:52.671  1803  4286 I chatty  : uid=1000(system) Binder:1803_10 expire 12 lines
12-19 18:36:52.683  8788  8788 I SurfaceView: updateSystemUiVisibility, blackBackground = false, viewVisibility = 0, appBounds = Rect(0, 0 - 1080, 2160), mScreenRect = Rect(0, -600 - 1080, 1320), surface = com.ysdq.video.widget.SurfaceRenderView{16e154d V.E...... ........ 0,-18-1080,1902}
12-19 18:36:52.684  1803  2629 I chatty  : uid=1000(system) Binder:1803_D expire 16 lines
12-19 18:36:52.692  8788  8788 I SurfaceView: updateSystemUiVisibility, blackBackground = false, viewVisibility = 0, appBounds = Rect(0, 0 - 1080, 2160), mScreenRect = Rect(0, -779 - 1080, 1141), surface = com.ysdq.video.widget.SurfaceRenderView{16e154d V.E...... ........ 0,-18-1080,1902}
12-19 18:36:52.707  8788  8788 I SurfaceView: updateSystemUiVisibility, blackBackground = false, viewVisibility = 0, appBounds = Rect(0, 0 - 1080, 2160), mScreenRect = Rect(0, -946 - 1080, 974), surface = com.ysdq.video.widget.SurfaceRenderView{16e154d V.E...... ........ 0,-18-1080,1902}
12-19 18:36:52.728  8788  8788 I SurfaceView: updateSystemUiVisibility, blackBackground = false, viewVisibility = 0, appBounds = Rect(0, 0 - 1080, 2160), mScreenRect = Rect(0, -1093 - 1080, 827), surface = com.ysdq.video.widget.SurfaceRenderView{16e154d V.E...... ........ 0,-18-1080,1902}
12-19 18:36:52.739  8788  8788 I SurfaceView: updateSystemUiVisibility, blackBackground = false, viewVisibility = 0, appBounds = Rect(0, 0 - 1080, 2160), mScreenRect = Rect(0, -1237 - 1080, 683), surface = com.ysdq.video.widget.SurfaceRenderView{16e154d V.E...... ........ 0,-18-1080,1902}
12-19 18:36:52.757  8788  8788 I SurfaceView: updateSystemUiVisibility, blackBackground = false, viewVisibility = 0, appBounds = Rect(0, 0 - 1080, 2160), mScreenRect = Rect(0, -1362 - 1080, 558), surface = com.ysdq.video.widget.SurfaceRenderView{16e154d V.E...... ........ 0,-18-1080,1902}
12-19 18:36:52.774  8788  8788 I SurfaceView: updateSystemUiVisibility, blackBackground = false, viewVisibility = 0, appBounds = Rect(0, 0 - 1080, 2160), mScreenRect = Rect(0, -1484 - 1080, 436), surface = com.ysdq.video.widget.SurfaceRenderView{16e154d V.E...... ........ 0,-18-1080,1902}
12-19 18:36:52.789  8788  8788 I SurfaceView: updateSystemUiVisibility, blackBackground = false, viewVisibility = 0, appBounds = Rect(0, 0 - 1080, 2160), mScreenRect = Rect(0, -1594 - 1080, 326), surface = com.ysdq.video.widget.SurfaceRenderView{16e154d V.E...... ........ 0,-18-1080,1902}
12-19 18:36:52.806  8788  8788 I SurfaceView: updateSystemUiVisibility, blackBackground = false, viewVisibility = 0, appBounds = Rect(0, 0 - 1080, 2160), mScreenRect = Rect(0, -1686 - 1080, 234), surface = com.ysdq.video.widget.SurfaceRenderView{16e154d V.E...... ........ 0,-18-1080,1902}
12-19 18:36:52.824  8788  8788 I SurfaceView: updateSystemUiVisibility, blackBackground = false, viewVisibility = 0, appBounds = Rect(0, 0 - 1080, 2160), mScreenRect = Rect(0, -1773 - 1080, 147), surface = com.ysdq.video.widget.SurfaceRenderView{16e154d V.E...... ........ 0,-18-1080,1902}
12-19 18:36:52.840  8788  8788 I SurfaceView: updateSystemUiVisibility, blackBackground = false, viewVisibility = 0, appBounds = Rect(0, 0 - 1080, 2160), mScreenRect = Rect(0, -1844 - 1080, 76), surface = com.ysdq.video.widget.SurfaceRenderView{16e154d V.E...... ........ 0,-18-1080,1902}
12-19 18:36:52.857  8788  8788 I SurfaceView: updateSystemUiVisibility, blackBackground = false, viewVisibility = 0, appBounds = Rect(0, 0 - 1080, 2160), mScreenRect = Rect(0, -1908 - 1080, 12), surface = com.ysdq.video.widget.SurfaceRenderView{16e154d V.E...... ........ 0,-18-1080,1902}
12-19 18:36:52.874  8788  8788 I SurfaceView: updateSystemUiVisibility, blackBackground = false, viewVisibility = 0, appBounds = Rect(0, 0 - 1080, 2160), mScreenRect = Rect(0, -1961 - 1080, -41), surface = com.ysdq.video.widget.SurfaceRenderView{16e154d V.E...... ........ 0,-18-1080,1902}
12-19 18:36:52.890  8788  8788 I SurfaceView: updateSystemUiVisibility, blackBackground = false, viewVisibility = 0, appBounds = Rect(0, 0 - 1080, 2160), mScreenRect = Rect(0, -1999 - 1080, -79), surface = com.ysdq.video.widget.SurfaceRenderView{16e154d V.E...... ........ 0,-18-1080,1902}
12-19 18:36:52.907  8788  8788 I SurfaceView: updateSystemUiVisibility, blackBackground = false, viewVisibility = 0, appBounds = Rect(0, 0 - 1080, 2160), mScreenRect = Rect(0, -2028 - 1080, -108), surface = com.ysdq.video.widget.SurfaceRenderView{16e154d V.E...... ........ 0,-18-1080,1902}
12-19 18:36:52.957  1072  1072 E wificond: vivo add tx_good 545471 tx_bad 35 rx_good 1318788 tx_retry 72774
12-19 18:36:53.041  8788  8788 I SurfaceView: updateSystemUiVisibility, blackBackground = false, viewVisibility = 0, appBounds = Rect(0, 0 - 1080, 2160), mScreenRect = Rect(0, -2028 - 1080, -108), surface = com.ysdq.video.widget.SurfaceRenderView{16e154d V.E...... ........ 0,-18-1080,1902}
12-19 18:36:53.056  1803  5196 I chatty  : uid=1000(system) Binder:1803_15 expire 15 lines
12-19 18:36:53.536  8788  8788 I SurfaceView: updateSystemUiVisibility, blackBackground = false, viewVisibility = 0, appBounds = Rect(0, 0 - 1080, 2160), mScreenRect = Rect(0, 0 - 1080, 1884), surface = com.ysdq.video.widget.SurfaceRenderView{4acece5 V.E...... ......ID 0,0-1080,1884}
12-19 18:36:53.890  1803  2119 I chatty  : uid=1000(system) NetdConnector expire 18 lines
12-19 18:36:53.895  1803  2120 I chatty  : uid=1000(system) NetworkStats expire 24 lines
12-19 18:36:54.085  1803  2216 I chatty  : uid=1000(system) AntiMisoperatio expire 1 line
12-19 18:36:54.101  8788  8788 I SurfaceView: updateSystemUiVisibility, blackBackground = false, viewVisibility = 0, appBounds = Rect(0, 0 - 1080, 2160), mScreenRect = Rect(0, -18 - 1080, 1902), surface = com.ysdq.video.widget.SurfaceRenderView{4acece5 V.E...... ......ID 0,-18-1080,1902}
12-19 18:36:55.976  1072  1072 E wificond: vivo add tx_good 546309 tx_bad 35 rx_good 1320771 tx_retry 72852
12-19 18:36:58.462  1803  2147 I chatty  : uid=1000(system) Binder:1803_3 expire 15 lines
12-19 18:36:58.998  1072  1072 E wificond: vivo add tx_good 546433 tx_bad 35 rx_good 1321305 tx_retry 72874
12-19 18:37:02.015  1072  1072 E wificond: vivo add tx_good 546433 tx_bad 35 rx_good 1321322 tx_retry 72874
12-19 18:37:05.041  1072  1072 E wificond: vivo add tx_good 546579 tx_bad 35 rx_good 1321773 tx_retry 72903
12-19 18:37:08.058  1072  1072 E wificond: vivo add tx_good 546581 tx_bad 35 rx_good 1321780 tx_retry 72903
12-19 18:37:11.086  1072  1072 E wificond: vivo add tx_good 546583 tx_bad 35 rx_good 1321789 tx_retry 72903
12-19 18:37:14.106  1072  1072 E wificond: vivo add tx_good 546584 tx_bad 35 rx_good 1321799 tx_retry 72904
12-19 18:37:17.123  1072  1072 E wificond: vivo add tx_good 546584 tx_bad 35 rx_good 1321815 tx_retry 72904
12-19 18:37:20.142  1072  1072 E wificond: vivo add tx_good 546584 tx_bad 35 rx_good 1321815 tx_retry 72904
12-19 18:37:23.165  1072  1072 E wificond: vivo add tx_good 546731 tx_bad 35 rx_good 1322236 tx_retry 72925
12-19 18:37:26.168  1072  1072 E wificond: vivo add tx_good 546734 tx_bad 35 rx_good 1322243 tx_retry 72926
12-19 18:37:29.233  1072  1072 E wificond: vivo add tx_good 546870 tx_bad 35 rx_good 1322727 tx_retry 72949
12-19 18:37:32.252  1072  1072 E wificond: vivo add tx_good 546870 tx_bad 35 rx_good 1322744 tx_retry 72949
12-19 18:37:35.262  1072  1072 E wificond: vivo add tx_good 546870 tx_bad 35 rx_good 1322754 tx_retry 72949
12-19 18:37:35.636  1803  1920 I chatty  : uid=1000(system) android.ui expire 123 lines
12-19 18:37:38.276  1072  1072 E wificond: vivo add tx_good 546870 tx_bad 35 rx_good 1322795 tx_retry 72949
12-19 18:37:41.290  1072  1072 E wificond: vivo add tx_good 546988 tx_bad 35 rx_good 1323128 tx_retry 72950
12-19 18:37:41.632  1803  1919 I chatty  : uid=1000(system) ActivityManager expire 48 lines
12-19 18:37:42.032  1803  2629 I chatty  : uid=1000(system) Binder:1803_D expire 19 lines
12-19 18:37:42.035  1803  2147 I chatty  : uid=1000(system) Binder:1803_3 expire 13 lines
12-19 18:37:43.249  1803  1920 I chatty  : uid=1000(system) android.ui expire 10 lines
12-19 18:37:44.305  1072  1072 E wificond: vivo add tx_good 547025 tx_bad 35 rx_good 1323190 tx_retry 72957
12-19 18:37:46.330  1803  1977 I chatty  : uid=1000(system) android.fg expire 45 lines
12-19 18:37:46.336  1803  5196 I chatty  : uid=1000(system) Binder:1803_15 expire 9 lines
12-19 18:37:46.384  1803  2516 I chatty  : uid=1000(system) Binder:1803_6 expire 13 lines
12-19 18:37:46.393  1803  4286 I chatty  : uid=1000(system) Binder:1803_10 expire 8 lines
12-19 18:37:47.320  1072  1072 E wificond: vivo add tx_good 547025 tx_bad 35 rx_good 1323210 tx_retry 72957
12-19 18:37:48.830  8788  8788 I SurfaceView: updateSystemUiVisibility, blackBackground = false, viewVisibility = 0, appBounds = Rect(0, 0 - 1080, 2160), mScreenRect = Rect(0, -16 - 1080, 1904), surface = com.ysdq.video.widget.SurfaceRenderView{4acece5 V.E...... ........ 0,-18-1080,1902}
12-19 18:37:50.334  1072  1072 E wificond: vivo add tx_good 547029 tx_bad 35 rx_good 1323222 tx_retry 72957
12-19 18:37:51.407  8788  8788 I SurfaceView: updateSystemUiVisibility, blackBackground = false, viewVisibility = 0, appBounds = Rect(0, 0 - 1080, 2160), mScreenRect = Rect(0, -16 - 1080, 1904), surface = com.ysdq.video.widget.SurfaceRenderView{4acece5 V.E...... ........ 0,-18-1080,1902}
12-19 18:37:51.608  1803  2119 I chatty  : uid=1000(system) NetdConnector expire 24 lines
12-19 18:37:51.611  1803  2120 I chatty  : uid=1000(system) NetworkStats expire 32 lines
12-19 18:37:53.345  1072  1072 E wificond: vivo add tx_good 548132 tx_bad 35 rx_good 1325894 tx_retry 73129
12-19 18:37:56.363  1072  1072 E wificond: vivo add tx_good 548961 tx_bad 35 rx_good 1327883 tx_retry 73195
12-19 18:37:58.523  1803  2660 I chatty  : uid=1000(system) Binder:1803_E expire 3 lines
12-19 18:37:59.379  1072  1072 E wificond: vivo add tx_good 549666 tx_bad 35 rx_good 1329812 tx_retry 73255
12-19 18:38:00.307  1803  5212 I chatty  : uid=1000(system) Binder:1803_1C expire 3 lines
12-19 18:38:01.492  1803  2212 I chatty  : uid=1000(system) AutobacklightTh expire 22 lines
12-19 18:38:01.614  1803 10936 I chatty  : uid=1000(system) Binder:1803_1F expire 2 lines
12-19 18:38:01.615  1803  2132 I chatty  : uid=1000(system) ConnectivitySer expire 8 lines
12-19 18:38:01.689  1803  2257 I chatty  : uid=1000(system) Binder:1803_4 expire 3 lines
12-19 18:38:01.689  1803  2595 I chatty  : uid=1000(system) Binder:1803_B expire 1 line
12-19 18:38:01.691  1803  5208 I chatty  : uid=1000(system) Binder:1803_1B expire 5 lines
12-19 18:38:01.848  1803  4348 I chatty  : uid=1000(system) Binder:1803_14 expire 2 lines
12-19 18:38:02.398  1072  1072 E wificond: vivo add tx_good 549911 tx_bad 35 rx_good 1330353 tx_retry 73261
12-19 18:38:02.890  8788  8788 I SurfaceView: updateSystemUiVisibility, blackBackground = false, viewVisibility = 0, appBounds = Rect(0, 0 - 1080, 2160), mScreenRect = Rect(0, 0 - 1080, 1884), surface = com.ysdq.video.widget.SurfaceRenderView{c2e362d V.E...... ......ID 0,0-1080,1884}
12-19 18:38:03.659  1803  2216 I chatty  : uid=1000(system) AntiMisoperatio expire 1 line
12-19 18:38:03.787  8788  8788 I SurfaceView: updateSystemUiVisibility, blackBackground = false, viewVisibility = 0, appBounds = Rect(0, 0 - 1080, 2160), mScreenRect = Rect(0, -18 - 1080, 1902), surface = com.ysdq.video.widget.SurfaceRenderView{c2e362d V.E...... ......ID 0,-18-1080,1902}
12-19 18:38:05.423  1072  1072 E wificond: vivo add tx_good 551508 tx_bad 35 rx_good 1334640 tx_retry 73444
12-19 18:38:05.512  1803  5207 I chatty  : uid=1000(system) Binder:1803_1A expire 3 lines
12-19 18:38:05.887 12774 12798 W ContextImpl: Calling a method in the system process without a qualified user: android.app.ContextImpl.startService:1496 android.content.ContextWrapper.startService:657 com.qualcomm.qti.qdma.util.PeriodicCI.run:374 com.qualcomm.qti.qdma.util.PeriodicCI.start:317 com.qualcomm.qti.qdma.app.ActiveCareService$ProcessSessionRequest.run:667 
12-19 18:38:06.104 12774 12799 W ContextImpl: Calling a method in the system process without a qualified user: android.app.ContextImpl.startService:1496 android.content.ContextWrapper.startService:657 com.qualcomm.qti.qdma.app.ApplicationManager.startQDMATransferService:3660 com.qualcomm.qti.qdma.app.ActiveCareService$ProcessSessionRequest.run:583 java.lang.Thread.run:764 
12-19 18:38:06.885  2573  2573 W ContextImpl: Calling a method in the system process without a qualified user: android.app.ContextImpl.sendBroadcast:970 android.content.ContextWrapper.sendBroadcast:437 com.vivo.daemonService.VivoDaemonServiceApp.lllllll:2234 com.vivo.daemonService.VivoDaemonServiceApp.l11l:218 com.vivo.daemonService.l11l.handleMessage:449 
12-19 18:38:07.168  1803  1857 I chatty  : uid=1000(system) Binder:1803_1 expire 3 lines
12-19 18:38:07.666  1803  2215 I chatty  : uid=1000(system) VivoAlsDebounce expire 2 lines
12-19 18:38:07.737 12817 12817 I FtBuild : getRomVersion mRomVer=4.0
12-19 18:38:08.176  1803  2515 I chatty  : uid=1000(system) Binder:1803_5 expire 1 line
12-19 18:38:08.438  1072  1072 E wificond: vivo add tx_good 552105 tx_bad 35 rx_good 1336557 tx_retry 73502
12-19 18:38:10.896  2573  2573 W ContextImpl: Calling a method in the system process without a qualified user: android.app.ContextImpl.sendBroadcast:970 android.content.ContextWrapper.sendBroadcast:437 com.vivo.daemonService.VivoDaemonServiceApp.lllllll:2234 com.vivo.daemonService.VivoDaemonServiceApp.l11l:218 com.vivo.daemonService.l11l.handleMessage:449 
12-19 18:38:11.107  1803  2215 I chatty  : uid=1000(system) VivoAlsDebounce expire 16 lines
12-19 18:38:11.136 12843 12843 I FtBuild : getRomVersion mRomVer=4.0
12-19 18:38:11.169  1803  1919 I chatty  : uid=1000(system) ActivityManager expire 35 lines
12-19 18:38:11.455  1803  4286 I chatty  : uid=1000(system) Binder:1803_10 expire 1 line
12-19 18:38:11.456  1803  2212 I chatty  : uid=1000(system) AutobacklightTh expire 26 lines
12-19 18:38:11.457  1072  1072 E wificond: vivo add tx_good 552502 tx_bad 35 rx_good 1338069 tx_retry 73535
12-19 18:38:11.483 12862 12883 W ContextImpl: Calling a method in the system process without a qualified user: android.app.ContextImpl.startService:1496 android.content.ContextWrapper.startService:657 com.qualcomm.qti.qdma.util.PeriodicCI.run:374 com.qualcomm.qti.qdma.util.PeriodicCI.start:317 com.qualcomm.qti.qdma.app.ActiveCareService$ProcessSessionRequest.run:667 
12-19 18:38:11.530  1803  1857 I chatty  : uid=1000(system) Binder:1803_1 expire 13 lines
12-19 18:38:11.622 12862 12884 W ContextImpl: Calling a method in the system process without a qualified user: android.app.ContextImpl.startService:1496 android.content.ContextWrapper.startService:657 com.qualcomm.qti.qdma.app.ApplicationManager.startQDMATransferService:3660 com.qualcomm.qti.qdma.app.ActiveCareService$ProcessSessionRequest.run:583 java.lang.Thread.run:764 
12-19 18:38:11.840  1803  5197 I chatty  : uid=1000(system) Binder:1803_16 expire 6 lines
12-19 18:38:11.984  1803  2660 I chatty  : uid=1000(system) Binder:1803_E expire 4 lines
12-19 18:38:14.477  1072  1072 E wificond: vivo add tx_good 552502 tx_bad 35 rx_good 1338078 tx_retry 73535
12-19 18:38:14.812 12922 12922 I VivoSystemReflect: add vivoBackupManager
12-19 18:38:14.910  2573  2573 W ContextImpl: Calling a method in the system process without a qualified user: android.app.ContextImpl.sendBroadcast:970 android.content.ContextWrapper.sendBroadcast:437 com.vivo.daemonService.VivoDaemonServiceApp.lllllll:2234 com.vivo.daemonService.VivoDaemonServiceApp.l11l:218 com.vivo.daemonService.l11l.handleMessage:449 
12-19 18:38:15.225 12951 12951 I FtBuild : getRomVersion mRomVer=4.0
12-19 18:38:16.040  1803 11696 I chatty  : uid=1000(system) Binder:1803_20 expire 15 lines
12-19 18:38:17.485  1072  1072 E wificond: vivo add tx_good 552510 tx_bad 35 rx_good 1338102 tx_retry 73535
12-19 18:38:18.012  1803  5196 I chatty  : uid=1000(system) Binder:1803_15 expire 5 lines
12-19 18:38:18.026  1803  1803 I chatty  : uid=1000 system_server expire 1 line
12-19 18:38:18.920  2573  2573 W ContextImpl: Calling a method in the system process without a qualified user: android.app.ContextImpl.sendBroadcast:970 android.content.ContextWrapper.sendBroadcast:437 com.vivo.daemonService.VivoDaemonServiceApp.lllllll:2234 com.vivo.daemonService.VivoDaemonServiceApp.l11l:218 com.vivo.daemonService.l11l.handleMessage:449 
12-19 18:38:19.107 13006 13006 I FtBuild : getRomVersion mRomVer=4.0
12-19 18:38:20.510  1072  1072 E wificond: vivo add tx_good 552640 tx_bad 35 rx_good 1338596 tx_retry 73557
12-19 18:38:23.526  1072  1072 E wificond: vivo add tx_good 552640 tx_bad 35 rx_good 1338603 tx_retry 73557
12-19 18:38:24.487  1803  2257 I chatty  : uid=1000(system) Binder:1803_4 expire 9 lines
12-19 18:38:24.956  1803  1977 I chatty  : uid=1000(system) android.fg expire 32 lines
12-19 18:38:25.442  1803  2119 I chatty  : uid=1000(system) NetdConnector expire 24 lines
12-19 18:38:25.447  1803  2120 I chatty  : uid=1000(system) NetworkStats expire 32 lines
12-19 18:38:26.562  1072  1072 E wificond: vivo add tx_good 552747 tx_bad 35 rx_good 1338941 tx_retry 73576
12-19 18:38:28.044 13158 13177 W ContextImpl: Calling a method in the system process without a qualified user: android.app.ContextImpl.startService:1496 android.content.ContextWrapper.startService:657 com.qualcomm.qti.qdma.util.PeriodicCI.run:374 com.qualcomm.qti.qdma.util.PeriodicCI.start:317 com.qualcomm.qti.qdma.app.ActiveCareService$ProcessSessionRequest.run:667 
12-19 18:38:28.080  1803  5214 I chatty  : uid=1000(system) Binder:1803_1E expire 5 lines
12-19 18:38:28.178 13158 13179 W ContextImpl: Calling a method in the system process without a qualified user: android.app.ContextImpl.startService:1496 android.content.ContextWrapper.startService:657 com.qualcomm.qti.qdma.app.ApplicationManager.startQDMATransferService:3660 com.qualcomm.qti.qdma.app.ActiveCareService$ProcessSessionRequest.run:583 java.lang.Thread.run:764 
12-19 18:38:29.578  1072  1072 E wificond: vivo add tx_good 552747 tx_bad 35 rx_good 1338945 tx_retry 73576
12-19 18:38:32.594  1072  1072 E wificond: vivo add tx_good 552748 tx_bad 35 rx_good 1338963 tx_retry 73576
12-19 18:38:35.606  1072  1072 E wificond: vivo add tx_good 552848 tx_bad 35 rx_good 1339295 tx_retry 73587
12-19 18:38:38.622  1072  1072 E wificond: vivo add tx_good 552848 tx_bad 35 rx_good 1339303 tx_retry 73587
12-19 18:38:41.629  1072  1072 E wificond: vivo add tx_good 552848 tx_bad 35 rx_good 1339313 tx_retry 73587
12-19 18:38:44.639  1072  1072 E wificond: vivo add tx_good 552849 tx_bad 35 rx_good 1339318 tx_retry 73587
12-19 18:38:47.652  1072  1072 E wificond: vivo add tx_good 552849 tx_bad 35 rx_good 1339331 tx_retry 73587
12-19 18:38:50.668  1072  1072 E wificond: vivo add tx_good 552960 tx_bad 35 rx_good 1339605 tx_retry 73592
12-19 18:38:53.686  1072  1072 E wificond: vivo add tx_good 552962 tx_bad 35 rx_good 1339610 tx_retry 73592
12-19 18:38:56.693  1072  1072 E wificond: vivo add tx_good 552965 tx_bad 35 rx_good 1339623 tx_retry 73594
12-19 18:38:59.708  1072  1072 E wificond: vivo add tx_good 553079 tx_bad 35 rx_good 1340011 tx_retry 73607
12-19 18:39:01.065 13158 13158 I ActivityThread: Removing dead content provider:android.content.ContentProviderProxy@b61ab55
12-19 18:39:02.716  1072  1072 E wificond: vivo add tx_good 553208 tx_bad 35 rx_good 1340400 tx_retry 73624
12-19 18:39:05.731  1072  1072 E wificond: vivo add tx_good 553215 tx_bad 35 rx_good 1340415 tx_retry 73625
12-19 18:39:08.747  1072  1072 E wificond: vivo add tx_good 553215 tx_bad 35 rx_good 1340425 tx_retry 73625
12-19 18:39:11.763  1072  1072 E wificond: vivo add tx_good 553290 tx_bad 35 rx_good 1340651 tx_retry 73626
12-19 18:39:14.780  1072  1072 E wificond: vivo add tx_good 553296 tx_bad 35 rx_good 1340665 tx_retry 73627
12-19 18:39:17.792  1072  1072 E wificond: vivo add tx_good 553298 tx_bad 35 rx_good 1340682 tx_retry 73627
12-19 18:39:20.806  1072  1072 E wificond: vivo add tx_good 553299 tx_bad 35 rx_good 1340688 tx_retry 73627
12-19 18:39:23.828  1072  1072 E wificond: vivo add tx_good 553299 tx_bad 35 rx_good 1340692 tx_retry 73627
12-19 18:39:26.843  1072  1072 E wificond: vivo add tx_good 553299 tx_bad 35 rx_good 1340700 tx_retry 73627
12-19 18:39:29.848  1072  1072 E wificond: vivo add tx_good 553505 tx_bad 35 rx_good 1340878 tx_retry 73639
12-19 18:39:32.853  1072  1072 E wificond: vivo add tx_good 553632 tx_bad 35 rx_good 1340989 tx_retry 73655
12-19 18:39:35.864  1072  1072 E wificond: vivo add tx_good 553698 tx_bad 35 rx_good 1341037 tx_retry 73660
12-19 18:39:37.666  1803  5208 I chatty  : uid=1000(system) Binder:1803_1B expire 6 lines
12-19 18:39:38.881  1072  1072 E wificond: vivo add tx_good 553698 tx_bad 35 rx_good 1341045 tx_retry 73660
12-19 18:39:41.897  1072  1072 E wificond: vivo add tx_good 553699 tx_bad 35 rx_good 1341053 tx_retry 73660
12-19 18:39:42.693  2573  2573 W ContextImpl: Calling a method in the system process without a qualified user: android.app.ContextImpl.sendBroadcast:970 android.content.ContextWrapper.sendBroadcast:437 com.vivo.daemonService.VivoDaemonServiceApp.lllllll:2234 com.vivo.daemonService.VivoDaemonServiceApp.l11l:218 com.vivo.daemonService.l11l.handleMessage:449 
12-19 18:39:43.037 13314 13314 I FtBuild : getRomVersion mRomVer=4.0
12-19 18:39:44.905  1072  1072 E wificond: vivo add tx_good 553712 tx_bad 35 rx_good 1341069 tx_retry 73662
12-19 18:39:46.702  2573  2573 W ContextImpl: Calling a method in the system process without a qualified user: android.app.ContextImpl.sendBroadcast:970 android.content.ContextWrapper.sendBroadcast:437 com.vivo.daemonService.VivoDaemonServiceApp.lllllll:2234 com.vivo.daemonService.VivoDaemonServiceApp.l11l:218 com.vivo.daemonService.l11l.handleMessage:449 
12-19 18:39:46.928  1803  5212 I chatty  : uid=1000(system) Binder:1803_1C expire 3 lines
12-19 18:39:46.967 13353 13353 I FtBuild : getRomVersion mRomVer=4.0
12-19 18:39:47.924  1072  1072 E wificond: vivo add tx_good 553734 tx_bad 35 rx_good 1341098 tx_retry 73663
12-19 18:39:50.942  1072  1072 E wificond: vivo add tx_good 553778 tx_bad 35 rx_good 1341144 tx_retry 73665
12-19 18:39:53.836  2573  2573 W ContextImpl: Calling a method in the system process without a qualified user: android.app.ContextImpl.sendBroadcast:970 android.content.ContextWrapper.sendBroadcast:437 com.vivo.daemonService.VivoDaemonServiceApp.lllllll:2234 com.vivo.daemonService.VivoDaemonServiceApp.l11l:218 com.vivo.daemonService.l11l.handleMessage:449 
12-19 18:39:54.001  1072  1072 E wificond: vivo add tx_good 553797 tx_bad 35 rx_good 1341162 tx_retry 73665
