12-19 17:16:12.080  5835  5835 E AndroidRuntime: 	at androidx.recyclerview.widget.ItemTouchHelper.onChildViewDetachedFromWindow(ItemTouchHelper.java:906)
12-19 17:16:12.080  5835  5835 E AndroidRuntime: 	at androidx.recyclerview.widget.RecyclerView.dispatchChildDetached(RecyclerView.java:7857)
12-19 17:16:12.080  5835  5835 E AndroidRuntime: 	at androidx.recyclerview.widget.RecyclerView$5.removeViewAt(RecyclerView.java:905)
12-19 17:16:12.080  5835  5835 E AndroidRuntime: 	at androidx.recyclerview.widget.ChildHelper.removeViewAt(ChildHelper.java:168)
12-19 17:16:12.080  5835  5835 E AndroidRuntime: 	at androidx.recyclerview.widget.RecyclerView$LayoutManager.removeViewAt(RecyclerView.java:8940)
12-19 17:16:12.080  5835  5835 E AndroidRuntime: 	at androidx.recyclerview.widget.RecyclerView$LayoutManager.scrapOrRecycleView(RecyclerView.java:9507)
12-19 17:16:12.080  5835  5835 E AndroidRuntime: 	at androidx.recyclerview.widget.RecyclerView$LayoutManager.detachAndScrapAttachedViews(RecyclerView.java:9493)
12-19 17:16:12.080  5835  5835 E AndroidRuntime: 	at androidx.recyclerview.widget.LinearLayoutManager.onLayoutChildren(LinearLayoutManager.java:633)
12-19 17:16:12.080  5835  5835 E AndroidRuntime: 	at androidx.recyclerview.widget.GridLayoutManager.onLayoutChildren(GridLayoutManager.java:170)
12-19 17:16:12.080  5835  5835 E AndroidRuntime: 	at androidx.recyclerview.widget.RecyclerView.dispatchLayoutStep2(RecyclerView.java:4309)
12-19 17:16:12.080  5835  5835 E AndroidRuntime: 	at androidx.recyclerview.widget.RecyclerView.dispatchLayout(RecyclerView.java:4012)
12-19 17:16:12.080  5835  5835 E AndroidRuntime: 	at androidx.recyclerview.widget.RecyclerView.onLayout(RecyclerView.java:4578)
12-19 17:16:12.080  5835  5835 E AndroidRuntime: 	at android.view.View.layout(View.java:19811)
12-19 17:16:12.080  5835  5835 E AndroidRuntime: 	at android.view.ViewGroup.layout(ViewGroup.java:6240)
12-19 17:16:12.080  5835  5835 E AndroidRuntime: 	at android.widget.RelativeLayout.onLayout(RelativeLayout.java:1083)
12-19 17:16:12.080  5835  5835 E AndroidRuntime: 	at android.view.View.layout(View.java:19811)
12-19 17:16:12.080  5835  5835 E AndroidRuntime: 	at android.view.ViewGroup.layout(ViewGroup.java:6240)
12-19 17:16:12.080  5835  5835 E AndroidRuntime: 	at android.widget.FrameLayout.layoutChildren(FrameLayout.java:323)
12-19 17:16:12.080  5835  5835 E AndroidRuntime: 	at android.widget.FrameLayout.onLayout(FrameLayout.java:261)
12-19 17:16:12.080  5835  5835 E AndroidRuntime: 	at android.view.View.layout(View.java:19811)
12-19 17:16:12.080  5835  5835 E AndroidRuntime: 	at android.view.ViewGroup.layout(ViewGroup.java:6240)
12-19 17:16:12.080  5835  5835 E AndroidRuntime: 	at android.widget.LinearLayout.setChildFrame(LinearLayout.java:1791)
12-19 17:16:12.080  5835  5835 E AndroidRuntime: 	at android.widget.LinearLayout.layoutVertical(LinearLayout.java:1635)
12-19 17:16:12.080  5835  5835 E AndroidRuntime: 	at android.widget.LinearLayout.onLayout(LinearLayout.java:1544)
12-19 17:16:12.080  5835  5835 E AndroidRuntime: 	at android.view.View.layout(View.java:19811)
12-19 17:16:12.080  5835  5835 E AndroidRuntime: 	at android.view.ViewGroup.layout(ViewGroup.java:6240)
12-19 17:16:12.080  5835  5835 E AndroidRuntime: 	at android.widget.FrameLayout.layoutChildren(FrameLayout.java:323)
12-19 17:16:12.080  5835  5835 E AndroidRuntime: 	at android.widget.FrameLayout.onLayout(FrameLayout.java:261)
12-19 17:16:12.080  5835  5835 E AndroidRuntime: 	at android.view.View.layout(View.java:19811)
12-19 17:16:12.080  5835  5835 E AndroidRuntime: 	at android.view.ViewGroup.layout(ViewGroup.java:6240)
12-19 17:16:12.080  5835  5835 E AndroidRuntime: 	at android.widget.LinearLayout.setChildFrame(LinearLayout.java:1791)
12-19 17:16:12.080  5835  5835 E AndroidRuntime: 	at android.widget.LinearLayout.layoutVertical(LinearLayout.java:1635)
12-19 17:16:12.080  5835  5835 E AndroidRuntime: 	at android.widget.LinearLayout.onLayout(LinearLayout.java:1544)
12-19 17:16:12.080  5835  5835 E AndroidRuntime: 	at android.view.View.layout(View.java:19811)
12-19 17:16:12.080  5835  5835 E AndroidRuntime: 	at android.view.ViewGroup.layout(ViewGroup.java:6240)
12-19 17:16:12.080  5835  5835 E AndroidRuntime: 	at android.widget.FrameLayout.layoutChildren(FrameLayout.java:323)
12-19 17:16:12.080  5835  5835 E AndroidRuntime: 	at android.widget.FrameLayout.onLayout(FrameLayout.java:261)
12-19 17:16:12.080  5835  5835 E AndroidRuntime: 	at com.android.internal.policy.DecorView.onLayout(DecorView.java:947)
12-19 17:16:12.080  5835  5835 E AndroidRuntime: 	at android.view.View.layout(View.java:19811)
12-19 17:16:12.080  5835  5835 E AndroidRuntime: 	at android.view.ViewGroup.layout(ViewGroup.java:6240)
12-19 17:16:12.080  5835  5835 E AndroidRuntime: 	at android.view.ViewRootImpl.performLayout(ViewRootImpl.java:2584)
12-19 17:16:12.080  5835  5835 E AndroidRuntime: 	at android.view.ViewRootImpl.performTraversals(ViewRootImpl.java:2300)
12-19 17:16:12.080  5835  5835 E AndroidRuntime: 	at android.view.ViewRootImpl.doTraversal(ViewRootImpl.java:1456)
12-19 17:16:12.081  5835  5835 E AndroidRuntime: 	at android.view.ViewRootImpl$TraversalRunnable.run(ViewRootImpl.java:6964)
12-19 17:16:12.081  5835  5835 E AndroidRuntime: 	at android.view.Choreographer$CallbackRecord.run(Choreographer.java:932)
12-19 17:16:12.081  5835  5835 E AndroidRuntime: 	at android.view.Choreographer.doCallbacks(Choreographer.java:744)
12-19 17:16:12.081  5835  5835 E AndroidRuntime: 	at android.view.Choreographer.doFrame(Choreographer.java:676)
12-19 17:16:12.081  5835  5835 E AndroidRuntime: 	at android.view.Choreographer$FrameDisplayEventReceiver.run(Choreographer.java:918)
12-19 17:16:12.081  5835  5835 E AndroidRuntime: 	at android.os.Handler.handleCallback(Handler.java:790)
12-19 17:16:12.081  5835  5835 E AndroidRuntime: 	at android.os.Handler.dispatchMessage(Handler.java:99)
12-19 17:16:12.081  5835  5835 E AndroidRuntime: 	at android.os.Looper.loop(Looper.java:192)
12-19 17:16:12.081  5835  5835 E AndroidRuntime: 	at android.app.ActivityThread.main(ActivityThread.java:6744)
12-19 17:16:12.081  5835  5835 E AndroidRuntime: 	at java.lang.reflect.Method.invoke(Native Method)
12-19 17:16:12.081  5835  5835 E AndroidRuntime: 	at com.android.internal.os.RuntimeInit$MethodAndArgsCaller.run(RuntimeInit.java:525)
12-19 17:16:12.081  5835  5835 E AndroidRuntime: 	at com.android.internal.os.ZygoteInit.main(ZygoteInit.java:825)
12-19 17:16:18.783 10537 10967 E ActivityThread: Failed to find provider info for com.hihonor.id.router.routercontentprovider
12-19 17:16:18.949 10537 10966 E ActivityThread: Failed to find provider info for com.hihonor.id.router.routercontentprovider
12-19 17:16:45.685 11459 11459 E ANRManager: mPackageName = com.bbk.launcher2, Get anr service = android.app.anr.IANRManager$Stub$Proxy@56c267b
12-19 17:16:48.224  4327  4327 E ActivityThread: Activity com.bbk.launcher2.Launcher has leaked IntentReceiver com.bbk.launcher2.data.NetworkStateListener@97d0dc that was originally registered here. Are you missing a call to unregisterReceiver()?
12-19 17:16:48.224  4327  4327 E ActivityThread: android.app.IntentReceiverLeaked: Activity com.bbk.launcher2.Launcher has leaked IntentReceiver com.bbk.launcher2.data.NetworkStateListener@97d0dc that was originally registered here. Are you missing a call to unregisterReceiver()?
12-19 17:16:48.224  4327  4327 E ActivityThread: 	at android.app.LoadedApk$ReceiverDispatcher.<init>(LoadedApk.java:1380)
12-19 17:16:48.224  4327  4327 E ActivityThread: 	at android.app.LoadedApk.getReceiverDispatcher(LoadedApk.java:1140)
12-19 17:16:48.224  4327  4327 E ActivityThread: 	at android.app.ContextImpl.registerReceiverInternal(ContextImpl.java:1441)
12-19 17:16:48.224  4327  4327 E ActivityThread: 	at android.app.ContextImpl.registerReceiver(ContextImpl.java:1414)
12-19 17:16:48.224  4327  4327 E ActivityThread: 	at android.app.ContextImpl.registerReceiver(ContextImpl.java:1402)
12-19 17:16:48.224  4327  4327 E ActivityThread: 	at android.content.ContextWrapper.registerReceiver(ContextWrapper.java:616)
12-19 17:16:48.224  4327  4327 E ActivityThread: 	at com.bbk.launcher2.Launcher.gha(:1186)
12-19 17:16:48.224  4327  4327 E ActivityThread: 	at com.bbk.launcher2.Launcher.onCreate(:1130)
12-19 17:16:48.224  4327  4327 E ActivityThread: 	at android.app.Activity.performCreate(Activity.java:7113)
12-19 17:16:48.224  4327  4327 E ActivityThread: 	at android.app.Activity.performCreate(Activity.java:7104)
12-19 17:16:48.224  4327  4327 E ActivityThread: 	at android.app.Instrumentation.callActivityOnCreate(Instrumentation.java:1220)
12-19 17:16:48.224  4327  4327 E ActivityThread: 	at android.app.ActivityThread.performLaunchActivity(ActivityThread.java:2849)
12-19 17:16:48.224  4327  4327 E ActivityThread: 	at android.app.ActivityThread.handleLaunchActivity(ActivityThread.java:2974)
12-19 17:16:48.224  4327  4327 E ActivityThread: 	at android.app.ActivityThread.-wrap11(Unknown Source:0)
12-19 17:16:48.224  4327  4327 E ActivityThread: 	at android.app.ActivityThread$H.handleMessage(ActivityThread.java:1675)
12-19 17:16:48.224  4327  4327 E ActivityThread: 	at android.os.Handler.dispatchMessage(Handler.java:106)
12-19 17:16:48.224  4327  4327 E ActivityThread: 	at android.os.Looper.loop(Looper.java:178)
12-19 17:16:48.224  4327  4327 E ActivityThread: 	at android.app.ActivityThread.main(ActivityThread.java:6744)
12-19 17:16:48.224  4327  4327 E ActivityThread: 	at java.lang.reflect.Method.invoke(Native Method)
12-19 17:16:48.224  4327  4327 E ActivityThread: 	at com.android.internal.os.RuntimeInit$MethodAndArgsCaller.run(RuntimeInit.java:525)
12-19 17:16:48.224  4327  4327 E ActivityThread: 	at com.android.internal.os.ZygoteInit.main(ZygoteInit.java:825)
12-19 17:18:45.813 12038 12038 E ANRManager: mPackageName = com.bbk.launcher2, Get anr service = android.app.anr.IANRManager$Stub$Proxy@56c267b
12-19 17:18:46.901  4327  4327 E ActivityThread: Activity com.bbk.launcher2.Launcher has leaked IntentReceiver com.bbk.launcher2.data.NetworkStateListener@97d0dc that was originally registered here. Are you missing a call to unregisterReceiver()?
12-19 17:18:46.901  4327  4327 E ActivityThread: android.app.IntentReceiverLeaked: Activity com.bbk.launcher2.Launcher has leaked IntentReceiver com.bbk.launcher2.data.NetworkStateListener@97d0dc that was originally registered here. Are you missing a call to unregisterReceiver()?
12-19 17:18:46.901  4327  4327 E ActivityThread: 	at android.app.LoadedApk$ReceiverDispatcher.<init>(LoadedApk.java:1380)
12-19 17:18:46.901  4327  4327 E ActivityThread: 	at android.app.LoadedApk.getReceiverDispatcher(LoadedApk.java:1140)
12-19 17:18:46.901  4327  4327 E ActivityThread: 	at android.app.ContextImpl.registerReceiverInternal(ContextImpl.java:1441)
12-19 17:18:46.901  4327  4327 E ActivityThread: 	at android.app.ContextImpl.registerReceiver(ContextImpl.java:1414)
12-19 17:18:46.901  4327  4327 E ActivityThread: 	at android.app.ContextImpl.registerReceiver(ContextImpl.java:1402)
12-19 17:18:46.901  4327  4327 E ActivityThread: 	at android.content.ContextWrapper.registerReceiver(ContextWrapper.java:616)
12-19 17:18:46.901  4327  4327 E ActivityThread: 	at com.bbk.launcher2.Launcher.gha(:1186)
12-19 17:18:46.901  4327  4327 E ActivityThread: 	at com.bbk.launcher2.Launcher.onCreate(:1130)
12-19 17:18:46.901  4327  4327 E ActivityThread: 	at android.app.Activity.performCreate(Activity.java:7113)
12-19 17:18:46.901  4327  4327 E ActivityThread: 	at android.app.Activity.performCreate(Activity.java:7104)
12-19 17:18:46.901  4327  4327 E ActivityThread: 	at android.app.Instrumentation.callActivityOnCreate(Instrumentation.java:1220)
12-19 17:18:46.901  4327  4327 E ActivityThread: 	at android.app.ActivityThread.performLaunchActivity(ActivityThread.java:2849)
12-19 17:18:46.901  4327  4327 E ActivityThread: 	at android.app.ActivityThread.handleLaunchActivity(ActivityThread.java:2974)
12-19 17:18:46.901  4327  4327 E ActivityThread: 	at android.app.ActivityThread.-wrap11(Unknown Source:0)
12-19 17:18:46.901  4327  4327 E ActivityThread: 	at android.app.ActivityThread$H.handleMessage(ActivityThread.java:1675)
12-19 17:18:46.901  4327  4327 E ActivityThread: 	at android.os.Handler.dispatchMessage(Handler.java:106)
12-19 17:18:46.901  4327  4327 E ActivityThread: 	at android.os.Looper.loop(Looper.java:178)
12-19 17:18:46.901  4327  4327 E ActivityThread: 	at android.app.ActivityThread.main(ActivityThread.java:6744)
12-19 17:18:46.901  4327  4327 E ActivityThread: 	at java.lang.reflect.Method.invoke(Native Method)
12-19 17:18:46.901  4327  4327 E ActivityThread: 	at com.android.internal.os.RuntimeInit$MethodAndArgsCaller.run(RuntimeInit.java:525)
12-19 17:18:46.901  4327  4327 E ActivityThread: 	at com.android.internal.os.ZygoteInit.main(ZygoteInit.java:825)
12-19 17:18:47.532  1072  1072 I chatty  : uid=1010(wifi) /system/bin/wificond expire 113 lines
12-19 17:19:08.601 12633 12633 E ANRManager: mPackageName = com.bbk.launcher2, Get anr service = android.app.anr.IANRManager$Stub$Proxy@56c267b
12-19 17:19:11.590  4327  4327 E ActivityThread: Activity com.bbk.launcher2.Launcher has leaked IntentReceiver com.bbk.launcher2.data.NetworkStateListener@97d0dc that was originally registered here. Are you missing a call to unregisterReceiver()?
12-19 17:19:11.590  4327  4327 E ActivityThread: android.app.IntentReceiverLeaked: Activity com.bbk.launcher2.Launcher has leaked IntentReceiver com.bbk.launcher2.data.NetworkStateListener@97d0dc that was originally registered here. Are you missing a call to unregisterReceiver()?
12-19 17:19:11.590  4327  4327 E ActivityThread: 	at android.app.LoadedApk$ReceiverDispatcher.<init>(LoadedApk.java:1380)
12-19 17:19:11.590  4327  4327 E ActivityThread: 	at android.app.LoadedApk.getReceiverDispatcher(LoadedApk.java:1140)
12-19 17:19:11.590  4327  4327 E ActivityThread: 	at android.app.ContextImpl.registerReceiverInternal(ContextImpl.java:1441)
12-19 17:19:11.590  4327  4327 E ActivityThread: 	at android.app.ContextImpl.registerReceiver(ContextImpl.java:1414)
12-19 17:19:11.590  4327  4327 E ActivityThread: 	at android.app.ContextImpl.registerReceiver(ContextImpl.java:1402)
12-19 17:19:11.590  4327  4327 E ActivityThread: 	at android.content.ContextWrapper.registerReceiver(ContextWrapper.java:616)
12-19 17:19:11.590  4327  4327 E ActivityThread: 	at com.bbk.launcher2.Launcher.gha(:1186)
12-19 17:19:11.590  4327  4327 E ActivityThread: 	at com.bbk.launcher2.Launcher.onCreate(:1130)
12-19 17:19:11.590  4327  4327 E ActivityThread: 	at android.app.Activity.performCreate(Activity.java:7113)
12-19 17:19:11.590  4327  4327 E ActivityThread: 	at android.app.Activity.performCreate(Activity.java:7104)
12-19 17:19:11.590  4327  4327 E ActivityThread: 	at android.app.Instrumentation.callActivityOnCreate(Instrumentation.java:1220)
12-19 17:19:11.590  4327  4327 E ActivityThread: 	at android.app.ActivityThread.performLaunchActivity(ActivityThread.java:2849)
12-19 17:19:11.590  4327  4327 E ActivityThread: 	at android.app.ActivityThread.handleLaunchActivity(ActivityThread.java:2974)
12-19 17:19:11.590  4327  4327 E ActivityThread: 	at android.app.ActivityThread.-wrap11(Unknown Source:0)
12-19 17:19:11.590  4327  4327 E ActivityThread: 	at android.app.ActivityThread$H.handleMessage(ActivityThread.java:1675)
12-19 17:19:11.590  4327  4327 E ActivityThread: 	at android.os.Handler.dispatchMessage(Handler.java:106)
12-19 17:19:11.590  4327  4327 E ActivityThread: 	at android.os.Looper.loop(Looper.java:178)
12-19 17:19:11.590  4327  4327 E ActivityThread: 	at android.app.ActivityThread.main(ActivityThread.java:6744)
12-19 17:19:11.590  4327  4327 E ActivityThread: 	at java.lang.reflect.Method.invoke(Native Method)
12-19 17:19:11.590  4327  4327 E ActivityThread: 	at com.android.internal.os.RuntimeInit$MethodAndArgsCaller.run(RuntimeInit.java:525)
12-19 17:19:11.590  4327  4327 E ActivityThread: 	at com.android.internal.os.ZygoteInit.main(ZygoteInit.java:825)
12-19 17:19:20.380  1803  2120 I chatty  : uid=1000(system) NetworkStats expire 148 lines
12-19 17:19:28.421  1803  2119 I chatty  : uid=1000(system) NetdConnector expire 105 lines
12-19 17:19:40.433 13075 13515 E ActivityThread: Failed to find provider info for com.hihonor.id.router.routercontentprovider
12-19 17:19:40.443 13075 13506 E ActivityThread: Failed to find provider info for com.hihonor.id.router.routercontentprovider
12-19 17:20:12.279  1803  2120 I chatty  : uid=1000(system) NetworkStats expire 144 lines
12-19 17:20:26.432  1803  2119 I chatty  : uid=1000(system) NetdConnector expire 100 lines
12-19 17:21:19.531 15547 15547 E ANRManager: mPackageName = com.bbk.launcher2, Get anr service = android.app.anr.IANRManager$Stub$Proxy@56c267b
12-19 17:21:20.344  4327  4327 E ActivityThread: Activity com.bbk.launcher2.Launcher has leaked IntentReceiver com.bbk.launcher2.data.NetworkStateListener@97d0dc that was originally registered here. Are you missing a call to unregisterReceiver()?
12-19 17:21:20.344  4327  4327 E ActivityThread: android.app.IntentReceiverLeaked: Activity com.bbk.launcher2.Launcher has leaked IntentReceiver com.bbk.launcher2.data.NetworkStateListener@97d0dc that was originally registered here. Are you missing a call to unregisterReceiver()?
12-19 17:21:20.344  4327  4327 E ActivityThread: 	at android.app.LoadedApk$ReceiverDispatcher.<init>(LoadedApk.java:1380)
12-19 17:21:20.344  4327  4327 E ActivityThread: 	at android.app.LoadedApk.getReceiverDispatcher(LoadedApk.java:1140)
12-19 17:21:20.344  4327  4327 E ActivityThread: 	at android.app.ContextImpl.registerReceiverInternal(ContextImpl.java:1441)
12-19 17:21:20.344  4327  4327 E ActivityThread: 	at android.app.ContextImpl.registerReceiver(ContextImpl.java:1414)
12-19 17:21:20.344  4327  4327 E ActivityThread: 	at android.app.ContextImpl.registerReceiver(ContextImpl.java:1402)
12-19 17:21:20.344  4327  4327 E ActivityThread: 	at android.content.ContextWrapper.registerReceiver(ContextWrapper.java:616)
12-19 17:21:20.344  4327  4327 E ActivityThread: 	at com.bbk.launcher2.Launcher.gha(:1186)
12-19 17:21:20.344  4327  4327 E ActivityThread: 	at com.bbk.launcher2.Launcher.onCreate(:1130)
12-19 17:21:20.344  4327  4327 E ActivityThread: 	at android.app.Activity.performCreate(Activity.java:7113)
12-19 17:21:20.344  4327  4327 E ActivityThread: 	at android.app.Activity.performCreate(Activity.java:7104)
12-19 17:21:20.344  4327  4327 E ActivityThread: 	at android.app.Instrumentation.callActivityOnCreate(Instrumentation.java:1220)
12-19 17:21:20.344  4327  4327 E ActivityThread: 	at android.app.ActivityThread.performLaunchActivity(ActivityThread.java:2849)
12-19 17:21:20.344  4327  4327 E ActivityThread: 	at android.app.ActivityThread.handleLaunchActivity(ActivityThread.java:2974)
12-19 17:21:20.344  4327  4327 E ActivityThread: 	at android.app.ActivityThread.-wrap11(Unknown Source:0)
12-19 17:21:20.344  4327  4327 E ActivityThread: 	at android.app.ActivityThread$H.handleMessage(ActivityThread.java:1675)
12-19 17:21:20.344  4327  4327 E ActivityThread: 	at android.os.Handler.dispatchMessage(Handler.java:106)
12-19 17:21:20.344  4327  4327 E ActivityThread: 	at android.os.Looper.loop(Looper.java:178)
12-19 17:21:20.344  4327  4327 E ActivityThread: 	at android.app.ActivityThread.main(ActivityThread.java:6744)
12-19 17:21:20.344  4327  4327 E ActivityThread: 	at java.lang.reflect.Method.invoke(Native Method)
12-19 17:21:20.344  4327  4327 E ActivityThread: 	at com.android.internal.os.RuntimeInit$MethodAndArgsCaller.run(RuntimeInit.java:525)
12-19 17:21:20.344  4327  4327 E ActivityThread: 	at com.android.internal.os.ZygoteInit.main(ZygoteInit.java:825)
12-19 17:22:37.547 15850 15850 E ANRManager: mPackageName = com.bbk.launcher2, Get anr service = android.app.anr.IANRManager$Stub$Proxy@56c267b
12-19 17:22:39.196  4327  4327 E ActivityThread: Activity com.bbk.launcher2.Launcher has leaked IntentReceiver com.bbk.launcher2.data.NetworkStateListener@97d0dc that was originally registered here. Are you missing a call to unregisterReceiver()?
12-19 17:22:39.196  4327  4327 E ActivityThread: android.app.IntentReceiverLeaked: Activity com.bbk.launcher2.Launcher has leaked IntentReceiver com.bbk.launcher2.data.NetworkStateListener@97d0dc that was originally registered here. Are you missing a call to unregisterReceiver()?
12-19 17:22:39.196  4327  4327 E ActivityThread: 	at android.app.LoadedApk$ReceiverDispatcher.<init>(LoadedApk.java:1380)
12-19 17:22:39.196  4327  4327 E ActivityThread: 	at android.app.LoadedApk.getReceiverDispatcher(LoadedApk.java:1140)
12-19 17:22:39.196  4327  4327 E ActivityThread: 	at android.app.ContextImpl.registerReceiverInternal(ContextImpl.java:1441)
12-19 17:22:39.196  4327  4327 E ActivityThread: 	at android.app.ContextImpl.registerReceiver(ContextImpl.java:1414)
12-19 17:22:39.196  4327  4327 E ActivityThread: 	at android.app.ContextImpl.registerReceiver(ContextImpl.java:1402)
12-19 17:22:39.196  4327  4327 E ActivityThread: 	at android.content.ContextWrapper.registerReceiver(ContextWrapper.java:616)
12-19 17:22:39.196  4327  4327 E ActivityThread: 	at com.bbk.launcher2.Launcher.gha(:1186)
12-19 17:22:39.196  4327  4327 E ActivityThread: 	at com.bbk.launcher2.Launcher.onCreate(:1130)
12-19 17:22:39.196  4327  4327 E ActivityThread: 	at android.app.Activity.performCreate(Activity.java:7113)
12-19 17:22:39.196  4327  4327 E ActivityThread: 	at android.app.Activity.performCreate(Activity.java:7104)
12-19 17:22:39.196  4327  4327 E ActivityThread: 	at android.app.Instrumentation.callActivityOnCreate(Instrumentation.java:1220)
12-19 17:22:39.196  4327  4327 E ActivityThread: 	at android.app.ActivityThread.performLaunchActivity(ActivityThread.java:2849)
12-19 17:22:39.196  4327  4327 E ActivityThread: 	at android.app.ActivityThread.handleLaunchActivity(ActivityThread.java:2974)
12-19 17:22:39.196  4327  4327 E ActivityThread: 	at android.app.ActivityThread.-wrap11(Unknown Source:0)
12-19 17:22:39.196  4327  4327 E ActivityThread: 	at android.app.ActivityThread$H.handleMessage(ActivityThread.java:1675)
12-19 17:22:39.196  4327  4327 E ActivityThread: 	at android.os.Handler.dispatchMessage(Handler.java:106)
12-19 17:22:39.196  4327  4327 E ActivityThread: 	at android.os.Looper.loop(Looper.java:178)
12-19 17:22:39.196  4327  4327 E ActivityThread: 	at android.app.ActivityThread.main(ActivityThread.java:6744)
12-19 17:22:39.196  4327  4327 E ActivityThread: 	at java.lang.reflect.Method.invoke(Native Method)
12-19 17:22:39.196  4327  4327 E ActivityThread: 	at com.android.internal.os.RuntimeInit$MethodAndArgsCaller.run(RuntimeInit.java:525)
12-19 17:22:39.196  4327  4327 E ActivityThread: 	at com.android.internal.os.ZygoteInit.main(ZygoteInit.java:825)
12-19 17:24:28.382  1072  1072 I chatty  : uid=1010(wifi) /system/bin/wificond expire 116 lines
12-19 17:24:45.642 16249 16249 E ANRManager: mPackageName = com.bbk.launcher2, Get anr service = android.app.anr.IANRManager$Stub$Proxy@56c267b
12-19 17:24:48.021  4327  4327 E ActivityThread: Activity com.bbk.launcher2.Launcher has leaked IntentReceiver com.bbk.launcher2.data.NetworkStateListener@97d0dc that was originally registered here. Are you missing a call to unregisterReceiver()?
12-19 17:24:48.021  4327  4327 E ActivityThread: android.app.IntentReceiverLeaked: Activity com.bbk.launcher2.Launcher has leaked IntentReceiver com.bbk.launcher2.data.NetworkStateListener@97d0dc that was originally registered here. Are you missing a call to unregisterReceiver()?
12-19 17:24:48.021  4327  4327 E ActivityThread: 	at android.app.LoadedApk$ReceiverDispatcher.<init>(LoadedApk.java:1380)
12-19 17:24:48.021  4327  4327 E ActivityThread: 	at android.app.LoadedApk.getReceiverDispatcher(LoadedApk.java:1140)
12-19 17:24:48.021  4327  4327 E ActivityThread: 	at android.app.ContextImpl.registerReceiverInternal(ContextImpl.java:1441)
12-19 17:24:48.021  4327  4327 E ActivityThread: 	at android.app.ContextImpl.registerReceiver(ContextImpl.java:1414)
12-19 17:24:48.021  4327  4327 E ActivityThread: 	at android.app.ContextImpl.registerReceiver(ContextImpl.java:1402)
12-19 17:24:48.021  4327  4327 E ActivityThread: 	at android.content.ContextWrapper.registerReceiver(ContextWrapper.java:616)
12-19 17:24:48.021  4327  4327 E ActivityThread: 	at com.bbk.launcher2.Launcher.gha(:1186)
12-19 17:24:48.021  4327  4327 E ActivityThread: 	at com.bbk.launcher2.Launcher.onCreate(:1130)
12-19 17:24:48.021  4327  4327 E ActivityThread: 	at android.app.Activity.performCreate(Activity.java:7113)
12-19 17:24:48.021  4327  4327 E ActivityThread: 	at android.app.Activity.performCreate(Activity.java:7104)
12-19 17:24:48.021  4327  4327 E ActivityThread: 	at android.app.Instrumentation.callActivityOnCreate(Instrumentation.java:1220)
12-19 17:24:48.021  4327  4327 E ActivityThread: 	at android.app.ActivityThread.performLaunchActivity(ActivityThread.java:2849)
12-19 17:24:48.021  4327  4327 E ActivityThread: 	at android.app.ActivityThread.handleLaunchActivity(ActivityThread.java:2974)
12-19 17:24:48.021  4327  4327 E ActivityThread: 	at android.app.ActivityThread.-wrap11(Unknown Source:0)
12-19 17:24:48.021  4327  4327 E ActivityThread: 	at android.app.ActivityThread$H.handleMessage(ActivityThread.java:1675)
12-19 17:24:48.021  4327  4327 E ActivityThread: 	at android.os.Handler.dispatchMessage(Handler.java:106)
12-19 17:24:48.021  4327  4327 E ActivityThread: 	at android.os.Looper.loop(Looper.java:178)
12-19 17:24:48.021  4327  4327 E ActivityThread: 	at android.app.ActivityThread.main(ActivityThread.java:6744)
12-19 17:24:48.021  4327  4327 E ActivityThread: 	at java.lang.reflect.Method.invoke(Native Method)
12-19 17:24:48.021  4327  4327 E ActivityThread: 	at com.android.internal.os.RuntimeInit$MethodAndArgsCaller.run(RuntimeInit.java:525)
12-19 17:24:48.021  4327  4327 E ActivityThread: 	at com.android.internal.os.ZygoteInit.main(ZygoteInit.java:825)
12-19 17:25:00.714  1803  1936 I chatty  : uid=1000(system) batterystats-wo expire 21 lines
12-19 17:25:17.955 16446 16446 E ANRManager: mPackageName = com.bbk.launcher2, Get anr service = android.app.anr.IANRManager$Stub$Proxy@56c267b
12-19 17:25:18.974  4327  4327 E ActivityThread: Activity com.bbk.launcher2.Launcher has leaked IntentReceiver com.bbk.launcher2.data.NetworkStateListener@97d0dc that was originally registered here. Are you missing a call to unregisterReceiver()?
12-19 17:25:18.974  4327  4327 E ActivityThread: android.app.IntentReceiverLeaked: Activity com.bbk.launcher2.Launcher has leaked IntentReceiver com.bbk.launcher2.data.NetworkStateListener@97d0dc that was originally registered here. Are you missing a call to unregisterReceiver()?
12-19 17:25:18.974  4327  4327 E ActivityThread: 	at android.app.LoadedApk$ReceiverDispatcher.<init>(LoadedApk.java:1380)
12-19 17:25:18.974  4327  4327 E ActivityThread: 	at android.app.LoadedApk.getReceiverDispatcher(LoadedApk.java:1140)
12-19 17:25:18.974  4327  4327 E ActivityThread: 	at android.app.ContextImpl.registerReceiverInternal(ContextImpl.java:1441)
12-19 17:25:18.974  4327  4327 E ActivityThread: 	at android.app.ContextImpl.registerReceiver(ContextImpl.java:1414)
12-19 17:25:18.974  4327  4327 E ActivityThread: 	at android.app.ContextImpl.registerReceiver(ContextImpl.java:1402)
12-19 17:25:18.974  4327  4327 E ActivityThread: 	at android.content.ContextWrapper.registerReceiver(ContextWrapper.java:616)
12-19 17:25:18.974  4327  4327 E ActivityThread: 	at com.bbk.launcher2.Launcher.gha(:1186)
12-19 17:25:18.974  4327  4327 E ActivityThread: 	at com.bbk.launcher2.Launcher.onCreate(:1130)
12-19 17:25:18.974  4327  4327 E ActivityThread: 	at android.app.Activity.performCreate(Activity.java:7113)
12-19 17:25:18.974  4327  4327 E ActivityThread: 	at android.app.Activity.performCreate(Activity.java:7104)
12-19 17:25:18.974  4327  4327 E ActivityThread: 	at android.app.Instrumentation.callActivityOnCreate(Instrumentation.java:1220)
12-19 17:25:18.974  4327  4327 E ActivityThread: 	at android.app.ActivityThread.performLaunchActivity(ActivityThread.java:2849)
12-19 17:25:18.974  4327  4327 E ActivityThread: 	at android.app.ActivityThread.handleLaunchActivity(ActivityThread.java:2974)
12-19 17:25:18.974  4327  4327 E ActivityThread: 	at android.app.ActivityThread.-wrap11(Unknown Source:0)
12-19 17:25:18.974  4327  4327 E ActivityThread: 	at android.app.ActivityThread$H.handleMessage(ActivityThread.java:1675)
12-19 17:25:18.974  4327  4327 E ActivityThread: 	at android.os.Handler.dispatchMessage(Handler.java:106)
12-19 17:25:18.974  4327  4327 E ActivityThread: 	at android.os.Looper.loop(Looper.java:178)
12-19 17:25:18.974  4327  4327 E ActivityThread: 	at android.app.ActivityThread.main(ActivityThread.java:6744)
12-19 17:25:18.974  4327  4327 E ActivityThread: 	at java.lang.reflect.Method.invoke(Native Method)
12-19 17:25:18.974  4327  4327 E ActivityThread: 	at com.android.internal.os.RuntimeInit$MethodAndArgsCaller.run(RuntimeInit.java:525)
12-19 17:25:18.974  4327  4327 E ActivityThread: 	at com.android.internal.os.ZygoteInit.main(ZygoteInit.java:825)
12-19 17:25:28.669 16567 16567 E ANRManager: mPackageName = com.bbk.launcher2, Get anr service = android.app.anr.IANRManager$Stub$Proxy@56c267b
12-19 17:25:30.485  4327  4327 E ActivityThread: Activity com.bbk.launcher2.Launcher has leaked IntentReceiver com.bbk.launcher2.data.NetworkStateListener@97d0dc that was originally registered here. Are you missing a call to unregisterReceiver()?
12-19 17:25:30.485  4327  4327 E ActivityThread: android.app.IntentReceiverLeaked: Activity com.bbk.launcher2.Launcher has leaked IntentReceiver com.bbk.launcher2.data.NetworkStateListener@97d0dc that was originally registered here. Are you missing a call to unregisterReceiver()?
12-19 17:25:30.485  4327  4327 E ActivityThread: 	at android.app.LoadedApk$ReceiverDispatcher.<init>(LoadedApk.java:1380)
12-19 17:25:30.485  4327  4327 E ActivityThread: 	at android.app.LoadedApk.getReceiverDispatcher(LoadedApk.java:1140)
12-19 17:25:30.485  4327  4327 E ActivityThread: 	at android.app.ContextImpl.registerReceiverInternal(ContextImpl.java:1441)
12-19 17:25:30.485  4327  4327 E ActivityThread: 	at android.app.ContextImpl.registerReceiver(ContextImpl.java:1414)
12-19 17:25:30.485  4327  4327 E ActivityThread: 	at android.app.ContextImpl.registerReceiver(ContextImpl.java:1402)
12-19 17:25:30.485  4327  4327 E ActivityThread: 	at android.content.ContextWrapper.registerReceiver(ContextWrapper.java:616)
12-19 17:25:30.485  4327  4327 E ActivityThread: 	at com.bbk.launcher2.Launcher.gha(:1186)
12-19 17:25:30.485  4327  4327 E ActivityThread: 	at com.bbk.launcher2.Launcher.onCreate(:1130)
12-19 17:25:30.485  4327  4327 E ActivityThread: 	at android.app.Activity.performCreate(Activity.java:7113)
12-19 17:25:30.485  4327  4327 E ActivityThread: 	at android.app.Activity.performCreate(Activity.java:7104)
12-19 17:25:30.485  4327  4327 E ActivityThread: 	at android.app.Instrumentation.callActivityOnCreate(Instrumentation.java:1220)
12-19 17:25:30.485  4327  4327 E ActivityThread: 	at android.app.ActivityThread.performLaunchActivity(ActivityThread.java:2849)
12-19 17:25:30.485  4327  4327 E ActivityThread: 	at android.app.ActivityThread.handleLaunchActivity(ActivityThread.java:2974)
12-19 17:25:30.485  4327  4327 E ActivityThread: 	at android.app.ActivityThread.-wrap11(Unknown Source:0)
12-19 17:25:30.485  4327  4327 E ActivityThread: 	at android.app.ActivityThread$H.handleMessage(ActivityThread.java:1675)
12-19 17:25:30.485  4327  4327 E ActivityThread: 	at android.os.Handler.dispatchMessage(Handler.java:106)
12-19 17:25:30.485  4327  4327 E ActivityThread: 	at android.os.Looper.loop(Looper.java:178)
12-19 17:25:30.485  4327  4327 E ActivityThread: 	at android.app.ActivityThread.main(ActivityThread.java:6744)
12-19 17:25:30.485  4327  4327 E ActivityThread: 	at java.lang.reflect.Method.invoke(Native Method)
12-19 17:25:30.485  4327  4327 E ActivityThread: 	at com.android.internal.os.RuntimeInit$MethodAndArgsCaller.run(RuntimeInit.java:525)
12-19 17:25:30.485  4327  4327 E ActivityThread: 	at com.android.internal.os.ZygoteInit.main(ZygoteInit.java:825)
12-19 17:26:39.277 16843 17292 E ActivityThread: Failed to find provider info for com.hihonor.id.router.routercontentprovider
12-19 17:26:39.282 16843 17301 E ActivityThread: Failed to find provider info for com.hihonor.id.router.routercontentprovider
12-19 17:27:05.339  1803  2120 I chatty  : uid=1000(system) NetworkStats expire 12 lines
12-19 17:27:09.333  1803  1803 I chatty  : uid=1000 system_server expire 1 line
12-19 17:32:16.215  1072  1072 I chatty  : uid=1010(wifi) /system/bin/wificond expire 242 lines
12-19 17:37:48.521  1803  5213 I chatty  : uid=1000(system) Binder:1803_1D expire 2 lines
12-19 17:37:48.661  1803  2564 I chatty  : uid=1000(system) Binder:1803_9 expire 4 lines
12-19 17:37:48.911  1803  2563 I chatty  : uid=1000(system) Binder:1803_8 expire 2 lines
12-19 17:42:01.300  1803  2119 I chatty  : uid=1000(system) NetdConnector expire 10 lines
12-19 17:44:02.554  1803  2595 I chatty  : uid=1000(system) Binder:1803_B expire 1 line
12-19 17:44:02.785  1803  1858 I chatty  : uid=1000(system) Binder:1803_2 expire 2 lines
12-19 17:44:02.797  1803  2117 I chatty  : uid=1000(system) CryptdConnector expire 3 lines
12-19 17:44:26.739  5367  5367 E ActivityThread: Service com.android.providers.media.MtpService has leaked IntentReceiver android.mtp.MtpDatabase$1@b54bc4d that was originally registered here. Are you missing a call to unregisterReceiver()?
12-19 17:44:26.739  5367  5367 E ActivityThread: android.app.IntentReceiverLeaked: Service com.android.providers.media.MtpService has leaked IntentReceiver android.mtp.MtpDatabase$1@b54bc4d that was originally registered here. Are you missing a call to unregisterReceiver()?
12-19 17:44:26.739  5367  5367 E ActivityThread: 	at android.app.LoadedApk$ReceiverDispatcher.<init>(LoadedApk.java:1380)
12-19 17:44:26.739  5367  5367 E ActivityThread: 	at android.app.LoadedApk.getReceiverDispatcher(LoadedApk.java:1140)
12-19 17:44:26.739  5367  5367 E ActivityThread: 	at android.app.ContextImpl.registerReceiverInternal(ContextImpl.java:1441)
12-19 17:44:26.739  5367  5367 E ActivityThread: 	at android.app.ContextImpl.registerReceiver(ContextImpl.java:1414)
12-19 17:44:26.739  5367  5367 E ActivityThread: 	at android.app.ContextImpl.registerReceiver(ContextImpl.java:1402)
12-19 17:44:26.739  5367  5367 E ActivityThread: 	at android.content.ContextWrapper.registerReceiver(ContextWrapper.java:616)
12-19 17:44:26.739  5367  5367 E ActivityThread: 	at android.mtp.MtpDatabase.setServer(MtpDatabase.java:227)
12-19 17:44:26.739  5367  5367 E ActivityThread: 	at com.android.providers.media.MtpService.l11(MtpService.java:274)
12-19 17:44:26.739  5367  5367 E ActivityThread: 	at com.android.providers.media.MtpService.onStartCommand(MtpService.java:217)
12-19 17:44:26.739  5367  5367 E ActivityThread: 	at android.app.ActivityThread.handleServiceArgs(ActivityThread.java:3603)
12-19 17:44:26.739  5367  5367 E ActivityThread: 	at android.app.ActivityThread.-wrap20(Unknown Source:0)
12-19 17:44:26.739  5367  5367 E ActivityThread: 	at android.app.ActivityThread$H.handleMessage(ActivityThread.java:1781)
12-19 17:44:26.739  5367  5367 E ActivityThread: 	at android.os.Handler.dispatchMessage(Handler.java:106)
12-19 17:44:26.739  5367  5367 E ActivityThread: 	at android.os.Looper.loop(Looper.java:192)
12-19 17:44:26.739  5367  5367 E ActivityThread: 	at android.app.ActivityThread.main(ActivityThread.java:6744)
12-19 17:44:26.739  5367  5367 E ActivityThread: 	at java.lang.reflect.Method.invoke(Native Method)
12-19 17:44:26.739  5367  5367 E ActivityThread: 	at com.android.internal.os.RuntimeInit$MethodAndArgsCaller.run(RuntimeInit.java:525)
12-19 17:44:26.739  5367  5367 E ActivityThread: 	at com.android.internal.os.ZygoteInit.main(ZygoteInit.java:825)
12-19 17:44:27.080  1072  1072 I chatty  : uid=1010(wifi) /system/bin/wificond expire 115 lines
12-19 17:44:45.111  5367  5367 E ActivityThread: Service com.android.providers.media.MtpService has leaked IntentReceiver android.mtp.MtpDatabase$1@a7ddcf8 that was originally registered here. Are you missing a call to unregisterReceiver()?
12-19 17:44:45.111  5367  5367 E ActivityThread: android.app.IntentReceiverLeaked: Service com.android.providers.media.MtpService has leaked IntentReceiver android.mtp.MtpDatabase$1@a7ddcf8 that was originally registered here. Are you missing a call to unregisterReceiver()?
12-19 17:44:45.111  5367  5367 E ActivityThread: 	at android.app.LoadedApk$ReceiverDispatcher.<init>(LoadedApk.java:1380)
12-19 17:44:45.111  5367  5367 E ActivityThread: 	at android.app.LoadedApk.getReceiverDispatcher(LoadedApk.java:1140)
12-19 17:44:45.111  5367  5367 E ActivityThread: 	at android.app.ContextImpl.registerReceiverInternal(ContextImpl.java:1441)
12-19 17:44:45.111  5367  5367 E ActivityThread: 	at android.app.ContextImpl.registerReceiver(ContextImpl.java:1414)
12-19 17:44:45.111  5367  5367 E ActivityThread: 	at android.app.ContextImpl.registerReceiver(ContextImpl.java:1402)
12-19 17:44:45.111  5367  5367 E ActivityThread: 	at android.content.ContextWrapper.registerReceiver(ContextWrapper.java:616)
12-19 17:44:45.111  5367  5367 E ActivityThread: 	at android.mtp.MtpDatabase.setServer(MtpDatabase.java:227)
12-19 17:44:45.111  5367  5367 E ActivityThread: 	at com.android.providers.media.MtpService.l11(MtpService.java:274)
12-19 17:44:45.111  5367  5367 E ActivityThread: 	at com.android.providers.media.MtpService.onStartCommand(MtpService.java:217)
12-19 17:44:45.111  5367  5367 E ActivityThread: 	at android.app.ActivityThread.handleServiceArgs(ActivityThread.java:3603)
12-19 17:44:45.111  5367  5367 E ActivityThread: 	at android.app.ActivityThread.-wrap20(Unknown Source:0)
12-19 17:44:45.111  5367  5367 E ActivityThread: 	at android.app.ActivityThread$H.handleMessage(ActivityThread.java:1781)
12-19 17:44:45.111  5367  5367 E ActivityThread: 	at android.os.Handler.dispatchMessage(Handler.java:106)
12-19 17:44:45.111  5367  5367 E ActivityThread: 	at android.os.Looper.loop(Looper.java:192)
12-19 17:44:45.111  5367  5367 E ActivityThread: 	at android.app.ActivityThread.main(ActivityThread.java:6744)
12-19 17:44:45.111  5367  5367 E ActivityThread: 	at java.lang.reflect.Method.invoke(Native Method)
12-19 17:44:45.111  5367  5367 E ActivityThread: 	at com.android.internal.os.RuntimeInit$MethodAndArgsCaller.run(RuntimeInit.java:525)
12-19 17:44:45.111  5367  5367 E ActivityThread: 	at com.android.internal.os.ZygoteInit.main(ZygoteInit.java:825)
12-19 17:45:09.441  1803  2629 I chatty  : uid=1000(system) Binder:1803_D expire 2 lines
12-19 17:46:41.928  1803  2122 I chatty  : uid=1000(system) NetworkPolicy expire 4 lines
12-19 17:46:42.013 21457 21457 E ANRManager: mPackageName = com.bbk.launcher2, Get anr service = android.app.anr.IANRManager$Stub$Proxy@56c267b
12-19 17:46:45.559  1803  2257 I chatty  : uid=1000(system) Binder:1803_4 expire 2 lines
12-19 17:46:45.879  4327  4327 E ActivityThread: Activity com.bbk.launcher2.Launcher has leaked IntentReceiver com.bbk.launcher2.data.NetworkStateListener@97d0dc that was originally registered here. Are you missing a call to unregisterReceiver()?
12-19 17:46:45.879  4327  4327 E ActivityThread: android.app.IntentReceiverLeaked: Activity com.bbk.launcher2.Launcher has leaked IntentReceiver com.bbk.launcher2.data.NetworkStateListener@97d0dc that was originally registered here. Are you missing a call to unregisterReceiver()?
12-19 17:46:45.879  4327  4327 E ActivityThread: 	at android.app.LoadedApk$ReceiverDispatcher.<init>(LoadedApk.java:1380)
12-19 17:46:45.879  4327  4327 E ActivityThread: 	at android.app.LoadedApk.getReceiverDispatcher(LoadedApk.java:1140)
12-19 17:46:45.879  4327  4327 E ActivityThread: 	at android.app.ContextImpl.registerReceiverInternal(ContextImpl.java:1441)
12-19 17:46:45.879  4327  4327 E ActivityThread: 	at android.app.ContextImpl.registerReceiver(ContextImpl.java:1414)
12-19 17:46:45.879  4327  4327 E ActivityThread: 	at android.app.ContextImpl.registerReceiver(ContextImpl.java:1402)
12-19 17:46:45.879  4327  4327 E ActivityThread: 	at android.content.ContextWrapper.registerReceiver(ContextWrapper.java:616)
12-19 17:46:45.879  4327  4327 E ActivityThread: 	at com.bbk.launcher2.Launcher.gha(:1186)
12-19 17:46:45.879  4327  4327 E ActivityThread: 	at com.bbk.launcher2.Launcher.onCreate(:1130)
12-19 17:46:45.879  4327  4327 E ActivityThread: 	at android.app.Activity.performCreate(Activity.java:7113)
12-19 17:46:45.879  4327  4327 E ActivityThread: 	at android.app.Activity.performCreate(Activity.java:7104)
12-19 17:46:45.879  4327  4327 E ActivityThread: 	at android.app.Instrumentation.callActivityOnCreate(Instrumentation.java:1220)
12-19 17:46:45.879  4327  4327 E ActivityThread: 	at android.app.ActivityThread.performLaunchActivity(ActivityThread.java:2849)
12-19 17:46:45.879  4327  4327 E ActivityThread: 	at android.app.ActivityThread.handleLaunchActivity(ActivityThread.java:2974)
12-19 17:46:45.879  4327  4327 E ActivityThread: 	at android.app.ActivityThread.-wrap11(Unknown Source:0)
12-19 17:46:45.879  4327  4327 E ActivityThread: 	at android.app.ActivityThread$H.handleMessage(ActivityThread.java:1675)
12-19 17:46:45.879  4327  4327 E ActivityThread: 	at android.os.Handler.dispatchMessage(Handler.java:106)
12-19 17:46:45.879  4327  4327 E ActivityThread: 	at android.os.Looper.loop(Looper.java:178)
12-19 17:46:45.879  4327  4327 E ActivityThread: 	at android.app.ActivityThread.main(ActivityThread.java:6744)
12-19 17:46:45.879  4327  4327 E ActivityThread: 	at java.lang.reflect.Method.invoke(Native Method)
12-19 17:46:45.879  4327  4327 E ActivityThread: 	at com.android.internal.os.RuntimeInit$MethodAndArgsCaller.run(RuntimeInit.java:525)
12-19 17:46:45.879  4327  4327 E ActivityThread: 	at com.android.internal.os.ZygoteInit.main(ZygoteInit.java:825)
12-19 17:50:14.382  1072  1072 I chatty  : uid=1010(wifi) /system/bin/wificond expire 103 lines
12-19 17:50:31.334 23413 23849 E ActivityThread: Failed to find provider info for com.hihonor.id.router.routercontentprovider
12-19 17:50:31.354 23413 23860 E ActivityThread: Failed to find provider info for com.hihonor.id.router.routercontentprovider
12-19 17:50:37.030  1803  2119 I chatty  : uid=1000(system) NetdConnector expire 104 lines
12-19 17:50:37.048  1803  2120 I chatty  : uid=1000(system) NetworkStats expire 116 lines
12-19 17:52:04.714  1803  1936 I chatty  : uid=1000(system) batterystats-wo expire 9 lines
12-19 17:52:54.719 25625 25625 E ANRManager: mPackageName = com.bbk.launcher2, Get anr service = android.app.anr.IANRManager$Stub$Proxy@56c267b
12-19 17:53:46.758 26502 26919 E ActivityThread: Failed to find provider info for com.hihonor.id.router.routercontentprovider
12-19 17:53:46.768 26502 26925 E ActivityThread: Failed to find provider info for com.hihonor.id.router.routercontentprovider
12-19 17:54:07.861  1803  2627 I chatty  : uid=1000(system) Binder:1803_C expire 1 line
12-19 17:54:07.869  1803  1977 I chatty  : uid=1000(system) android.fg expire 1 line
12-19 17:57:22.789  1072  1072 I chatty  : uid=1010(wifi) /system/bin/wificond expire 32 lines
12-19 17:58:59.413  1072  1072 E wificond: vivo add tx_good 371859 tx_bad 22 rx_good 857198 tx_retry 49092
12-19 17:59:02.432  1072  1072 E wificond: vivo add tx_good 371862 tx_bad 22 rx_good 857202 tx_retry 49092
12-19 17:59:05.453  1072  1072 E wificond: vivo add tx_good 371902 tx_bad 22 rx_good 857238 tx_retry 49107
12-19 17:59:08.476  1072  1072 E wificond: vivo add tx_good 371904 tx_bad 22 rx_good 857243 tx_retry 49107
12-19 17:59:11.496  1072  1072 E wificond: vivo add tx_good 371904 tx_bad 22 rx_good 857249 tx_retry 49107
12-19 17:59:14.530  1072  1072 E wificond: vivo add tx_good 371905 tx_bad 22 rx_good 857267 tx_retry 49107
12-19 17:59:17.548  1072  1072 E wificond: vivo add tx_good 371907 tx_bad 22 rx_good 857273 tx_retry 49107
12-19 17:59:20.572  1072  1072 E wificond: vivo add tx_good 371908 tx_bad 22 rx_good 857278 tx_retry 49108
12-19 17:59:23.593  1072  1072 E wificond: vivo add tx_good 371910 tx_bad 22 rx_good 857284 tx_retry 49109
12-19 17:59:26.615  1072  1072 E wificond: vivo add tx_good 371910 tx_bad 22 rx_good 857284 tx_retry 49109
12-19 17:59:29.632  1072  1072 E wificond: vivo add tx_good 371911 tx_bad 22 rx_good 857363 tx_retry 49109
12-19 17:59:32.654  1072  1072 E wificond: vivo add tx_good 371911 tx_bad 22 rx_good 857377 tx_retry 49109
12-19 17:59:35.672  1072  1072 E wificond: vivo add tx_good 371912 tx_bad 22 rx_good 857387 tx_retry 49109
12-19 17:59:38.701  1072  1072 E wificond: vivo add tx_good 371913 tx_bad 22 rx_good 857395 tx_retry 49109
12-19 17:59:41.719  1072  1072 E wificond: vivo add tx_good 371913 tx_bad 22 rx_good 857402 tx_retry 49109
12-19 17:59:44.739  1072  1072 E wificond: vivo add tx_good 371913 tx_bad 22 rx_good 857419 tx_retry 49109
12-19 17:59:47.759  1072  1072 E wificond: vivo add tx_good 371924 tx_bad 22 rx_good 857434 tx_retry 49111
12-19 17:59:50.792  1072  1072 E wificond: vivo add tx_good 371937 tx_bad 22 rx_good 857448 tx_retry 49115
12-19 17:59:53.812  1072  1072 E wificond: vivo add tx_good 371938 tx_bad 22 rx_good 857451 tx_retry 49115
12-19 17:59:56.830  1072  1072 E wificond: vivo add tx_good 371938 tx_bad 22 rx_good 857451 tx_retry 49115
12-19 17:59:59.850  1072  1072 E wificond: vivo add tx_good 371938 tx_bad 22 rx_good 857463 tx_retry 49115
12-19 18:00:02.865  1072  1072 E wificond: vivo add tx_good 371942 tx_bad 22 rx_good 857473 tx_retry 49116
12-19 18:00:05.883  1072  1072 E wificond: vivo add tx_good 371944 tx_bad 22 rx_good 857479 tx_retry 49116
12-19 18:00:08.905  1072  1072 E wificond: vivo add tx_good 371944 tx_bad 22 rx_good 857487 tx_retry 49116
12-19 18:00:11.927  1072  1072 E wificond: vivo add tx_good 371944 tx_bad 22 rx_good 857490 tx_retry 49116
12-19 18:00:14.947  1072  1072 E wificond: vivo add tx_good 371944 tx_bad 22 rx_good 857504 tx_retry 49116
12-19 18:00:17.968  1072  1072 E wificond: vivo add tx_good 371945 tx_bad 22 rx_good 857508 tx_retry 49117
12-19 18:00:20.997  1072  1072 E wificond: vivo add tx_good 371947 tx_bad 22 rx_good 857510 tx_retry 49117
12-19 18:00:24.017  1072  1072 E wificond: vivo add tx_good 371949 tx_bad 22 rx_good 857514 tx_retry 49117
12-19 18:00:27.044  1072  1072 E wificond: vivo add tx_good 371950 tx_bad 22 rx_good 857517 tx_retry 49117
12-19 18:00:30.063  1072  1072 E wificond: vivo add tx_good 371950 tx_bad 22 rx_good 857529 tx_retry 49117
12-19 18:00:33.083  1072  1072 E wificond: vivo add tx_good 371950 tx_bad 22 rx_good 857534 tx_retry 49117
12-19 18:00:36.100  1072  1072 E wificond: vivo add tx_good 371950 tx_bad 22 rx_good 857537 tx_retry 49117
12-19 18:00:39.127  1072  1072 E wificond: vivo add tx_good 371957 tx_bad 22 rx_good 857538 tx_retry 49119
12-19 18:00:42.145  1072  1072 E wificond: vivo add tx_good 371957 tx_bad 22 rx_good 857552 tx_retry 49119
12-19 18:00:45.167  1072  1072 E wificond: vivo add tx_good 371958 tx_bad 22 rx_good 857566 tx_retry 49120
12-19 18:00:48.185  1072  1072 E wificond: vivo add tx_good 371958 tx_bad 22 rx_good 857571 tx_retry 49120
12-19 18:00:51.205  1072  1072 E wificond: vivo add tx_good 371958 tx_bad 22 rx_good 857571 tx_retry 49120
12-19 18:00:54.225  1072  1072 E wificond: vivo add tx_good 371958 tx_bad 22 rx_good 857573 tx_retry 49120
12-19 18:00:57.246  1072  1072 E wificond: vivo add tx_good 371962 tx_bad 22 rx_good 857576 tx_retry 49122
12-19 18:01:00.267  1072  1072 E wificond: vivo add tx_good 371962 tx_bad 22 rx_good 857589 tx_retry 49122
12-19 18:01:03.286  1072  1072 E wificond: vivo add tx_good 371963 tx_bad 22 rx_good 857595 tx_retry 49122
12-19 18:01:06.304  1072  1072 E wificond: vivo add tx_good 371965 tx_bad 22 rx_good 857601 tx_retry 49122
12-19 18:01:09.323  1072  1072 E wificond: vivo add tx_good 371965 tx_bad 22 rx_good 857604 tx_retry 49122
12-19 18:01:12.343  1072  1072 E wificond: vivo add tx_good 371965 tx_bad 22 rx_good 857606 tx_retry 49122
12-19 18:01:15.368  1072  1072 E wificond: vivo add tx_good 371967 tx_bad 22 rx_good 857620 tx_retry 49122
12-19 18:01:18.395  1072  1072 E wificond: vivo add tx_good 371969 tx_bad 22 rx_good 857629 tx_retry 49123
12-19 18:01:21.413  1072  1072 E wificond: vivo add tx_good 371969 tx_bad 22 rx_good 857631 tx_retry 49123
12-19 18:01:24.435  1072  1072 E wificond: vivo add tx_good 371969 tx_bad 22 rx_good 857633 tx_retry 49123
12-19 18:01:27.454  1072  1072 E wificond: vivo add tx_good 371969 tx_bad 22 rx_good 857634 tx_retry 49123
12-19 18:01:30.474  1072  1072 E wificond: vivo add tx_good 371970 tx_bad 22 rx_good 857648 tx_retry 49123
12-19 18:01:33.494  1072  1072 E wificond: vivo add tx_good 371970 tx_bad 22 rx_good 857653 tx_retry 49123
12-19 18:01:36.517  1072  1072 E wificond: vivo add tx_good 371970 tx_bad 22 rx_good 857658 tx_retry 49123
12-19 18:01:39.536  1072  1072 E wificond: vivo add tx_good 371971 tx_bad 22 rx_good 857659 tx_retry 49123
12-19 18:01:42.556  1072  1072 E wificond: vivo add tx_good 371971 tx_bad 22 rx_good 857660 tx_retry 49123
12-19 18:01:45.576  1072  1072 E wificond: vivo add tx_good 371971 tx_bad 22 rx_good 857672 tx_retry 49123
12-19 18:01:48.596  1072  1072 E wificond: vivo add tx_good 371982 tx_bad 22 rx_good 857686 tx_retry 49124
12-19 18:01:51.619  1072  1072 E wificond: vivo add tx_good 371982 tx_bad 22 rx_good 857691 tx_retry 49124
12-19 18:01:54.642  1072  1072 E wificond: vivo add tx_good 371982 tx_bad 22 rx_good 857692 tx_retry 49124
12-19 18:01:57.661  1072  1072 E wificond: vivo add tx_good 371982 tx_bad 22 rx_good 857693 tx_retry 49124
12-19 18:02:00.681  1072  1072 E wificond: vivo add tx_good 371982 tx_bad 22 rx_good 857715 tx_retry 49124
12-19 18:02:03.703  1072  1072 E wificond: vivo add tx_good 371984 tx_bad 22 rx_good 857738 tx_retry 49124
12-19 18:02:06.714  1072  1072 E wificond: vivo add tx_good 371985 tx_bad 22 rx_good 857746 tx_retry 49124
