12-19 18:25:49.994  1803  5214 I chatty  : uid=1000(system) Binder:1803_1E expire 3 lines
12-19 18:25:50.037  1803  1920 I chatty  : uid=1000(system) android.ui expire 5 lines
12-19 18:25:50.052  1803  1987 I chatty  : uid=1000(system) WakelockControl expire 3 lines
12-19 18:25:50.126  1803  5201 I chatty  : uid=1000(system) Binder:1803_19 expire 2 lines
12-19 18:25:50.275  2573  2573 W ContextImpl: Calling a method in the system process without a qualified user: android.app.ContextImpl.sendBroadcast:970 android.content.ContextWrapper.sendBroadcast:437 com.vivo.daemonService.VivoDaemonServiceApp.lllllll:2234 com.vivo.daemonService.VivoDaemonServiceApp.l11l:218 com.vivo.daemonService.l11l.handleMessage:449 
12-19 18:25:50.451  1803  8676 I chatty  : uid=1000 system_server expire 1 line
12-19 18:25:50.511  8701  8777 W ContextImpl: Calling a method in the system process without a qualified user: android.app.ContextImpl.startService:1496 android.content.ContextWrapper.startService:657 com.qualcomm.qti.qdma.util.PeriodicCI.run:374 com.qualcomm.qti.qdma.util.PeriodicCI.start:317 com.qualcomm.qti.qdma.app.ActiveCareService$ProcessSessionRequest.run:667 
12-19 18:25:50.523  1803  2564 I chatty  : uid=1000(system) Binder:1803_9 expire 1 line
12-19 18:25:50.524  1803  2147 I chatty  : uid=1000(system) Binder:1803_3 expire 1 line
12-19 18:25:50.524  1803 11696 I chatty  : uid=1000(system) Binder:1803_20 expire 1 line
12-19 18:25:50.525  1803  4286 I chatty  : uid=1000(system) Binder:1803_10 expire 1 line
12-19 18:25:50.528  1803  4299 I chatty  : uid=1000(system) Binder:1803_12 expire 1 line
12-19 18:25:50.528  1803  5197 I chatty  : uid=1000(system) Binder:1803_16 expire 1 line
12-19 18:25:50.529  1803  2132 I chatty  : uid=1000(system) ConnectivitySer expire 14 lines
12-19 18:25:50.529  1803  2661 I chatty  : uid=1000(system) Binder:1803_F expire 1 line
12-19 18:25:50.546  1803  5208 I chatty  : uid=1000(system) Binder:1803_1B expire 1 line
12-19 18:25:50.557  1803  2546 I chatty  : uid=1000(system) Binder:1803_7 expire 2 lines
12-19 18:25:50.559  1803  4305 I chatty  : uid=1000(system) Binder:1803_13 expire 2 lines
12-19 18:25:50.561  1803  5200 I chatty  : uid=1000(system) Binder:1803_18 expire 8 lines
12-19 18:25:50.562  1803  2627 I chatty  : uid=1000(system) Binder:1803_C expire 8 lines
12-19 18:25:50.590  1803  4348 I chatty  : uid=1000(system) Binder:1803_14 expire 7 lines
12-19 18:25:50.636  1803  2212 I chatty  : uid=1000(system) AutobacklightTh expire 5 lines
12-19 18:25:50.636  1803  1936 I chatty  : uid=1000(system) batterystats-wo expire 1 line
12-19 18:25:50.701  1803  2090 I chatty  : uid=1000(system) android.anim expire 2 lines
12-19 18:25:50.704  1803  2563 I chatty  : uid=1000(system) Binder:1803_8 expire 5 lines
12-19 18:25:50.718  1803  2163 I chatty  : uid=1000(system) VivoPermission expire 1 line
12-19 18:25:50.804  8701  8781 W ContextImpl: Calling a method in the system process without a qualified user: android.app.ContextImpl.startService:1496 android.content.ContextWrapper.startService:657 com.qualcomm.qti.qdma.app.ApplicationManager.startQDMATransferService:3660 com.qualcomm.qti.qdma.app.ActiveCareService$ProcessSessionRequest.run:583 java.lang.Thread.run:764 
12-19 18:25:51.111  8692  8692 I FtBuild : getRomVersion mRomVer=4.0
12-19 18:25:51.183  1803  2563 I chatty  : uid=1000(system) Binder:1803_8 expire 9 lines
12-19 18:25:51.281  1803  5213 I chatty  : uid=1000(system) Binder:1803_1D expire 13 lines
12-19 18:25:51.502  1803  4348 I chatty  : uid=1000(system) Binder:1803_14 expire 27 lines
12-19 18:25:51.594  1803  4293 I chatty  : uid=1000(system) Binder:1803_11 expire 14 lines
12-19 18:25:51.599  1803  2132 I chatty  : uid=1000(system) ConnectivitySer expire 134 lines
12-19 18:25:52.024  1803  2215 I chatty  : uid=1000(system) VivoAlsDebounce expire 2 lines
12-19 18:25:52.121  8857  8857 I FtBuild : getRomVersion mRomVer=4.0
12-19 18:25:52.300  1803  2546 I chatty  : uid=1000(system) Binder:1803_7 expire 15 lines
12-19 18:25:52.380  1072  1072 E wificond: vivo add tx_good 526457 tx_bad 35 rx_good 1266874 tx_retry 70193
12-19 18:25:53.285  1803  1803 I chatty  : uid=1000 system_server expire 10 lines
12-19 18:25:53.662  1803  5199 I chatty  : uid=1000(system) Binder:1803_17 expire 3 lines
12-19 18:25:53.663  1803  2212 I chatty  : uid=1000(system) AutobacklightTh expire 4 lines
12-19 18:25:53.998  1803  5200 I chatty  : uid=1000(system) Binder:1803_18 expire 1 line
12-19 18:25:54.135  1803  1858 I chatty  : uid=1000(system) Binder:1803_2 expire 4 lines
12-19 18:25:54.140  1803  1979 I chatty  : uid=1000(system) android.display expire 1 line
12-19 18:25:54.255  1803  2627 I chatty  : uid=1000(system) Binder:1803_C expire 4 lines
12-19 18:25:54.421  1803  4305 I chatty  : uid=1000(system) Binder:1803_13 expire 7 lines
12-19 18:25:54.819  9419  9419 I FtBuild : getRomVersion mRomVer=4.0
12-19 18:25:55.390  1072  1072 E wificond: vivo add tx_good 526645 tx_bad 35 rx_good 1267062 tx_retry 70235
12-19 18:25:55.470  1803  2594 I chatty  : uid=1000(system) Binder:1803_A expire 4 lines
12-19 18:25:55.690  1803  1857 I chatty  : uid=1000(system) Binder:1803_1 expire 3 lines
12-19 18:25:55.780  1803  1919 I chatty  : uid=1000(system) ActivityManager expire 2 lines
12-19 18:25:55.885  1803  1803 I chatty  : uid=1000 system_server expire 8 lines
12-19 18:25:56.112  1803  5199 I chatty  : uid=1000(system) Binder:1803_17 expire 2 lines
12-19 18:25:56.384  1803  2594 I chatty  : uid=1000(system) Binder:1803_A expire 9 lines
12-19 18:25:56.384  1803  2132 I chatty  : uid=1000(system) ConnectivitySer expire 191 lines
12-19 18:25:56.565  1803  1858 I chatty  : uid=1000(system) Binder:1803_2 expire 3 lines
12-19 18:25:56.616  8788  9898 E ActivityThread: Failed to find provider info for com.hihonor.id.router.routercontentprovider
12-19 18:25:56.658  1803  4305 I chatty  : uid=1000(system) Binder:1803_13 expire 22 lines
12-19 18:25:56.792  1803  4299 I chatty  : uid=1000(system) Binder:1803_12 expire 7 lines
12-19 18:25:56.957  8788  9865 E ActivityThread: Failed to find provider info for com.hihonor.id.router.routercontentprovider
12-19 18:25:56.967  1803  2627 I chatty  : uid=1000(system) Binder:1803_C expire 11 lines
12-19 18:25:57.108  8788  8788 I FtBuild : getRomVersion mRomVer=4.0
12-19 18:25:57.346  8788  8788 D PhoneWindow: DEBUG_ALIENSCREEN:getRotation mRotation=0
12-19 18:25:58.026  1803  1857 I chatty  : uid=1000(system) Binder:1803_1 expire 11 lines
12-19 18:25:58.395  1072  1072 E wificond: vivo add tx_good 526992 tx_bad 35 rx_good 1267460 tx_retry 70280
12-19 18:26:00.902  8788  8788 I TouchMotionHandler: handler onAttached
12-19 18:26:01.314  1803  2132 I chatty  : uid=1000(system) ConnectivitySer expire 136 lines
12-19 18:26:01.399  1072  1072 E wificond: vivo add tx_good 527435 tx_bad 35 rx_good 1267844 tx_retry 70346
12-19 18:26:01.402  1803  2627 I chatty  : uid=1000(system) Binder:1803_C expire 7 lines
12-19 18:26:01.553  1072  1072 I wificond: Enters wifigbk_ageOutHistory
12-19 18:26:01.554  1072  1072 I wificond: Enters wifigbk_ageOutHistory
12-19 18:26:01.702 10517 10517 I VivoSystemReflect: add vivoBackupManager
12-19 18:26:02.429  1803  1803 I chatty  : uid=1000 system_server expire 19 lines
12-19 18:26:02.435  1803  1979 I chatty  : uid=1000(system) android.display expire 2 lines
12-19 18:26:02.541  1803  2090 I chatty  : uid=1000(system) android.anim expire 3 lines
12-19 18:26:02.670  1803  4299 I chatty  : uid=1000(system) Binder:1803_12 expire 15 lines
12-19 18:26:02.823  1803  2216 I chatty  : uid=1000(system) AntiMisoperatio expire 2 lines
12-19 18:26:03.417  1803  1858 I chatty  : uid=1000(system) Binder:1803_2 expire 6 lines
12-19 18:26:04.072  1803  2119 I chatty  : uid=1000(system) NetdConnector expire 12 lines
12-19 18:26:04.074  1803  2120 I chatty  : uid=1000(system) NetworkStats expire 16 lines
12-19 18:26:04.076  8788  8788 I SurfaceView: updateSystemUiVisibility, blackBackground = false, viewVisibility = 0, appBounds = Rect(0, 0 - 1080, 2160), mScreenRect = Rect(0, 0 - 1080, 1899), surface = com.ysdq.video.widget.SurfaceRenderView{d3e5047 V.E...... ......ID 0,0-1080,1899}
12-19 18:26:04.402  1072  1072 E wificond: vivo add tx_good 528021 tx_bad 35 rx_good 1269534 tx_retry 70443
12-19 18:26:04.936  8788  8788 I SurfaceView: updateSystemUiVisibility, blackBackground = false, viewVisibility = 0, appBounds = Rect(0, 0 - 1080, 2160), mScreenRect = Rect(0, -10 - 1080, 1910), surface = com.ysdq.video.widget.SurfaceRenderView{d3e5047 V.E...... ......ID 0,-10-1080,1910}
12-19 18:26:05.807  1803  1919 I chatty  : uid=1000(system) ActivityManager expire 1 line
12-19 18:26:06.531  1803  2099 I chatty  : uid=1000(system) AlarmManager expire 1 line
12-19 18:26:06.662  1803  1920 I chatty  : uid=1000(system) android.ui expire 24 lines
12-19 18:26:06.787  8788  8788 I SurfaceView: updateSystemUiVisibility, blackBackground = false, viewVisibility = 0, appBounds = Rect(0, 0 - 1080, 2160), mScreenRect = Rect(0, -10 - 1080, 1910), surface = com.ysdq.video.widget.SurfaceRenderView{d3e5047 V.E...... ........ 0,-10-1080,1910}
12-19 18:26:07.045  1803  5199 I chatty  : uid=1000(system) Binder:1803_17 expire 24 lines
12-19 18:26:07.413  1072  1072 E wificond: vivo add tx_good 528936 tx_bad 35 rx_good 1272274 tx_retry 70559
12-19 18:26:08.674  8788  8788 I SurfaceView: updateSystemUiVisibility, blackBackground = false, viewVisibility = 0, appBounds = Rect(0, 0 - 1080, 2160), mScreenRect = Rect(0, 0 - 1080, 1899), surface = com.ysdq.video.widget.SurfaceRenderView{b8d2c1a V.E...... ......ID 0,0-1080,1899}
12-19 18:26:08.775  8788  8788 I SurfaceView: updateSystemUiVisibility, blackBackground = false, viewVisibility = 0, appBounds = Rect(0, 0 - 1080, 2160), mScreenRect = Rect(0, -10 - 1080, 1910), surface = com.ysdq.video.widget.SurfaceRenderView{b8d2c1a V.E...... ......ID 0,-10-1080,1910}
12-19 18:26:08.995  1803  1858 I chatty  : uid=1000(system) Binder:1803_2 expire 42 lines
12-19 18:26:09.083  1803  1920 I chatty  : uid=1000(system) android.ui expire 116 lines
12-19 18:26:09.090  1803  4299 I chatty  : uid=1000(system) Binder:1803_12 expire 19 lines
12-19 18:26:09.171  8788  8788 I SurfaceView: updateSystemUiVisibility, blackBackground = false, viewVisibility = 0, appBounds = Rect(0, 0 - 1080, 2160), mScreenRect = Rect(0, 2 - 1080, 1922), surface = com.ysdq.video.widget.SurfaceRenderView{b8d2c1a V.E...... ........ 0,-10-1080,1910}
12-19 18:26:09.181  8788  8788 I SurfaceView: updateSystemUiVisibility, blackBackground = false, viewVisibility = 0, appBounds = Rect(0, 0 - 1080, 2160), mScreenRect = Rect(0, 49 - 1080, 1969), surface = com.ysdq.video.widget.SurfaceRenderView{b8d2c1a V.E...... ........ 0,-10-1080,1910}
12-19 18:26:09.189  8788  8788 I SurfaceView: updateSystemUiVisibility, blackBackground = false, viewVisibility = 0, appBounds = Rect(0, 0 - 1080, 2160), mScreenRect = Rect(0, 92 - 1080, 2012), surface = com.ysdq.video.widget.SurfaceRenderView{b8d2c1a V.E...... ........ 0,-10-1080,1910}
12-19 18:26:09.223  8788  8788 I SurfaceView: updateSystemUiVisibility, blackBackground = false, viewVisibility = 0, appBounds = Rect(0, 0 - 1080, 2160), mScreenRect = Rect(0, 130 - 1080, 2050), surface = com.ysdq.video.widget.SurfaceRenderView{b8d2c1a V.E...... ........ 0,-10-1080,1910}
12-19 18:26:09.257  8788  8788 I SurfaceView: updateSystemUiVisibility, blackBackground = false, viewVisibility = 0, appBounds = Rect(0, 0 - 1080, 2160), mScreenRect = Rect(0, 164 - 1080, 2084), surface = com.ysdq.video.widget.SurfaceRenderView{b8d2c1a V.E...... ........ 0,-10-1080,1910}
12-19 18:26:09.284  8788  8788 I SurfaceView: updateSystemUiVisibility, blackBackground = false, viewVisibility = 0, appBounds = Rect(0, 0 - 1080, 2160), mScreenRect = Rect(0, 194 - 1080, 2114), surface = com.ysdq.video.widget.SurfaceRenderView{b8d2c1a V.E...... ........ 0,-10-1080,1910}
12-19 18:26:09.306  8788  8788 I SurfaceView: updateSystemUiVisibility, blackBackground = false, viewVisibility = 0, appBounds = Rect(0, 0 - 1080, 2160), mScreenRect = Rect(0, 221 - 1080, 2141), surface = com.ysdq.video.widget.SurfaceRenderView{b8d2c1a V.E...... ........ 0,-10-1080,1910}
12-19 18:26:09.339  8788  8788 I SurfaceView: updateSystemUiVisibility, blackBackground = false, viewVisibility = 0, appBounds = Rect(0, 0 - 1080, 2160), mScreenRect = Rect(0, 245 - 1080, 2165), surface = com.ysdq.video.widget.SurfaceRenderView{b8d2c1a V.E...... ........ 0,-10-1080,1910}
12-19 18:26:09.355  8788  8788 I SurfaceView: updateSystemUiVisibility, blackBackground = false, viewVisibility = 0, appBounds = Rect(0, 0 - 1080, 2160), mScreenRect = Rect(0, 266 - 1080, 2186), surface = com.ysdq.video.widget.SurfaceRenderView{b8d2c1a V.E...... ........ 0,-10-1080,1910}
12-19 18:26:09.405  8788  8788 I SurfaceView: updateSystemUiVisibility, blackBackground = false, viewVisibility = 0, appBounds = Rect(0, 0 - 1080, 2160), mScreenRect = Rect(0, 255 - 1080, 2175), surface = com.ysdq.video.widget.SurfaceRenderView{b8d2c1a V.E...... ........ 0,-10-1080,1910}
12-19 18:26:09.423  8788  8788 I SurfaceView: updateSystemUiVisibility, blackBackground = false, viewVisibility = 0, appBounds = Rect(0, 0 - 1080, 2160), mScreenRect = Rect(0, 226 - 1080, 2146), surface = com.ysdq.video.widget.SurfaceRenderView{b8d2c1a V.E...... ........ 0,-10-1080,1910}
12-19 18:26:09.438  8788  8788 I SurfaceView: updateSystemUiVisibility, blackBackground = false, viewVisibility = 0, appBounds = Rect(0, 0 - 1080, 2160), mScreenRect = Rect(0, 204 - 1080, 2124), surface = com.ysdq.video.widget.SurfaceRenderView{b8d2c1a V.E...... ........ 0,-10-1080,1910}
12-19 18:26:09.455  8788  8788 I SurfaceView: updateSystemUiVisibility, blackBackground = false, viewVisibility = 0, appBounds = Rect(0, 0 - 1080, 2160), mScreenRect = Rect(0, 190 - 1080, 2110), surface = com.ysdq.video.widget.SurfaceRenderView{b8d2c1a V.E...... ........ 0,-10-1080,1910}
12-19 18:26:09.474  8788  8788 I SurfaceView: updateSystemUiVisibility, blackBackground = false, viewVisibility = 0, appBounds = Rect(0, 0 - 1080, 2160), mScreenRect = Rect(0, 182 - 1080, 2102), surface = com.ysdq.video.widget.SurfaceRenderView{b8d2c1a V.E...... ........ 0,-10-1080,1910}
12-19 18:26:09.488  8788  8788 I SurfaceView: updateSystemUiVisibility, blackBackground = false, viewVisibility = 0, appBounds = Rect(0, 0 - 1080, 2160), mScreenRect = Rect(0, 177 - 1080, 2097), surface = com.ysdq.video.widget.SurfaceRenderView{b8d2c1a V.E...... ........ 0,-10-1080,1910}
12-19 18:26:09.504  8788  8788 I SurfaceView: updateSystemUiVisibility, blackBackground = false, viewVisibility = 0, appBounds = Rect(0, 0 - 1080, 2160), mScreenRect = Rect(0, 174 - 1080, 2094), surface = com.ysdq.video.widget.SurfaceRenderView{b8d2c1a V.E...... ........ 0,-10-1080,1910}
12-19 18:26:09.521  8788  8788 I SurfaceView: updateSystemUiVisibility, blackBackground = false, viewVisibility = 0, appBounds = Rect(0, 0 - 1080, 2160), mScreenRect = Rect(0, 173 - 1080, 2093), surface = com.ysdq.video.widget.SurfaceRenderView{b8d2c1a V.E...... ........ 0,-10-1080,1910}
12-19 18:26:09.538  8788  8788 I SurfaceView: updateSystemUiVisibility, blackBackground = false, viewVisibility = 0, appBounds = Rect(0, 0 - 1080, 2160), mScreenRect = Rect(0, 172 - 1080, 2092), surface = com.ysdq.video.widget.SurfaceRenderView{b8d2c1a V.E...... ........ 0,-10-1080,1910}
12-19 18:26:09.554  8788  8788 I SurfaceView: updateSystemUiVisibility, blackBackground = false, viewVisibility = 0, appBounds = Rect(0, 0 - 1080, 2160), mScreenRect = Rect(0, 171 - 1080, 2091), surface = com.ysdq.video.widget.SurfaceRenderView{b8d2c1a V.E...... ........ 0,-10-1080,1910}
12-19 18:26:09.863  8788  8788 I SurfaceView: updateSystemUiVisibility, blackBackground = false, viewVisibility = 0, appBounds = Rect(0, 0 - 1080, 2160), mScreenRect = Rect(0, 171 - 1080, 2091), surface = com.ysdq.video.widget.SurfaceRenderView{b8d2c1a V.E...... ........ 0,-10-1080,1910}
12-19 18:26:09.882  1803  1857 I chatty  : uid=1000(system) Binder:1803_1 expire 13 lines
12-19 18:26:10.367  8788  8788 I SurfaceView: updateSystemUiVisibility, blackBackground = false, viewVisibility = 0, appBounds = Rect(0, 0 - 1080, 2160), mScreenRect = Rect(0, 13 - 1080, 1912), surface = com.ysdq.video.widget.SurfaceRenderView{1543f42 V.E...... ......ID 0,0-1080,1899}
12-19 18:26:10.396  1803  2090 I chatty  : uid=1000(system) android.anim expire 2 lines
12-19 18:26:10.396  1803  2216 I chatty  : uid=1000(system) AntiMisoperatio expire 1 line
12-19 18:26:10.427  1072  1072 E wificond: vivo add tx_good 529089 tx_bad 35 rx_good 1272458 tx_retry 70588
12-19 18:26:10.446  8788  8788 I SurfaceView: updateSystemUiVisibility, blackBackground = false, viewVisibility = 0, appBounds = Rect(0, 0 - 1080, 2160), mScreenRect = Rect(0, 1 - 1080, 1900), surface = com.ysdq.video.widget.SurfaceRenderView{1543f42 V.E...... ........ 0,0-1080,1899}
12-19 18:26:10.535  8788  8788 I SurfaceView: updateSystemUiVisibility, blackBackground = false, viewVisibility = 0, appBounds = Rect(0, 0 - 1080, 2160), mScreenRect = Rect(0, 0 - 1080, 1899), surface = com.ysdq.video.widget.SurfaceRenderView{1543f42 V.E...... ........ 0,0-1080,1899}
12-19 18:26:10.546  1803  2119 I chatty  : uid=1000(system) NetdConnector expire 18 lines
12-19 18:26:10.548  1803  2120 I chatty  : uid=1000(system) NetworkStats expire 24 lines
12-19 18:26:10.682  8788  8788 I SurfaceView: updateSystemUiVisibility, blackBackground = false, viewVisibility = 0, appBounds = Rect(0, 0 - 1080, 2160), mScreenRect = Rect(0, -10 - 1080, 1910), surface = com.ysdq.video.widget.SurfaceRenderView{1543f42 V.E...... ......ID 0,-10-1080,1910}
12-19 18:26:11.123  8788  8788 D PhoneWindow: DEBUG_ALIENSCREEN:getRotation mRotation=0
12-19 18:26:11.302  8788  8788 I TouchMotionHandler: handler onAttached
12-19 18:26:11.644  8788  8788 I SurfaceView: updateSystemUiVisibility, blackBackground = false, viewVisibility = 0, appBounds = Rect(0, 0 - 1080, 2160), mScreenRect = Rect(0, -10 - 1080, 1910), surface = com.ysdq.video.widget.SurfaceRenderView{1543f42 V.E...... ........ 0,-10-1080,1910}
12-19 18:26:11.885  1803  1803 I chatty  : uid=1000 system_server expire 1 line
12-19 18:26:11.895  8788  8788 I SurfaceView: updateSystemUiVisibility, blackBackground = false, viewVisibility = 0, appBounds = Rect(0, 0 - 1080, 2160), mScreenRect = Rect(0, 0 - 1080, 1884), surface = com.ysdq.video.widget.SurfaceRenderView{423bc5e V.E...... ......ID 0,0-1080,1884}
12-19 18:26:12.147  8788  8788 I SurfaceView: updateSystemUiVisibility, blackBackground = false, viewVisibility = 0, appBounds = Rect(0, 0 - 1080, 2160), mScreenRect = Rect(0, -18 - 1080, 1902), surface = com.ysdq.video.widget.SurfaceRenderView{423bc5e V.E...... ......ID 0,-18-1080,1902}
12-19 18:26:13.441  1072  1072 E wificond: vivo add tx_good 531237 tx_bad 35 rx_good 1278566 tx_retry 70768
12-19 18:26:16.261  1803  2594 I chatty  : uid=1000(system) Binder:1803_A expire 16 lines
12-19 18:26:16.267  1803  5199 I chatty  : uid=1000(system) Binder:1803_17 expire 25 lines
12-19 18:26:16.459  1072  1072 E wificond: vivo add tx_good 531250 tx_bad 35 rx_good 1278583 tx_retry 70770
12-19 18:26:16.505  1803  1920 I chatty  : uid=1000(system) android.ui expire 161 lines
12-19 18:26:17.600  1803  4348 I chatty  : uid=1000(system) Binder:1803_14 expire 13 lines
12-19 18:26:19.231  1803  1919 I chatty  : uid=1000(system) ActivityManager expire 4 lines
12-19 18:26:19.322  1803  4299 I chatty  : uid=1000(system) Binder:1803_12 expire 6 lines
12-19 18:26:19.465  1072  1072 E wificond: vivo add tx_good 531268 tx_bad 35 rx_good 1278601 tx_retry 70773
12-19 18:26:19.616  1803  2119 I chatty  : uid=1000(system) NetdConnector expire 3 lines
12-19 18:26:19.619  1803  2120 I chatty  : uid=1000(system) NetworkStats expire 4 lines
12-19 18:26:20.179  1803  1858 I chatty  : uid=1000(system) Binder:1803_2 expire 13 lines
12-19 18:26:22.484  1072  1072 E wificond: vivo add tx_good 531306 tx_bad 35 rx_good 1278668 tx_retry 70777
12-19 18:26:23.338  1803  1977 I chatty  : uid=1000(system) android.fg expire 8 lines
12-19 18:26:24.991  1803  2627 I chatty  : uid=1000(system) Binder:1803_C expire 5 lines
12-19 18:26:25.491  1072  1072 E wificond: vivo add tx_good 531309 tx_bad 35 rx_good 1278691 tx_retry 70779
12-19 18:26:25.641  1803  4299 I chatty  : uid=1000(system) Binder:1803_12 expire 25 lines
12-19 18:26:25.719  1803  1920 I chatty  : uid=1000(system) android.ui expire 94 lines
12-19 18:26:25.881  1803  5199 I chatty  : uid=1000(system) Binder:1803_17 expire 7 lines
12-19 18:26:25.891  1803  2594 I chatty  : uid=1000(system) Binder:1803_A expire 22 lines
12-19 18:26:26.350  1803  4293 I chatty  : uid=1000(system) Binder:1803_11 expire 12 lines
12-19 18:26:26.375  1803  2212 I chatty  : uid=1000(system) AutobacklightTh expire 5 lines
12-19 18:26:26.705  1803  2119 I chatty  : uid=1000(system) NetdConnector expire 5 lines
12-19 18:26:26.709  1803  2120 I chatty  : uid=1000(system) NetworkStats expire 4 lines
12-19 18:26:28.506  1072  1072 E wificond: vivo add tx_good 531480 tx_bad 35 rx_good 1279280 tx_retry 70814
12-19 18:26:29.189  1803  1919 I chatty  : uid=1000(system) ActivityManager expire 22 lines
12-19 18:26:29.434 11224 11224 E ActivityThread: Failed to find provider info for com.vivo.settings.settingspublicprovider
12-19 18:26:29.452 11224 11224 I chatty  : uid=10080(com.vivo.safecenter) identical 4 lines
12-19 18:26:29.453 11224 11224 E ActivityThread: Failed to find provider info for com.vivo.settings.settingspublicprovider
12-19 18:26:29.586  1803  4305 I chatty  : uid=1000(system) Binder:1803_13 expire 1 line
12-19 18:26:29.587  1803  2132 I chatty  : uid=1000(system) ConnectivitySer expire 31 lines
12-19 18:26:31.006  8788  8788 I TouchMotionHandler: start ContentCatcher
12-19 18:26:31.155 11286 11303 E ActivityThread: Failed to find provider info for com.vivo.settings.labelCache
12-19 18:26:31.191 11286 11303 W ContextImpl: Calling a method in the system process without a qualified user: android.app.ContextImpl.startService:1496 android.content.ContextWrapper.startService:657 com.vivo.contentcatcher.dc.c3.g:39 com.vivo.contentcatcher.dc.c3$a.run:184 android.os.Handler.handleCallback:790 
12-19 18:26:31.516  1072  1072 E wificond: vivo add tx_good 531492 tx_bad 35 rx_good 1279298 tx_retry 70815
12-19 18:26:33.118  1803  2113 I chatty  : uid=1000(system) InputDispatcher expire 12 lines
12-19 18:26:33.204  1803  1987 I chatty  : uid=1000(system) WakelockControl expire 2 lines
12-19 18:26:33.216  1803  2595 I chatty  : uid=1000(system) Binder:1803_B expire 5 lines
12-19 18:26:33.293  8788  8788 I SurfaceView: updateSystemUiVisibility, blackBackground = false, viewVisibility = 0, appBounds = Rect(0, 0 - 1080, 2160), mScreenRect = Rect(0, -18 - 1080, 1902), surface = com.ysdq.video.widget.SurfaceRenderView{423bc5e V.E...... ........ 0,-18-1080,1902}
12-19 18:26:33.303  8425  8425 W ViewRootImpl[Launcher]: Dropping event due to no window focus: KeyEvent { action=ACTION_DOWN, keyCode=KEYCODE_BACK, scanCode=0, metaState=0, flags=0x8, repeatCount=0, eventTime=10781502, downTime=10781502, deviceId=-1, source=0x101 }
12-19 18:26:33.320  1803  1803 I chatty  : uid=1000 system_server expire 5 lines
12-19 18:26:33.379  1803  1979 I chatty  : uid=1000(system) android.display expire 1 line
12-19 18:26:33.659  1803  2163 I chatty  : uid=1000(system) VivoPermission expire 1 line
12-19 18:26:33.673  1803  1978 I chatty  : uid=1000(system) android.io expire 1 line
12-19 18:26:33.683  1803  2132 I chatty  : uid=1000(system) ConnectivitySer expire 91 lines
12-19 18:26:33.708  1803  1920 I chatty  : uid=1000(system) android.ui expire 56 lines
12-19 18:26:33.740  1803  2594 I chatty  : uid=1000(system) Binder:1803_A expire 9 lines
12-19 18:26:33.764  8788  8788 I SurfaceView: updateSystemUiVisibility, blackBackground = false, viewVisibility = 0, appBounds = Rect(0, 0 - 1080, 2160), mScreenRect = Rect(0, -18 - 1080, 1902), surface = com.ysdq.video.widget.SurfaceRenderView{423bc5e V.E...... ........ 0,-18-1080,1902}
12-19 18:26:33.800  1803  4293 I chatty  : uid=1000(system) Binder:1803_11 expire 5 lines
12-19 18:26:33.849  1803  1979 I chatty  : uid=1000(system) android.display expire 2 lines
12-19 18:26:33.849  1803  1803 I chatty  : uid=1000 system_server expire 20 lines
12-19 18:26:33.868  1803  2627 I chatty  : uid=1000(system) Binder:1803_C expire 9 lines
12-19 18:26:33.910  1803  2595 I chatty  : uid=1000(system) Binder:1803_B expire 4 lines
12-19 18:26:34.029  1803  1919 I chatty  : uid=1000(system) ActivityManager expire 3 lines
12-19 18:26:34.432  1803  2119 I chatty  : uid=1000(system) NetdConnector expire 13 lines
12-19 18:26:34.436  1803  2120 I chatty  : uid=1000(system) NetworkStats expire 17 lines
12-19 18:26:34.521  1072  1072 E wificond: vivo add tx_good 531741 tx_bad 35 rx_good 1279990 tx_retry 70839
12-19 18:26:35.702  1072  1072 I wificond: Enters wifigbk_ageOutHistory
12-19 18:26:35.706  1072  1072 I wificond: Enters wifigbk_ageOutHistory
12-19 18:26:36.455  1803  2099 I chatty  : uid=1000(system) AlarmManager expire 2 lines
12-19 18:26:37.539  1072  1072 E wificond: vivo add tx_good 531758 tx_bad 35 rx_good 1280018 tx_retry 70841
12-19 18:26:39.696  1803  1857 I chatty  : uid=1000(system) Binder:1803_1 expire 14 lines
12-19 18:26:40.556  1072  1072 E wificond: vivo add tx_good 532001 tx_bad 35 rx_good 1280589 tx_retry 70866
12-19 18:26:43.583  1072  1072 E wificond: vivo add tx_good 532014 tx_bad 35 rx_good 1280614 tx_retry 70868
12-19 18:26:46.588  1072  1072 E wificond: vivo add tx_good 532071 tx_bad 35 rx_good 1280666 tx_retry 70877
12-19 18:26:49.608  1072  1072 E wificond: vivo add tx_good 532079 tx_bad 35 rx_good 1280678 tx_retry 70879
12-19 18:26:52.481  1803  1936 I chatty  : uid=1000(system) batterystats-wo expire 1 line
12-19 18:26:52.626  1072  1072 E wificond: vivo add tx_good 532242 tx_bad 35 rx_good 1281155 tx_retry 70915
12-19 18:26:55.642  1072  1072 E wificond: vivo add tx_good 532250 tx_bad 35 rx_good 1281183 tx_retry 70916
12-19 18:26:58.651  1072  1072 E wificond: vivo add tx_good 532263 tx_bad 35 rx_good 1281203 tx_retry 70919
12-19 18:27:01.667  1072  1072 E wificond: vivo add tx_good 532287 tx_bad 35 rx_good 1281230 tx_retry 70923
12-19 18:27:03.629  1803  4299 I chatty  : uid=1000(system) Binder:1803_12 expire 3 lines
12-19 18:27:04.545  1803  5214 I chatty  : uid=1000(system) Binder:1803_1E expire 3 lines
12-19 18:27:04.672  1072  1072 E wificond: vivo add tx_good 532510 tx_bad 35 rx_good 1281817 tx_retry 70946
12-19 18:27:07.679  1072  1072 E wificond: vivo add tx_good 532538 tx_bad 35 rx_good 1281875 tx_retry 70952
12-19 18:27:10.696  1072  1072 E wificond: vivo add tx_good 532577 tx_bad 35 rx_good 1281945 tx_retry 70959
12-19 18:27:13.718  1072  1072 E wificond: vivo add tx_good 532582 tx_bad 35 rx_good 1281954 tx_retry 70959
12-19 18:27:16.514  1803  1977 I chatty  : uid=1000(system) android.fg expire 57 lines
12-19 18:27:16.725  1072  1072 E wificond: vivo add tx_good 532588 tx_bad 35 rx_good 1281966 tx_retry 70962
12-19 18:27:17.476  1803  2119 I chatty  : uid=1000(system) NetdConnector expire 50 lines
12-19 18:27:17.477  1803  2120 I chatty  : uid=1000(system) NetworkStats expire 67 lines
12-19 18:27:19.737  1072  1072 E wificond: vivo add tx_good 532596 tx_bad 35 rx_good 1281978 tx_retry 70964
12-19 18:27:22.753  1072  1072 E wificond: vivo add tx_good 532598 tx_bad 35 rx_good 1281991 tx_retry 70964
12-19 18:27:24.951  1803  2595 I chatty  : uid=1000(system) Binder:1803_B expire 8 lines
12-19 18:27:25.766  1072  1072 E wificond: vivo add tx_good 532598 tx_bad 35 rx_good 1281996 tx_retry 70964
12-19 18:27:28.783  1072  1072 E wificond: vivo add tx_good 532604 tx_bad 35 rx_good 1282006 tx_retry 70964
12-19 18:27:31.805  1072  1072 E wificond: vivo add tx_good 532604 tx_bad 35 rx_good 1282010 tx_retry 70964
12-19 18:27:34.823  1072  1072 E wificond: vivo add tx_good 532604 tx_bad 35 rx_good 1282015 tx_retry 70964
12-19 18:27:37.848  1072  1072 E wificond: vivo add tx_good 532617 tx_bad 35 rx_good 1282042 tx_retry 70969
12-19 18:27:40.870  1072  1072 E wificond: vivo add tx_good 532617 tx_bad 35 rx_good 1282050 tx_retry 70969
12-19 18:27:43.892  1072  1072 E wificond: vivo add tx_good 532619 tx_bad 35 rx_good 1282059 tx_retry 70969
12-19 18:27:45.623  1803  2594 I chatty  : uid=1000(system) Binder:1803_A expire 1 line
12-19 18:27:46.481  1803  4299 I chatty  : uid=1000(system) Binder:1803_12 expire 9 lines
12-19 18:27:46.557  1803  1857 I chatty  : uid=1000(system) Binder:1803_1 expire 1 line
12-19 18:27:46.568  1803  5214 I chatty  : uid=1000(system) Binder:1803_1E expire 6 lines
12-19 18:27:46.582  1803  4293 I chatty  : uid=1000(system) Binder:1803_11 expire 8 lines
12-19 18:27:46.594  1803  1858 I chatty  : uid=1000(system) Binder:1803_2 expire 6 lines
12-19 18:27:46.773  8788  8788 I SurfaceView: updateSystemUiVisibility, blackBackground = false, viewVisibility = 0, appBounds = Rect(0, 0 - 1080, 2160), mScreenRect = Rect(0, -19 - 1080, 1901), surface = com.ysdq.video.widget.SurfaceRenderView{423bc5e V.E...... ........ 0,-18-1080,1902}
12-19 18:27:46.887  8788  8788 I SurfaceView: updateSystemUiVisibility, blackBackground = false, viewVisibility = 0, appBounds = Rect(0, 0 - 1080, 2160), mScreenRect = Rect(0, -19 - 1080, 1901), surface = com.ysdq.video.widget.SurfaceRenderView{423bc5e V.E...... ........ 0,-18-1080,1902}
12-19 18:27:46.900  1072  1072 E wificond: vivo add tx_good 532640 tx_bad 35 rx_good 1282083 tx_retry 70972
12-19 18:27:47.285  8788  8788 I SurfaceView: updateSystemUiVisibility, blackBackground = false, viewVisibility = 0, appBounds = Rect(0, 0 - 1080, 2160), mScreenRect = Rect(0, 0 - 1080, 1884), surface = com.ysdq.video.widget.SurfaceRenderView{be9c475 V.E...... ......ID 0,0-1080,1884}
12-19 18:27:47.539  1803  2216 I chatty  : uid=1000(system) AntiMisoperatio expire 3 lines
12-19 18:27:47.550  8788  8788 I SurfaceView: updateSystemUiVisibility, blackBackground = false, viewVisibility = 0, appBounds = Rect(0, 0 - 1080, 2160), mScreenRect = Rect(0, -18 - 1080, 1902), surface = com.ysdq.video.widget.SurfaceRenderView{be9c475 V.E...... ......ID 0,-18-1080,1902}
12-19 18:27:49.907  1072  1072 E wificond: vivo add tx_good 533696 tx_bad 35 rx_good 1284807 tx_retry 71072
12-19 18:27:52.923  1072  1072 E wificond: vivo add tx_good 534117 tx_bad 35 rx_good 1286567 tx_retry 71147
12-19 18:27:55.941  1072  1072 E wificond: vivo add tx_good 534387 tx_bad 35 rx_good 1287425 tx_retry 71191
12-19 18:27:58.956  1072  1072 E wificond: vivo add tx_good 534427 tx_bad 35 rx_good 1287483 tx_retry 71201
12-19 18:28:01.974  1072  1072 E wificond: vivo add tx_good 534539 tx_bad 35 rx_good 1287874 tx_retry 71211
12-19 18:28:04.990  1072  1072 E wificond: vivo add tx_good 534553 tx_bad 35 rx_good 1287903 tx_retry 71211
12-19 18:28:08.006  1072  1072 E wificond: vivo add tx_good 534558 tx_bad 35 rx_good 1287925 tx_retry 71211
12-19 18:28:11.026  1072  1072 E wificond: vivo add tx_good 534559 tx_bad 35 rx_good 1287928 tx_retry 71211
12-19 18:28:14.043  1072  1072 E wificond: vivo add tx_good 534564 tx_bad 35 rx_good 1287934 tx_retry 71212
12-19 18:28:17.067  1072  1072 E wificond: vivo add tx_good 534566 tx_bad 35 rx_good 1287940 tx_retry 71212
12-19 18:28:20.088  1072  1072 E wificond: vivo add tx_good 534568 tx_bad 35 rx_good 1287945 tx_retry 71212
12-19 18:28:23.108  1072  1072 E wificond: vivo add tx_good 534570 tx_bad 35 rx_good 1287971 tx_retry 71213
12-19 18:28:26.127  1072  1072 E wificond: vivo add tx_good 534570 tx_bad 35 rx_good 1287974 tx_retry 71213
12-19 18:28:29.149  1072  1072 E wificond: vivo add tx_good 534570 tx_bad 35 rx_good 1287976 tx_retry 71213
12-19 18:28:32.167  1072  1072 E wificond: vivo add tx_good 534570 tx_bad 35 rx_good 1287977 tx_retry 71213
12-19 18:28:35.192  1072  1072 E wificond: vivo add tx_good 534573 tx_bad 35 rx_good 1287991 tx_retry 71215
12-19 18:28:38.209  1072  1072 E wificond: vivo add tx_good 534573 tx_bad 35 rx_good 1288009 tx_retry 71215
12-19 18:28:41.233  1072  1072 E wificond: vivo add tx_good 534574 tx_bad 35 rx_good 1288014 tx_retry 71215
12-19 18:28:44.247  1072  1072 E wificond: vivo add tx_good 534574 tx_bad 35 rx_good 1288017 tx_retry 71215
12-19 18:28:45.894  1803  5199 I chatty  : uid=1000(system) Binder:1803_17 expire 6 lines
12-19 18:28:46.079  8788  8788 I SurfaceView: updateSystemUiVisibility, blackBackground = false, viewVisibility = 0, appBounds = Rect(0, 0 - 1080, 2160), mScreenRect = Rect(0, -219 - 1080, 1701), surface = com.ysdq.video.widget.SurfaceRenderView{be9c475 V.E...... ........ 0,-18-1080,1902}
12-19 18:28:46.097  8788  8788 I SurfaceView: updateSystemUiVisibility, blackBackground = false, viewVisibility = 0, appBounds = Rect(0, 0 - 1080, 2160), mScreenRect = Rect(0, -421 - 1080, 1499), surface = com.ysdq.video.widget.SurfaceRenderView{be9c475 V.E...... ........ 0,-18-1080,1902}
12-19 18:28:46.105  8788  8788 I SurfaceView: updateSystemUiVisibility, blackBackground = false, viewVisibility = 0, appBounds = Rect(0, 0 - 1080, 2160), mScreenRect = Rect(0, -611 - 1080, 1309), surface = com.ysdq.video.widget.SurfaceRenderView{be9c475 V.E...... ........ 0,-18-1080,1902}
12-19 18:28:46.123  8788  8788 I SurfaceView: updateSystemUiVisibility, blackBackground = false, viewVisibility = 0, appBounds = Rect(0, 0 - 1080, 2160), mScreenRect = Rect(0, -779 - 1080, 1141), surface = com.ysdq.video.widget.SurfaceRenderView{be9c475 V.E...... ........ 0,-18-1080,1902}
12-19 18:28:46.140  8788  8788 I SurfaceView: updateSystemUiVisibility, blackBackground = false, viewVisibility = 0, appBounds = Rect(0, 0 - 1080, 2160), mScreenRect = Rect(0, -946 - 1080, 974), surface = com.ysdq.video.widget.SurfaceRenderView{be9c475 V.E...... ........ 0,-18-1080,1902}
12-19 18:28:46.156  8788  8788 I SurfaceView: updateSystemUiVisibility, blackBackground = false, viewVisibility = 0, appBounds = Rect(0, 0 - 1080, 2160), mScreenRect = Rect(0, -1093 - 1080, 827), surface = com.ysdq.video.widget.SurfaceRenderView{be9c475 V.E...... ........ 0,-18-1080,1902}
12-19 18:28:46.173  8788  8788 I SurfaceView: updateSystemUiVisibility, blackBackground = false, viewVisibility = 0, appBounds = Rect(0, 0 - 1080, 2160), mScreenRect = Rect(0, -1237 - 1080, 683), surface = com.ysdq.video.widget.SurfaceRenderView{be9c475 V.E...... ........ 0,-18-1080,1902}
12-19 18:28:46.189  8788  8788 I SurfaceView: updateSystemUiVisibility, blackBackground = false, viewVisibility = 0, appBounds = Rect(0, 0 - 1080, 2160), mScreenRect = Rect(0, -1362 - 1080, 558), surface = com.ysdq.video.widget.SurfaceRenderView{be9c475 V.E...... ........ 0,-18-1080,1902}
12-19 18:28:46.207  8788  8788 I SurfaceView: updateSystemUiVisibility, blackBackground = false, viewVisibility = 0, appBounds = Rect(0, 0 - 1080, 2160), mScreenRect = Rect(0, -1484 - 1080, 436), surface = com.ysdq.video.widget.SurfaceRenderView{be9c475 V.E...... ........ 0,-18-1080,1902}
12-19 18:28:46.223  8788  8788 I SurfaceView: updateSystemUiVisibility, blackBackground = false, viewVisibility = 0, appBounds = Rect(0, 0 - 1080, 2160), mScreenRect = Rect(0, -1594 - 1080, 326), surface = com.ysdq.video.widget.SurfaceRenderView{be9c475 V.E...... ........ 0,-18-1080,1902}
12-19 18:28:46.239  8788  8788 I SurfaceView: updateSystemUiVisibility, blackBackground = false, viewVisibility = 0, appBounds = Rect(0, 0 - 1080, 2160), mScreenRect = Rect(0, -1686 - 1080, 234), surface = com.ysdq.video.widget.SurfaceRenderView{be9c475 V.E...... ........ 0,-18-1080,1902}
12-19 18:28:46.256  8788  8788 I SurfaceView: updateSystemUiVisibility, blackBackground = false, viewVisibility = 0, appBounds = Rect(0, 0 - 1080, 2160), mScreenRect = Rect(0, -1773 - 1080, 147), surface = com.ysdq.video.widget.SurfaceRenderView{be9c475 V.E...... ........ 0,-18-1080,1902}
12-19 18:28:46.272  8788  8788 I SurfaceView: updateSystemUiVisibility, blackBackground = false, viewVisibility = 0, appBounds = Rect(0, 0 - 1080, 2160), mScreenRect = Rect(0, -1848 - 1080, 72), surface = com.ysdq.video.widget.SurfaceRenderView{be9c475 V.E...... ........ 0,-18-1080,1902}
12-19 18:28:46.289  8788  8788 I SurfaceView: updateSystemUiVisibility, blackBackground = false, viewVisibility = 0, appBounds = Rect(0, 0 - 1080, 2160), mScreenRect = Rect(0, -1908 - 1080, 12), surface = com.ysdq.video.widget.SurfaceRenderView{be9c475 V.E...... ........ 0,-18-1080,1902}
12-19 18:28:46.306  8788  8788 I SurfaceView: updateSystemUiVisibility, blackBackground = false, viewVisibility = 0, appBounds = Rect(0, 0 - 1080, 2160), mScreenRect = Rect(0, -1961 - 1080, -41), surface = com.ysdq.video.widget.SurfaceRenderView{be9c475 V.E...... ........ 0,-18-1080,1902}
12-19 18:28:46.322  8788  8788 I SurfaceView: updateSystemUiVisibility, blackBackground = false, viewVisibility = 0, appBounds = Rect(0, 0 - 1080, 2160), mScreenRect = Rect(0, -1999 - 1080, -79), surface = com.ysdq.video.widget.SurfaceRenderView{be9c475 V.E...... ........ 0,-18-1080,1902}
12-19 18:28:46.339  8788  8788 I SurfaceView: updateSystemUiVisibility, blackBackground = false, viewVisibility = 0, appBounds = Rect(0, 0 - 1080, 2160), mScreenRect = Rect(0, -2028 - 1080, -108), surface = com.ysdq.video.widget.SurfaceRenderView{be9c475 V.E...... ........ 0,-18-1080,1902}
12-19 18:28:46.643  8788  8788 I SurfaceView: updateSystemUiVisibility, blackBackground = false, viewVisibility = 0, appBounds = Rect(0, 0 - 1080, 2160), mScreenRect = Rect(0, -2028 - 1080, -108), surface = com.ysdq.video.widget.SurfaceRenderView{be9c475 V.E...... ........ 0,-18-1080,1902}
12-19 18:28:47.001  8788  8788 I SurfaceView: updateSystemUiVisibility, blackBackground = false, viewVisibility = 0, appBounds = Rect(0, 0 - 1080, 2160), mScreenRect = Rect(0, 0 - 1080, 1884), surface = com.ysdq.video.widget.SurfaceRenderView{80dca79 V.E...... ......ID 0,0-1080,1884}
12-19 18:28:47.250  8788  8788 I SurfaceView: updateSystemUiVisibility, blackBackground = false, viewVisibility = 0, appBounds = Rect(0, 0 - 1080, 2160), mScreenRect = Rect(0, -18 - 1080, 1902), surface = com.ysdq.video.widget.SurfaceRenderView{80dca79 V.E...... ......ID 0,-18-1080,1902}
12-19 18:28:47.261  1072  1072 E wificond: vivo add tx_good 535048 tx_bad 35 rx_good 1289482 tx_retry 71315
12-19 18:28:48.696  1803  1936 I chatty  : uid=1000(system) batterystats-wo expire 1 line
12-19 18:28:50.271  1072  1072 E wificond: vivo add tx_good 535601 tx_bad 35 rx_good 1291356 tx_retry 71404
12-19 18:28:53.279  1072  1072 E wificond: vivo add tx_good 535798 tx_bad 35 rx_good 1292021 tx_retry 71422
12-19 18:28:56.296  1072  1072 E wificond: vivo add tx_good 535949 tx_bad 35 rx_good 1292640 tx_retry 71433
12-19 18:28:58.345  1803  2212 I chatty  : uid=1000(system) AutobacklightTh expire 2 lines
12-19 18:28:58.356  1803  1803 I chatty  : uid=1000 system_server expire 4 lines
12-19 18:28:58.357  1803  1919 I chatty  : uid=1000(system) ActivityManager expire 1 line
12-19 18:28:58.393  1803  2627 I chatty  : uid=1000(system) Binder:1803_C expire 1 line
12-19 18:28:58.395  1803  2132 I chatty  : uid=1000(system) ConnectivitySer expire 2 lines
12-19 18:28:59.310  1072  1072 E wificond: vivo add tx_good 535974 tx_bad 35 rx_good 1292660 tx_retry 71436
12-19 18:29:02.326  1072  1072 E wificond: vivo add tx_good 535975 tx_bad 35 rx_good 1292664 tx_retry 71436
12-19 18:29:05.339  1072  1072 E wificond: vivo add tx_good 536168 tx_bad 35 rx_good 1293080 tx_retry 71452
12-19 18:29:08.356  1072  1072 E wificond: vivo add tx_good 536168 tx_bad 35 rx_good 1293083 tx_retry 71452
12-19 18:29:11.373  1072  1072 E wificond: vivo add tx_good 536169 tx_bad 35 rx_good 1293100 tx_retry 71452
12-19 18:29:14.390  1072  1072 E wificond: vivo add tx_good 536169 tx_bad 35 rx_good 1293101 tx_retry 71452
12-19 18:29:17.409  1072  1072 E wificond: vivo add tx_good 536287 tx_bad 35 rx_good 1293553 tx_retry 71468
12-19 18:29:20.429  1072  1072 E wificond: vivo add tx_good 536287 tx_bad 35 rx_good 1293553 tx_retry 71468
12-19 18:29:23.447  1072  1072 E wificond: vivo add tx_good 536289 tx_bad 35 rx_good 1293558 tx_retry 71468
12-19 18:29:24.956  1803  5207 I chatty  : uid=1000(system) Binder:1803_1A expire 1 line
12-19 18:29:26.464  1072  1072 E wificond: vivo add tx_good 536443 tx_bad 35 rx_good 1294061 tx_retry 71482
12-19 18:29:28.244  1803  5212 I chatty  : uid=1000(system) Binder:1803_1C expire 7 lines
12-19 18:29:29.482  1072  1072 E wificond: vivo add tx_good 536443 tx_bad 35 rx_good 1294063 tx_retry 71482
12-19 18:29:29.848  1803  5196 I chatty  : uid=1000(system) Binder:1803_15 expire 2 lines
12-19 18:29:29.870  1803  2629 I chatty  : uid=1000(system) Binder:1803_D expire 4 lines
12-19 18:29:29.887  1803  2147 I chatty  : uid=1000(system) Binder:1803_3 expire 3 lines
12-19 18:29:29.899  1803  2564 I chatty  : uid=1000(system) Binder:1803_9 expire 9 lines
12-19 18:29:29.915  1803 11696 I chatty  : uid=1000(system) Binder:1803_20 expire 17 lines
12-19 18:29:32.500  1072  1072 E wificond: vivo add tx_good 536443 tx_bad 35 rx_good 1294066 tx_retry 71482
12-19 18:29:35.511  1072  1072 E wificond: vivo add tx_good 536470 tx_bad 35 rx_good 1294120 tx_retry 71487
12-19 18:29:38.529  1072  1072 E wificond: vivo add tx_good 536470 tx_bad 35 rx_good 1294132 tx_retry 71487
12-19 18:29:41.549  1072  1072 E wificond: vivo add tx_good 536470 tx_bad 35 rx_good 1294150 tx_retry 71487
12-19 18:29:44.566  1072  1072 E wificond: vivo add tx_good 536470 tx_bad 35 rx_good 1294155 tx_retry 71487
12-19 18:29:47.572  1072  1072 E wificond: vivo add tx_good 536495 tx_bad 35 rx_good 1294182 tx_retry 71495
12-19 18:29:50.579  1072  1072 E wificond: vivo add tx_good 536497 tx_bad 35 rx_good 1294185 tx_retry 71496
12-19 18:29:51.445 11429 11607 E ActivityThread: Failed to find provider info for moe.fuqiuluo.xqbot.provider
12-19 18:29:51.517 11429 11607 E ActivityThread: Failed to find provider info for moe.fuqiuluo.xqbot.provider
12-19 18:29:53.594  1072  1072 E wificond: vivo add tx_good 536503 tx_bad 35 rx_good 1294198 tx_retry 71499
12-19 18:29:56.608  1072  1072 E wificond: vivo add tx_good 536530 tx_bad 35 rx_good 1294235 tx_retry 71509
12-19 18:29:59.621  1072  1072 E wificond: vivo add tx_good 536533 tx_bad 35 rx_good 1294241 tx_retry 71509
12-19 18:30:02.642  1072  1072 E wificond: vivo add tx_good 536533 tx_bad 35 rx_good 1294248 tx_retry 71509
12-19 18:30:05.648  1072  1072 E wificond: vivo add tx_good 536534 tx_bad 35 rx_good 1294256 tx_retry 71510
12-19 18:30:08.668  1072  1072 E wificond: vivo add tx_good 536534 tx_bad 35 rx_good 1294264 tx_retry 71510
12-19 18:30:09.147  8788  8788 I SurfaceView: updateSystemUiVisibility, blackBackground = false, viewVisibility = 0, appBounds = Rect(0, 0 - 1080, 2160), mScreenRect = Rect(0, -1594 - 1080, 326), surface = com.ysdq.video.widget.SurfaceRenderView{80dca79 V.E...... ........ 0,-18-1080,1902}
12-19 18:30:09.389  8788  8788 I SurfaceView: updateSystemUiVisibility, blackBackground = false, viewVisibility = 0, appBounds = Rect(0, 0 - 1080, 2160), mScreenRect = Rect(0, -1594 - 1080, 326), surface = com.ysdq.video.widget.SurfaceRenderView{80dca79 V.E...... ........ 0,-18-1080,1902}
12-19 18:30:09.929  8788  8788 I SurfaceView: updateSystemUiVisibility, blackBackground = false, viewVisibility = 0, appBounds = Rect(0, 0 - 1080, 2160), mScreenRect = Rect(0, 0 - 1080, 1884), surface = com.ysdq.video.widget.SurfaceRenderView{b846ed8 V.E...... ......ID 0,0-1080,1884}
12-19 18:30:11.677  1072  1072 E wificond: vivo add tx_good 537452 tx_bad 35 rx_good 1297124 tx_retry 71635
12-19 18:30:14.696  1072  1072 E wificond: vivo add tx_good 537636 tx_bad 35 rx_good 1297829 tx_retry 71670
12-19 18:30:17.713  1072  1072 E wificond: vivo add tx_good 537893 tx_bad 35 rx_good 1298958 tx_retry 71704
12-19 18:30:20.727  1072  1072 E wificond: vivo add tx_good 537894 tx_bad 35 rx_good 1298962 tx_retry 71704
12-19 18:30:21.850  1803  2564 I chatty  : uid=1000(system) Binder:1803_9 expire 11 lines
12-19 18:30:21.862  1803  2147 I chatty  : uid=1000(system) Binder:1803_3 expire 12 lines
12-19 18:30:21.864  1803  1977 I chatty  : uid=1000(system) android.fg expire 89 lines
12-19 18:30:21.908  1803  5212 I chatty  : uid=1000(system) Binder:1803_1C expire 16 lines
12-19 18:30:21.944  1803  5196 I chatty  : uid=1000(system) Binder:1803_15 expire 12 lines
12-19 18:30:23.284  1803  2629 I chatty  : uid=1000(system) Binder:1803_D expire 17 lines
12-19 18:30:23.744  1072  1072 E wificond: vivo add tx_good 537905 tx_bad 35 rx_good 1298979 tx_retry 71706
12-19 18:30:26.761  1072  1072 E wificond: vivo add tx_good 537907 tx_bad 35 rx_good 1298999 tx_retry 71706
12-19 18:30:27.435  1803  2119 I chatty  : uid=1000(system) NetdConnector expire 27 lines
12-19 18:30:27.438  1803  2120 I chatty  : uid=1000(system) NetworkStats expire 36 lines
12-19 18:30:29.772  1072  1072 E wificond: vivo add tx_good 538313 tx_bad 35 rx_good 1299836 tx_retry 71765
12-19 18:30:32.782  1072  1072 E wificond: vivo add tx_good 538541 tx_bad 35 rx_good 1299969 tx_retry 71787
12-19 18:30:35.800  1072  1072 E wificond: vivo add tx_good 538579 tx_bad 35 rx_good 1299987 tx_retry 71794
12-19 18:30:38.819  1072  1072 E wificond: vivo add tx_good 538732 tx_bad 35 rx_good 1300405 tx_retry 71807
12-19 18:30:41.840  1072  1072 E wificond: vivo add tx_good 538748 tx_bad 35 rx_good 1300443 tx_retry 71809
12-19 18:30:44.849  1072  1072 E wificond: vivo add tx_good 538789 tx_bad 35 rx_good 1300480 tx_retry 71820
12-19 18:30:47.863  1072  1072 E wificond: vivo add tx_good 538804 tx_bad 35 rx_good 1300496 tx_retry 71822
12-19 18:30:50.877  1072  1072 E wificond: vivo add tx_good 538813 tx_bad 35 rx_good 1300503 tx_retry 71824
12-19 18:30:53.887  1072  1072 E wificond: vivo add tx_good 538822 tx_bad 35 rx_good 1300525 tx_retry 71826
12-19 18:30:56.914  1072  1072 E wificond: vivo add tx_good 538837 tx_bad 35 rx_good 1300553 tx_retry 71835
12-19 18:30:59.930  1072  1072 E wificond: vivo add tx_good 538841 tx_bad 35 rx_good 1300558 tx_retry 71835
12-19 18:31:02.955  1072  1072 E wificond: vivo add tx_good 538845 tx_bad 35 rx_good 1300567 tx_retry 71836
12-19 18:31:05.978  1072  1072 E wificond: vivo add tx_good 538853 tx_bad 35 rx_good 1300575 tx_retry 71838
12-19 18:31:08.810  1803  2099 I chatty  : uid=1000(system) AlarmManager expire 3 lines
12-19 18:31:08.998  1072  1072 E wificond: vivo add tx_good 538860 tx_bad 35 rx_good 1300588 tx_retry 71839
12-19 18:31:12.016  1072  1072 E wificond: vivo add tx_good 538883 tx_bad 35 rx_good 1300644 tx_retry 71844
12-19 18:31:14.885  1803  5207 I chatty  : uid=1000(system) Binder:1803_1A expire 1 line
12-19 18:31:15.038  1072  1072 E wificond: vivo add tx_good 538889 tx_bad 35 rx_good 1300656 tx_retry 71844
12-19 18:31:18.060  1072  1072 E wificond: vivo add tx_good 538889 tx_bad 35 rx_good 1300659 tx_retry 71844
12-19 18:31:19.995  8788  8788 I SurfaceView: updateSystemUiVisibility, blackBackground = false, viewVisibility = 0, appBounds = Rect(0, 0 - 1080, 2160), mScreenRect = Rect(0, -946 - 1080, 974), surface = com.ysdq.video.widget.SurfaceRenderView{b846ed8 V.E...... ........ 0,-18-1080,1902}
12-19 18:31:20.018  8788  8788 I SurfaceView: updateSystemUiVisibility, blackBackground = false, viewVisibility = 0, appBounds = Rect(0, 0 - 1080, 2160), mScreenRect = Rect(0, -1237 - 1080, 683), surface = com.ysdq.video.widget.SurfaceRenderView{b846ed8 V.E...... ........ 0,-18-1080,1902}
12-19 18:31:20.032  8788  8788 I SurfaceView: updateSystemUiVisibility, blackBackground = false, viewVisibility = 0, appBounds = Rect(0, 0 - 1080, 2160), mScreenRect = Rect(0, -1362 - 1080, 558), surface = com.ysdq.video.widget.SurfaceRenderView{b846ed8 V.E...... ........ 0,-18-1080,1902}
12-19 18:31:20.049  8788  8788 I SurfaceView: updateSystemUiVisibility, blackBackground = false, viewVisibility = 0, appBounds = Rect(0, 0 - 1080, 2160), mScreenRect = Rect(0, -1484 - 1080, 436), surface = com.ysdq.video.widget.SurfaceRenderView{b846ed8 V.E...... ........ 0,-18-1080,1902}
12-19 18:31:20.065  8788  8788 I SurfaceView: updateSystemUiVisibility, blackBackground = false, viewVisibility = 0, appBounds = Rect(0, 0 - 1080, 2160), mScreenRect = Rect(0, -1588 - 1080, 332), surface = com.ysdq.video.widget.SurfaceRenderView{b846ed8 V.E...... ........ 0,-18-1080,1902}
12-19 18:31:20.082  8788  8788 I SurfaceView: updateSystemUiVisibility, blackBackground = false, viewVisibility = 0, appBounds = Rect(0, 0 - 1080, 2160), mScreenRect = Rect(0, -1686 - 1080, 234), surface = com.ysdq.video.widget.SurfaceRenderView{b846ed8 V.E...... ........ 0,-18-1080,1902}
12-19 18:31:20.098  8788  8788 I SurfaceView: updateSystemUiVisibility, blackBackground = false, viewVisibility = 0, appBounds = Rect(0, 0 - 1080, 2160), mScreenRect = Rect(0, -1768 - 1080, 152), surface = com.ysdq.video.widget.SurfaceRenderView{b846ed8 V.E...... ........ 0,-18-1080,1902}
12-19 18:31:20.116  8788  8788 I SurfaceView: updateSystemUiVisibility, blackBackground = false, viewVisibility = 0, appBounds = Rect(0, 0 - 1080, 2160), mScreenRect = Rect(0, -1844 - 1080, 76), surface = com.ysdq.video.widget.SurfaceRenderView{b846ed8 V.E...... ........ 0,-18-1080,1902}
12-19 18:31:20.131  8788  8788 I SurfaceView: updateSystemUiVisibility, blackBackground = false, viewVisibility = 0, appBounds = Rect(0, 0 - 1080, 2160), mScreenRect = Rect(0, -1905 - 1080, 15), surface = com.ysdq.video.widget.SurfaceRenderView{b846ed8 V.E...... ........ 0,-18-1080,1902}
12-19 18:31:20.152  8788  8788 I SurfaceView: updateSystemUiVisibility, blackBackground = false, viewVisibility = 0, appBounds = Rect(0, 0 - 1080, 2160), mScreenRect = Rect(0, -1958 - 1080, -38), surface = com.ysdq.video.widget.SurfaceRenderView{b846ed8 V.E...... ........ 0,-18-1080,1902}
12-19 18:31:20.166  8788  8788 I SurfaceView: updateSystemUiVisibility, blackBackground = false, viewVisibility = 0, appBounds = Rect(0, 0 - 1080, 2160), mScreenRect = Rect(0, -1999 - 1080, -79), surface = com.ysdq.video.widget.SurfaceRenderView{b846ed8 V.E...... ........ 0,-18-1080,1902}
